-- Install configuration: ""
-- Up-to-date: /home/vivaan/Documents/star_project_submissions/Week_0/ros2_ws/install/com2009_simulations/share/com2009_simulations/launch
-- Up-to-date: /home/vivaan/Documents/star_project_submissions/Week_0/ros2_ws/install/com2009_simulations/share/com2009_simulations/launch/task2.launch.py
-- Up-to-date: /home/vivaan/Documents/star_project_submissions/Week_0/ros2_ws/install/com2009_simulations/share/com2009_simulations/launch/arena.launch.py
-- Up-to-date: /home/vivaan/Documents/star_project_submissions/Week_0/ros2_ws/install/com2009_simulations/share/com2009_simulations/launch/task1.launch.py
-- Up-to-date: /home/vivaan/Documents/star_project_submissions/Week_0/ros2_ws/install/com2009_simulations/share/com2009_simulations/launch/task3.launch.py
-- Up-to-date: /home/vivaan/Documents/star_project_submissions/Week_0/ros2_ws/install/com2009_simulations/share/com2009_simulations/models
-- Up-to-date: /home/vivaan/Documents/star_project_submissions/Week_0/ros2_ws/install/com2009_simulations/share/com2009_simulations/models/task1
-- Up-to-date: /home/vivaan/Documents/star_project_submissions/Week_0/ros2_ws/install/com2009_simulations/share/com2009_simulations/models/task1/model.sdf
-- Up-to-date: /home/vivaan/Documents/star_project_submissions/Week_0/ros2_ws/install/com2009_simulations/share/com2009_simulations/models/task1/materials
-- Up-to-date: /home/vivaan/Documents/star_project_submissions/Week_0/ros2_ws/install/com2009_simulations/share/com2009_simulations/models/task1/materials/scripts
-- Up-to-date: /home/vivaan/Documents/star_project_submissions/Week_0/ros2_ws/install/com2009_simulations/share/com2009_simulations/models/task1/materials/scripts/floor.material
-- Up-to-date: /home/vivaan/Documents/star_project_submissions/Week_0/ros2_ws/install/com2009_simulations/share/com2009_simulations/models/task1/materials/textures
-- Up-to-date: /home/vivaan/Documents/star_project_submissions/Week_0/ros2_ws/install/com2009_simulations/share/com2009_simulations/models/task1/materials/textures/task1_floor.png
-- Up-to-date: /home/vivaan/Documents/star_project_submissions/Week_0/ros2_ws/install/com2009_simulations/share/com2009_simulations/models/task1/materials/textures/task1_floor.svg
-- Up-to-date: /home/vivaan/Documents/star_project_submissions/Week_0/ros2_ws/install/com2009_simulations/share/com2009_simulations/models/task1/model.config
-- Up-to-date: /home/vivaan/Documents/star_project_submissions/Week_0/ros2_ws/install/com2009_simulations/share/com2009_simulations/models/task3_room2
-- Up-to-date: /home/vivaan/Documents/star_project_submissions/Week_0/ros2_ws/install/com2009_simulations/share/com2009_simulations/models/task3_room2/model.sdf
-- Up-to-date: /home/vivaan/Documents/star_project_submissions/Week_0/ros2_ws/install/com2009_simulations/share/com2009_simulations/models/task3_room2/model.config
-- Up-to-date: /home/vivaan/Documents/star_project_submissions/Week_0/ros2_ws/install/com2009_simulations/share/com2009_simulations/models/task3_room3
-- Up-to-date: /home/vivaan/Documents/star_project_submissions/Week_0/ros2_ws/install/com2009_simulations/share/com2009_simulations/models/task3_room3/model.sdf
-- Up-to-date: /home/vivaan/Documents/star_project_submissions/Week_0/ros2_ws/install/com2009_simulations/share/com2009_simulations/models/task3_room3/model.config
-- Up-to-date: /home/vivaan/Documents/star_project_submissions/Week_0/ros2_ws/install/com2009_simulations/share/com2009_simulations/models/beacon_red
-- Up-to-date: /home/vivaan/Documents/star_project_submissions/Week_0/ros2_ws/install/com2009_simulations/share/com2009_simulations/models/beacon_red/model.sdf
-- Up-to-date: /home/vivaan/Documents/star_project_submissions/Week_0/ros2_ws/install/com2009_simulations/share/com2009_simulations/models/beacon_red/model.config
-- Up-to-date: /home/vivaan/Documents/star_project_submissions/Week_0/ros2_ws/install/com2009_simulations/share/com2009_simulations/models/task3_floor
-- Up-to-date: /home/vivaan/Documents/star_project_submissions/Week_0/ros2_ws/install/com2009_simulations/share/com2009_simulations/models/task3_floor/model.sdf
-- Up-to-date: /home/vivaan/Documents/star_project_submissions/Week_0/ros2_ws/install/com2009_simulations/share/com2009_simulations/models/task3_floor/materials
-- Up-to-date: /home/vivaan/Documents/star_project_submissions/Week_0/ros2_ws/install/com2009_simulations/share/com2009_simulations/models/task3_floor/materials/scripts
-- Up-to-date: /home/vivaan/Documents/star_project_submissions/Week_0/ros2_ws/install/com2009_simulations/share/com2009_simulations/models/task3_floor/materials/scripts/floor.material
-- Up-to-date: /home/vivaan/Documents/star_project_submissions/Week_0/ros2_ws/install/com2009_simulations/share/com2009_simulations/models/task3_floor/materials/textures
-- Up-to-date: /home/vivaan/Documents/star_project_submissions/Week_0/ros2_ws/install/com2009_simulations/share/com2009_simulations/models/task3_floor/materials/textures/task3_floor.svg
-- Up-to-date: /home/vivaan/Documents/star_project_submissions/Week_0/ros2_ws/install/com2009_simulations/share/com2009_simulations/models/task3_floor/materials/textures/task3_floor.png
-- Up-to-date: /home/vivaan/Documents/star_project_submissions/Week_0/ros2_ws/install/com2009_simulations/share/com2009_simulations/models/task3_floor/materials/textures/task3_floor_org.svg
-- Up-to-date: /home/vivaan/Documents/star_project_submissions/Week_0/ros2_ws/install/com2009_simulations/share/com2009_simulations/models/task3_floor/model.config
-- Up-to-date: /home/vivaan/Documents/star_project_submissions/Week_0/ros2_ws/install/com2009_simulations/share/com2009_simulations/models/beacon_green
-- Up-to-date: /home/vivaan/Documents/star_project_submissions/Week_0/ros2_ws/install/com2009_simulations/share/com2009_simulations/models/beacon_green/model.sdf
-- Up-to-date: /home/vivaan/Documents/star_project_submissions/Week_0/ros2_ws/install/com2009_simulations/share/com2009_simulations/models/beacon_green/model.config
-- Up-to-date: /home/vivaan/Documents/star_project_submissions/Week_0/ros2_ws/install/com2009_simulations/share/com2009_simulations/models/task2
-- Up-to-date: /home/vivaan/Documents/star_project_submissions/Week_0/ros2_ws/install/com2009_simulations/share/com2009_simulations/models/task2/model.sdf
-- Up-to-date: /home/vivaan/Documents/star_project_submissions/Week_0/ros2_ws/install/com2009_simulations/share/com2009_simulations/models/task2/materials
-- Up-to-date: /home/vivaan/Documents/star_project_submissions/Week_0/ros2_ws/install/com2009_simulations/share/com2009_simulations/models/task2/materials/scripts
-- Up-to-date: /home/vivaan/Documents/star_project_submissions/Week_0/ros2_ws/install/com2009_simulations/share/com2009_simulations/models/task2/materials/scripts/floor.material
-- Up-to-date: /home/vivaan/Documents/star_project_submissions/Week_0/ros2_ws/install/com2009_simulations/share/com2009_simulations/models/task2/materials/textures
-- Up-to-date: /home/vivaan/Documents/star_project_submissions/Week_0/ros2_ws/install/com2009_simulations/share/com2009_simulations/models/task2/materials/textures/task2_floor.svg
-- Up-to-date: /home/vivaan/Documents/star_project_submissions/Week_0/ros2_ws/install/com2009_simulations/share/com2009_simulations/models/task2/materials/textures/task2_floor.png
-- Up-to-date: /home/vivaan/Documents/star_project_submissions/Week_0/ros2_ws/install/com2009_simulations/share/com2009_simulations/models/task2/model.config
-- Up-to-date: /home/vivaan/Documents/star_project_submissions/Week_0/ros2_ws/install/com2009_simulations/share/com2009_simulations/models/task3_room1
-- Up-to-date: /home/vivaan/Documents/star_project_submissions/Week_0/ros2_ws/install/com2009_simulations/share/com2009_simulations/models/task3_room1/model.sdf
-- Up-to-date: /home/vivaan/Documents/star_project_submissions/Week_0/ros2_ws/install/com2009_simulations/share/com2009_simulations/models/task3_room1/model.config
-- Up-to-date: /home/vivaan/Documents/star_project_submissions/Week_0/ros2_ws/install/com2009_simulations/share/com2009_simulations/models/cr5_arena_walls
-- Up-to-date: /home/vivaan/Documents/star_project_submissions/Week_0/ros2_ws/install/com2009_simulations/share/com2009_simulations/models/cr5_arena_walls/model.sdf
-- Up-to-date: /home/vivaan/Documents/star_project_submissions/Week_0/ros2_ws/install/com2009_simulations/share/com2009_simulations/models/cr5_arena_walls/model.config
-- Up-to-date: /home/vivaan/Documents/star_project_submissions/Week_0/ros2_ws/install/com2009_simulations/share/com2009_simulations/models/task3_room4
-- Up-to-date: /home/vivaan/Documents/star_project_submissions/Week_0/ros2_ws/install/com2009_simulations/share/com2009_simulations/models/task3_room4/model.sdf
-- Up-to-date: /home/vivaan/Documents/star_project_submissions/Week_0/ros2_ws/install/com2009_simulations/share/com2009_simulations/models/task3_room4/model.config
-- Up-to-date: /home/vivaan/Documents/star_project_submissions/Week_0/ros2_ws/install/com2009_simulations/share/com2009_simulations/models/task3_items
-- Up-to-date: /home/vivaan/Documents/star_project_submissions/Week_0/ros2_ws/install/com2009_simulations/share/com2009_simulations/models/task3_items/model.sdf
-- Up-to-date: /home/vivaan/Documents/star_project_submissions/Week_0/ros2_ws/install/com2009_simulations/share/com2009_simulations/models/task3_items/model.config
-- Up-to-date: /home/vivaan/Documents/star_project_submissions/Week_0/ros2_ws/install/com2009_simulations/share/com2009_simulations/models/beacon_yellow
-- Up-to-date: /home/vivaan/Documents/star_project_submissions/Week_0/ros2_ws/install/com2009_simulations/share/com2009_simulations/models/beacon_yellow/model.sdf
-- Up-to-date: /home/vivaan/Documents/star_project_submissions/Week_0/ros2_ws/install/com2009_simulations/share/com2009_simulations/models/beacon_yellow/model.config
-- Up-to-date: /home/vivaan/Documents/star_project_submissions/Week_0/ros2_ws/install/com2009_simulations/share/com2009_simulations/models/cr5_floor
-- Up-to-date: /home/vivaan/Documents/star_project_submissions/Week_0/ros2_ws/install/com2009_simulations/share/com2009_simulations/models/cr5_floor/model.sdf
-- Up-to-date: /home/vivaan/Documents/star_project_submissions/Week_0/ros2_ws/install/com2009_simulations/share/com2009_simulations/models/cr5_floor/materials
-- Up-to-date: /home/vivaan/Documents/star_project_submissions/Week_0/ros2_ws/install/com2009_simulations/share/com2009_simulations/models/cr5_floor/materials/scripts
-- Up-to-date: /home/vivaan/Documents/star_project_submissions/Week_0/ros2_ws/install/com2009_simulations/share/com2009_simulations/models/cr5_floor/materials/scripts/floor.material
-- Up-to-date: /home/vivaan/Documents/star_project_submissions/Week_0/ros2_ws/install/com2009_simulations/share/com2009_simulations/models/cr5_floor/materials/textures
-- Up-to-date: /home/vivaan/Documents/star_project_submissions/Week_0/ros2_ws/install/com2009_simulations/share/com2009_simulations/models/cr5_floor/materials/textures/cr5_floor.png
-- Up-to-date: /home/vivaan/Documents/star_project_submissions/Week_0/ros2_ws/install/com2009_simulations/share/com2009_simulations/models/cr5_floor/materials/textures/cr5_floor.svg
-- Up-to-date: /home/vivaan/Documents/star_project_submissions/Week_0/ros2_ws/install/com2009_simulations/share/com2009_simulations/models/cr5_floor/model.config
-- Up-to-date: /home/vivaan/Documents/star_project_submissions/Week_0/ros2_ws/install/com2009_simulations/share/com2009_simulations/models/beacon_blue
-- Up-to-date: /home/vivaan/Documents/star_project_submissions/Week_0/ros2_ws/install/com2009_simulations/share/com2009_simulations/models/beacon_blue/model.sdf
-- Up-to-date: /home/vivaan/Documents/star_project_submissions/Week_0/ros2_ws/install/com2009_simulations/share/com2009_simulations/models/beacon_blue/model.config
-- Up-to-date: /home/vivaan/Documents/star_project_submissions/Week_0/ros2_ws/install/com2009_simulations/share/com2009_simulations/worlds
-- Up-to-date: /home/vivaan/Documents/star_project_submissions/Week_0/ros2_ws/install/com2009_simulations/share/com2009_simulations/worlds/task2.world
-- Up-to-date: /home/vivaan/Documents/star_project_submissions/Week_0/ros2_ws/install/com2009_simulations/share/com2009_simulations/worlds/arena.world
-- Up-to-date: /home/vivaan/Documents/star_project_submissions/Week_0/ros2_ws/install/com2009_simulations/share/com2009_simulations/worlds/task1.world
-- Up-to-date: /home/vivaan/Documents/star_project_submissions/Week_0/ros2_ws/install/com2009_simulations/share/com2009_simulations/worlds/task3.world
-- Up-to-date: /home/vivaan/Documents/star_project_submissions/Week_0/ros2_ws/install/com2009_simulations/share/ament_index/resource_index/package_run_dependencies/com2009_simulations
-- Up-to-date: /home/vivaan/Documents/star_project_submissions/Week_0/ros2_ws/install/com2009_simulations/share/ament_index/resource_index/parent_prefix_path/com2009_simulations
-- Up-to-date: /home/vivaan/Documents/star_project_submissions/Week_0/ros2_ws/install/com2009_simulations/share/com2009_simulations/environment/ament_prefix_path.sh
-- Up-to-date: /home/vivaan/Documents/star_project_submissions/Week_0/ros2_ws/install/com2009_simulations/share/com2009_simulations/environment/ament_prefix_path.dsv
-- Up-to-date: /home/vivaan/Documents/star_project_submissions/Week_0/ros2_ws/install/com2009_simulations/share/com2009_simulations/environment/path.sh
-- Up-to-date: /home/vivaan/Documents/star_project_submissions/Week_0/ros2_ws/install/com2009_simulations/share/com2009_simulations/environment/path.dsv
-- Up-to-date: /home/vivaan/Documents/star_project_submissions/Week_0/ros2_ws/install/com2009_simulations/share/com2009_simulations/local_setup.bash
-- Up-to-date: /home/vivaan/Documents/star_project_submissions/Week_0/ros2_ws/install/com2009_simulations/share/com2009_simulations/local_setup.sh
-- Up-to-date: /home/vivaan/Documents/star_project_submissions/Week_0/ros2_ws/install/com2009_simulations/share/com2009_simulations/local_setup.zsh
-- Up-to-date: /home/vivaan/Documents/star_project_submissions/Week_0/ros2_ws/install/com2009_simulations/share/com2009_simulations/local_setup.dsv
-- Up-to-date: /home/vivaan/Documents/star_project_submissions/Week_0/ros2_ws/install/com2009_simulations/share/com2009_simulations/package.dsv
-- Up-to-date: /home/vivaan/Documents/star_project_submissions/Week_0/ros2_ws/install/com2009_simulations/share/ament_index/resource_index/packages/com2009_simulations
-- Up-to-date: /home/vivaan/Documents/star_project_submissions/Week_0/ros2_ws/install/com2009_simulations/share/com2009_simulations/cmake/ament_cmake_export_dependencies-extras.cmake
-- Up-to-date: /home/vivaan/Documents/star_project_submissions/Week_0/ros2_ws/install/com2009_simulations/share/com2009_simulations/cmake/com2009_simulationsConfig.cmake
-- Up-to-date: /home/vivaan/Documents/star_project_submissions/Week_0/ros2_ws/install/com2009_simulations/share/com2009_simulations/cmake/com2009_simulationsConfig-version.cmake
-- Up-to-date: /home/vivaan/Documents/star_project_submissions/Week_0/ros2_ws/install/com2009_simulations/share/com2009_simulations/package.xml
