-- Found ament_cmake: 1.3.14 (/opt/ros/humble/share/ament_cmake/cmake)
-- Found rclcpp: 16.0.19 (/opt/ros/humble/share/rclcpp/cmake)
-- Found rosidl_generator_c: 3.1.8 (/opt/ros/humble/share/rosidl_generator_c/cmake)
-- Found rosidl_adapter: 3.1.8 (/opt/ros/humble/share/rosidl_adapter/cmake)
-- Found rosidl_generator_cpp: 3.1.8 (/opt/ros/humble/share/rosidl_generator_cpp/cmake)
-- Using all available rosidl_typesupport_c: rosidl_typesupport_fastrtps_c;rosidl_typesupport_introspection_c
-- Using all available rosidl_typesupport_cpp: rosidl_typesupport_fastrtps_cpp;rosidl_typesupport_introspection_cpp
-- Found rmw_implementation_cmake: 6.1.2 (/opt/ros/humble/share/rmw_implementation_cmake/cmake)
-- Found rmw_fastrtps_cpp: 6.2.10 (/opt/ros/humble/share/rmw_fastrtps_cpp/cmake)
-- Using RMW implementation 'rmw_fastrtps_cpp' as default
-- Found rclpy: 3.3.21 (/opt/ros/humble/share/rclpy/cmake)
-- Configuring done
-- Generating done
-- Build files have been written to: /home/vivaan/Documents/star_project_submissions/Week_0/ros2_ws/build/part1_pubsub
Built target ament_cmake_python_copy_part1_pubsub_modules
running egg_info
writing part1_pubsub_modules.egg-info/PKG-INFO
writing dependency_links to part1_pubsub_modules.egg-info/dependency_links.txt
writing top-level names to part1_pubsub_modules.egg-info/top_level.txt
reading manifest file 'part1_pubsub_modules.egg-info/SOURCES.txt'
writing manifest file 'part1_pubsub_modules.egg-info/SOURCES.txt'
Built target ament_cmake_python_build_part1_pubsub_modules_egg
-- Install configuration: ""
-- Up-to-date: /home/vivaan/Documents/star_project_submissions/Week_0/ros2_ws/install/part1_pubsub/share/part1_pubsub/environment/pythonpath.sh
-- Installing: /home/vivaan/Documents/star_project_submissions/Week_0/ros2_ws/install/part1_pubsub/share/part1_pubsub/environment/pythonpath.dsv
-- Up-to-date: /home/vivaan/Documents/star_project_submissions/Week_0/ros2_ws/install/part1_pubsub/local/lib/python3.10/dist-packages/part1_pubsub_modules-0.0.0-py3.10.egg-info
-- Installing: /home/vivaan/Documents/star_project_submissions/Week_0/ros2_ws/install/part1_pubsub/local/lib/python3.10/dist-packages/part1_pubsub_modules-0.0.0-py3.10.egg-info/PKG-INFO
-- Installing: /home/vivaan/Documents/star_project_submissions/Week_0/ros2_ws/install/part1_pubsub/local/lib/python3.10/dist-packages/part1_pubsub_modules-0.0.0-py3.10.egg-info/top_level.txt
-- Installing: /home/vivaan/Documents/star_project_submissions/Week_0/ros2_ws/install/part1_pubsub/local/lib/python3.10/dist-packages/part1_pubsub_modules-0.0.0-py3.10.egg-info/dependency_links.txt
-- Installing: /home/vivaan/Documents/star_project_submissions/Week_0/ros2_ws/install/part1_pubsub/local/lib/python3.10/dist-packages/part1_pubsub_modules-0.0.0-py3.10.egg-info/SOURCES.txt
-- Up-to-date: /home/vivaan/Documents/star_project_submissions/Week_0/ros2_ws/install/part1_pubsub/local/lib/python3.10/dist-packages/part1_pubsub_modules
-- Up-to-date: /home/vivaan/Documents/star_project_submissions/Week_0/ros2_ws/install/part1_pubsub/local/lib/python3.10/dist-packages/part1_pubsub_modules/tb3_tools.py
-- Up-to-date: /home/vivaan/Documents/star_project_submissions/Week_0/ros2_ws/install/part1_pubsub/local/lib/python3.10/dist-packages/part1_pubsub_modules/__init__.py
Listing '/home/vivaan/Documents/star_project_submissions/Week_0/ros2_ws/install/part1_pubsub/local/lib/python3.10/dist-packages/part1_pubsub_modules'...
-- Up-to-date: /home/vivaan/Documents/star_project_submissions/Week_0/ros2_ws/install/part1_pubsub/lib/part1_pubsub/basic_velocity_control.py
-- Up-to-date: /home/vivaan/Documents/star_project_submissions/Week_0/ros2_ws/install/part1_pubsub/lib/part1_pubsub/stop_me.py
-- Up-to-date: /home/vivaan/Documents/star_project_submissions/Week_0/ros2_ws/install/part1_pubsub/lib/part1_pubsub/publisher.py
-- Installing: /home/vivaan/Documents/star_project_submissions/Week_0/ros2_ws/install/part1_pubsub/lib/part1_pubsub/subscriber.py
-- Up-to-date: /home/vivaan/Documents/star_project_submissions/Week_0/ros2_ws/install/part1_pubsub/share/ament_index/resource_index/package_run_dependencies/part1_pubsub
-- Up-to-date: /home/vivaan/Documents/star_project_submissions/Week_0/ros2_ws/install/part1_pubsub/share/ament_index/resource_index/parent_prefix_path/part1_pubsub
-- Up-to-date: /home/vivaan/Documents/star_project_submissions/Week_0/ros2_ws/install/part1_pubsub/share/part1_pubsub/environment/ament_prefix_path.sh
-- Installing: /home/vivaan/Documents/star_project_submissions/Week_0/ros2_ws/install/part1_pubsub/share/part1_pubsub/environment/ament_prefix_path.dsv
-- Up-to-date: /home/vivaan/Documents/star_project_submissions/Week_0/ros2_ws/install/part1_pubsub/share/part1_pubsub/environment/path.sh
-- Installing: /home/vivaan/Documents/star_project_submissions/Week_0/ros2_ws/install/part1_pubsub/share/part1_pubsub/environment/path.dsv
-- Up-to-date: /home/vivaan/Documents/star_project_submissions/Week_0/ros2_ws/install/part1_pubsub/share/part1_pubsub/local_setup.bash
-- Up-to-date: /home/vivaan/Documents/star_project_submissions/Week_0/ros2_ws/install/part1_pubsub/share/part1_pubsub/local_setup.sh
-- Up-to-date: /home/vivaan/Documents/star_project_submissions/Week_0/ros2_ws/install/part1_pubsub/share/part1_pubsub/local_setup.zsh
-- Installing: /home/vivaan/Documents/star_project_submissions/Week_0/ros2_ws/install/part1_pubsub/share/part1_pubsub/local_setup.dsv
-- Installing: /home/vivaan/Documents/star_project_submissions/Week_0/ros2_ws/install/part1_pubsub/share/part1_pubsub/package.dsv
-- Up-to-date: /home/vivaan/Documents/star_project_submissions/Week_0/ros2_ws/install/part1_pubsub/share/ament_index/resource_index/packages/part1_pubsub
-- Up-to-date: /home/vivaan/Documents/star_project_submissions/Week_0/ros2_ws/install/part1_pubsub/share/part1_pubsub/cmake/part1_pubsubConfig.cmake
-- Up-to-date: /home/vivaan/Documents/star_project_submissions/Week_0/ros2_ws/install/part1_pubsub/share/part1_pubsub/cmake/part1_pubsubConfig-version.cmake
-- Up-to-date: /home/vivaan/Documents/star_project_submissions/Week_0/ros2_ws/install/part1_pubsub/share/part1_pubsub/package.xml
