[0.017s] Invoking command in '/home/vivaan/Documents/star_project_submissions/Week_0/ros2_ws/build/part1_pubsub': CMAKE_PREFIX_PATH=${CMAKE_PREFIX_PATH}:/opt/ros/humble /usr/bin/cmake --build /home/vivaan/Documents/star_project_submissions/Week_0/ros2_ws/build/part1_pubsub -- -j12 -l12
[0.042s] -- Found ament_cmake: 1.3.14 (/opt/ros/humble/share/ament_cmake/cmake)
[0.164s] -- Found rclcpp: 16.0.19 (/opt/ros/humble/share/rclcpp/cmake)
[0.184s] -- Found rosidl_generator_c: 3.1.8 (/opt/ros/humble/share/rosidl_generator_c/cmake)
[0.185s] -- Found rosidl_adapter: 3.1.8 (/opt/ros/humble/share/rosidl_adapter/cmake)
[0.189s] -- Found rosidl_generator_cpp: 3.1.8 (/opt/ros/humble/share/rosidl_generator_cpp/cmake)
[0.195s] -- Using all available rosidl_typesupport_c: rosidl_typesupport_fastrtps_c;rosidl_typesupport_introspection_c
[0.204s] -- Using all available rosidl_typesupport_cpp: rosidl_typesupport_fastrtps_cpp;rosidl_typesupport_introspection_cpp
[0.225s] -- Found rmw_implementation_cmake: 6.1.2 (/opt/ros/humble/share/rmw_implementation_cmake/cmake)
[0.226s] -- Found rmw_fastrtps_cpp: 6.2.10 (/opt/ros/humble/share/rmw_fastrtps_cpp/cmake)
[0.324s] -- Using RMW implementation 'rmw_fastrtps_cpp' as default
[0.361s] -- Found rclpy: 3.3.21 (/opt/ros/humble/share/rclpy/cmake)
[0.409s] -- Found rosidl_default_generators: 1.2.1 (/opt/ros/humble/share/rosidl_default_generators/cmake)
[0.606s] -- Found ament_cmake_ros: 0.10.0 (/opt/ros/humble/share/ament_cmake_ros/cmake)
[0.859s] -- Using all available rosidl_typesupport_c: rosidl_typesupport_fastrtps_c;rosidl_typesupport_introspection_c
[0.963s] -- Using all available rosidl_typesupport_cpp: rosidl_typesupport_fastrtps_cpp;rosidl_typesupport_introspection_cpp
[0.980s] -- Found PythonInterp: /usr/bin/python3 (found suitable version "3.10.12", minimum required is "3.6") 
[0.981s] -- Found python_cmake_module: 0.10.0 (/opt/ros/humble/share/python_cmake_module/cmake)
[1.001s] -- Found PythonLibs: /usr/lib/x86_64-linux-gnu/libpython3.10.so (found suitable version "3.10.12", minimum required is "3.5") 
[1.001s] -- Using PYTHON_EXECUTABLE: /usr/bin/python3
[1.001s] -- Using PYTHON_INCLUDE_DIRS: /usr/include/python3.10
[1.001s] -- Using PYTHON_LIBRARIES: /usr/lib/x86_64-linux-gnu/libpython3.10.so
[1.018s] -- Found PythonExtra: .so  
[1.079s] -- Configuring done
[1.096s] -- Generating done
[1.103s] -- Build files have been written to: /home/vivaan/Documents/star_project_submissions/Week_0/ros2_ws/build/part1_pubsub
[1.132s] [  3%] [34m[1mGenerating C code for ROS interfaces[0m
[1.145s] [  6%] [34m[1mGenerating Rust code for ROS interfaces[0m
[1.151s] [  6%] Built target ament_cmake_python_copy_part1_pubsub
[1.153s] [  9%] [34m[1mGenerating C++ code for ROS interfaces[0m
[1.161s] [  9%] Built target ament_cmake_python_copy_part1_pubsub_modules
[1.306s] [  9%] Built target part1_pubsub__rs
[1.325s] [ 12%] [32mBuilding C object CMakeFiles/part1_pubsub__rosidl_generator_c.dir/rosidl_generator_c/part1_pubsub/msg/detail/example__functions.c.o[0m
[1.326s] running egg_info
[1.335s] writing part1_pubsub_modules.egg-info/PKG-INFO
[1.335s] [ 12%] Built target part1_pubsub__cpp
[1.336s] writing dependency_links to part1_pubsub_modules.egg-info/dependency_links.txt
[1.336s] writing top-level names to part1_pubsub_modules.egg-info/top_level.txt
[1.343s] [ 15%] [34m[1mGenerating C++ introspection for ROS interfaces[0m
[1.343s] [ 18%] [34m[1mGenerating C++ type support dispatch for ROS interfaces[0m
[1.345s] [ 21%] [34m[1mGenerating C++ type support for eProsima Fast-RTPS[0m
[1.367s] running egg_info
[1.376s] creating part1_pubsub.egg-info
[1.376s] writing part1_pubsub.egg-info/PKG-INFO
[1.377s] writing dependency_links to part1_pubsub.egg-info/dependency_links.txt
[1.377s] writing top-level names to part1_pubsub.egg-info/top_level.txt
[1.377s] writing manifest file 'part1_pubsub.egg-info/SOURCES.txt'
[1.382s] reading manifest file 'part1_pubsub_modules.egg-info/SOURCES.txt'
[1.383s] writing manifest file 'part1_pubsub_modules.egg-info/SOURCES.txt'
[1.405s] reading manifest file 'part1_pubsub.egg-info/SOURCES.txt'
[1.405s] writing manifest file 'part1_pubsub.egg-info/SOURCES.txt'
[1.409s] [ 21%] Built target ament_cmake_python_build_part1_pubsub_modules_egg
[1.428s] [ 21%] Built target ament_cmake_python_build_part1_pubsub_egg
[1.440s] [ 25%] [32m[1mLinking C shared library libpart1_pubsub__rosidl_generator_c.so[0m
[1.476s] [ 25%] Built target part1_pubsub__rosidl_generator_c
[1.484s] [ 28%] [34m[1mGenerating C type support dispatch for ROS interfaces[0m
[1.486s] [ 34%] [34m[1mGenerating C introspection for ROS interfaces[0m
[1.486s] [ 34%] [34m[1mGenerating C type support for eProsima Fast-RTPS[0m
[1.495s] [ 37%] [32mBuilding CXX object CMakeFiles/part1_pubsub__rosidl_typesupport_cpp.dir/rosidl_typesupport_cpp/part1_pubsub/msg/example__type_support.cpp.o[0m
[1.503s] [ 40%] [32mBuilding CXX object CMakeFiles/part1_pubsub__rosidl_typesupport_introspection_cpp.dir/rosidl_typesupport_introspection_cpp/part1_pubsub/msg/detail/example__type_support.cpp.o[0m
[1.543s] [ 43%] [32mBuilding CXX object CMakeFiles/part1_pubsub__rosidl_typesupport_fastrtps_cpp.dir/rosidl_typesupport_fastrtps_cpp/part1_pubsub/msg/detail/dds_fastrtps/example__type_support.cpp.o[0m
[1.634s] [ 46%] [32mBuilding CXX object CMakeFiles/part1_pubsub__rosidl_typesupport_c.dir/rosidl_typesupport_c/part1_pubsub/msg/example__type_support.cpp.o[0m
[1.655s] [ 53%] [32mBuilding C object CMakeFiles/part1_pubsub__rosidl_typesupport_introspection_c.dir/rosidl_typesupport_introspection_c/part1_pubsub/msg/detail/example__type_support.c.o[0m
[1.655s] [ 53%] [32m[1mLinking CXX shared library libpart1_pubsub__rosidl_typesupport_c.so[0m
[1.679s] [ 56%] [32m[1mLinking C shared library libpart1_pubsub__rosidl_typesupport_introspection_c.so[0m
[1.686s] [ 56%] Built target part1_pubsub__rosidl_typesupport_c
[1.702s] [ 56%] Built target part1_pubsub__rosidl_typesupport_introspection_c
[1.720s] [ 59%] [32mBuilding CXX object CMakeFiles/part1_pubsub__rosidl_typesupport_fastrtps_c.dir/rosidl_typesupport_fastrtps_c/part1_pubsub/msg/detail/example__type_support_c.cpp.o[0m
[1.753s] [ 62%] [32m[1mLinking CXX shared library libpart1_pubsub__rosidl_typesupport_cpp.so[0m
[1.753s] [ 65%] [32m[1mLinking CXX shared library libpart1_pubsub__rosidl_typesupport_introspection_cpp.so[0m
[1.783s] [ 65%] Built target part1_pubsub__rosidl_typesupport_cpp
[1.813s] [ 65%] Built target part1_pubsub__rosidl_typesupport_introspection_cpp
[1.836s] [ 68%] [32m[1mLinking CXX shared library libpart1_pubsub__rosidl_typesupport_fastrtps_cpp.so[0m
[1.892s] [ 68%] Built target part1_pubsub__rosidl_typesupport_fastrtps_cpp
[1.935s] [ 71%] [32m[1mLinking CXX shared library libpart1_pubsub__rosidl_typesupport_fastrtps_c.so[0m
[1.989s] [ 71%] Built target part1_pubsub__rosidl_typesupport_fastrtps_c
[2.008s] [ 71%] Built target part1_pubsub
[2.034s] [ 75%] [34m[1mGenerating Python code for ROS interfaces[0m
[2.220s] [ 75%] Built target part1_pubsub__py
[2.235s] [ 78%] [32mBuilding C object CMakeFiles/part1_pubsub__rosidl_generator_py.dir/rosidl_generator_py/part1_pubsub/msg/_example_s.c.o[0m
[2.299s] [ 81%] [32m[1mLinking C shared library rosidl_generator_py/part1_pubsub/libpart1_pubsub__rosidl_generator_py.so[0m
[2.333s] [ 81%] Built target part1_pubsub__rosidl_generator_py
[2.348s] [ 84%] [32mBuilding C object CMakeFiles/part1_pubsub__rosidl_typesupport_introspection_c__pyext.dir/rosidl_generator_py/part1_pubsub/_part1_pubsub_s.ep.rosidl_typesupport_introspection_c.c.o[0m
[2.348s] [ 87%] [32mBuilding C object CMakeFiles/part1_pubsub__rosidl_typesupport_c__pyext.dir/rosidl_generator_py/part1_pubsub/_part1_pubsub_s.ep.rosidl_typesupport_c.c.o[0m
[2.351s] [ 90%] [32mBuilding C object CMakeFiles/part1_pubsub__rosidl_typesupport_fastrtps_c__pyext.dir/rosidl_generator_py/part1_pubsub/_part1_pubsub_s.ep.rosidl_typesupport_fastrtps_c.c.o[0m
[2.404s] [ 93%] [32m[1mLinking C shared library rosidl_generator_py/part1_pubsub/part1_pubsub_s__rosidl_typesupport_c.cpython-310-x86_64-linux-gnu.so[0m
[2.410s] [ 96%] [32m[1mLinking C shared library rosidl_generator_py/part1_pubsub/part1_pubsub_s__rosidl_typesupport_introspection_c.cpython-310-x86_64-linux-gnu.so[0m
[2.425s] [100%] [32m[1mLinking C shared library rosidl_generator_py/part1_pubsub/part1_pubsub_s__rosidl_typesupport_fastrtps_c.cpython-310-x86_64-linux-gnu.so[0m
[2.426s] [100%] Built target part1_pubsub__rosidl_typesupport_c__pyext
[2.442s] [100%] Built target part1_pubsub__rosidl_typesupport_introspection_c__pyext
[2.449s] [100%] Built target part1_pubsub__rosidl_typesupport_fastrtps_c__pyext
[2.460s] Invoked command in '/home/vivaan/Documents/star_project_submissions/Week_0/ros2_ws/build/part1_pubsub' returned '0': CMAKE_PREFIX_PATH=${CMAKE_PREFIX_PATH}:/opt/ros/humble /usr/bin/cmake --build /home/vivaan/Documents/star_project_submissions/Week_0/ros2_ws/build/part1_pubsub -- -j12 -l12
[2.462s] Invoking command in '/home/vivaan/Documents/star_project_submissions/Week_0/ros2_ws/build/part1_pubsub': CMAKE_PREFIX_PATH=${CMAKE_PREFIX_PATH}:/opt/ros/humble /usr/bin/cmake --install /home/vivaan/Documents/star_project_submissions/Week_0/ros2_ws/build/part1_pubsub
[2.471s] -- Install configuration: ""
[2.471s] -- Up-to-date: /home/vivaan/Documents/star_project_submissions/Week_0/ros2_ws/install/part1_pubsub/share/part1_pubsub/environment/pythonpath.sh
[2.471s] -- Installing: /home/vivaan/Documents/star_project_submissions/Week_0/ros2_ws/install/part1_pubsub/share/part1_pubsub/environment/pythonpath.dsv
[2.471s] -- Up-to-date: /home/vivaan/Documents/star_project_submissions/Week_0/ros2_ws/install/part1_pubsub/local/lib/python3.10/dist-packages/part1_pubsub_modules-0.0.0-py3.10.egg-info
[2.471s] -- Installing: /home/vivaan/Documents/star_project_submissions/Week_0/ros2_ws/install/part1_pubsub/local/lib/python3.10/dist-packages/part1_pubsub_modules-0.0.0-py3.10.egg-info/PKG-INFO
[2.471s] -- Installing: /home/vivaan/Documents/star_project_submissions/Week_0/ros2_ws/install/part1_pubsub/local/lib/python3.10/dist-packages/part1_pubsub_modules-0.0.0-py3.10.egg-info/top_level.txt
[2.471s] -- Installing: /home/vivaan/Documents/star_project_submissions/Week_0/ros2_ws/install/part1_pubsub/local/lib/python3.10/dist-packages/part1_pubsub_modules-0.0.0-py3.10.egg-info/dependency_links.txt
[2.471s] -- Installing: /home/vivaan/Documents/star_project_submissions/Week_0/ros2_ws/install/part1_pubsub/local/lib/python3.10/dist-packages/part1_pubsub_modules-0.0.0-py3.10.egg-info/SOURCES.txt
[2.471s] -- Up-to-date: /home/vivaan/Documents/star_project_submissions/Week_0/ros2_ws/install/part1_pubsub/local/lib/python3.10/dist-packages/part1_pubsub_modules
[2.471s] -- Up-to-date: /home/vivaan/Documents/star_project_submissions/Week_0/ros2_ws/install/part1_pubsub/local/lib/python3.10/dist-packages/part1_pubsub_modules/tb3_tools.py
[2.471s] -- Up-to-date: /home/vivaan/Documents/star_project_submissions/Week_0/ros2_ws/install/part1_pubsub/local/lib/python3.10/dist-packages/part1_pubsub_modules/__init__.py
[2.494s] Listing '/home/vivaan/Documents/star_project_submissions/Week_0/ros2_ws/install/part1_pubsub/local/lib/python3.10/dist-packages/part1_pubsub_modules'...
[2.498s] -- Up-to-date: /home/vivaan/Documents/star_project_submissions/Week_0/ros2_ws/install/part1_pubsub/lib/part1_pubsub/basic_velocity_control.py
[2.498s] -- Up-to-date: /home/vivaan/Documents/star_project_submissions/Week_0/ros2_ws/install/part1_pubsub/lib/part1_pubsub/stop_me.py
[2.498s] -- Up-to-date: /home/vivaan/Documents/star_project_submissions/Week_0/ros2_ws/install/part1_pubsub/lib/part1_pubsub/publisher.py
[2.498s] -- Up-to-date: /home/vivaan/Documents/star_project_submissions/Week_0/ros2_ws/install/part1_pubsub/lib/part1_pubsub/subscriber.py
[2.498s] -- Installing: /home/vivaan/Documents/star_project_submissions/Week_0/ros2_ws/install/part1_pubsub/share/ament_index/resource_index/rosidl_interfaces/part1_pubsub
[2.498s] -- Installing: /home/vivaan/Documents/star_project_submissions/Week_0/ros2_ws/install/part1_pubsub/include/part1_pubsub/part1_pubsub
[2.498s] -- Installing: /home/vivaan/Documents/star_project_submissions/Week_0/ros2_ws/install/part1_pubsub/include/part1_pubsub/part1_pubsub/msg
[2.499s] -- Installing: /home/vivaan/Documents/star_project_submissions/Week_0/ros2_ws/install/part1_pubsub/include/part1_pubsub/part1_pubsub/msg/example.h
[2.499s] -- Installing: /home/vivaan/Documents/star_project_submissions/Week_0/ros2_ws/install/part1_pubsub/include/part1_pubsub/part1_pubsub/msg/rosidl_generator_c__visibility_control.h
[2.499s] -- Installing: /home/vivaan/Documents/star_project_submissions/Week_0/ros2_ws/install/part1_pubsub/include/part1_pubsub/part1_pubsub/msg/detail
[2.499s] -- Installing: /home/vivaan/Documents/star_project_submissions/Week_0/ros2_ws/install/part1_pubsub/include/part1_pubsub/part1_pubsub/msg/detail/example__type_support.h
[2.499s] -- Installing: /home/vivaan/Documents/star_project_submissions/Week_0/ros2_ws/install/part1_pubsub/include/part1_pubsub/part1_pubsub/msg/detail/example__functions.h
[2.499s] -- Installing: /home/vivaan/Documents/star_project_submissions/Week_0/ros2_ws/install/part1_pubsub/include/part1_pubsub/part1_pubsub/msg/detail/example__struct.h
[2.499s] -- Installing: /home/vivaan/Documents/star_project_submissions/Week_0/ros2_ws/install/part1_pubsub/include/part1_pubsub/part1_pubsub/msg/detail/example__functions.c
[2.499s] -- Installing: /home/vivaan/Documents/star_project_submissions/Week_0/ros2_ws/install/part1_pubsub/share/part1_pubsub/environment/library_path.sh
[2.499s] -- Installing: /home/vivaan/Documents/star_project_submissions/Week_0/ros2_ws/install/part1_pubsub/share/part1_pubsub/environment/library_path.dsv
[2.499s] -- Installing: /home/vivaan/Documents/star_project_submissions/Week_0/ros2_ws/install/part1_pubsub/lib/libpart1_pubsub__rosidl_generator_c.so
[2.499s] -- Set runtime path of "/home/vivaan/Documents/star_project_submissions/Week_0/ros2_ws/install/part1_pubsub/lib/libpart1_pubsub__rosidl_generator_c.so" to ""
[2.500s] -- Up-to-date: /home/vivaan/Documents/star_project_submissions/Week_0/ros2_ws/install/part1_pubsub/include/part1_pubsub/part1_pubsub
[2.500s] -- Up-to-date: /home/vivaan/Documents/star_project_submissions/Week_0/ros2_ws/install/part1_pubsub/include/part1_pubsub/part1_pubsub/msg
[2.500s] -- Installing: /home/vivaan/Documents/star_project_submissions/Week_0/ros2_ws/install/part1_pubsub/include/part1_pubsub/part1_pubsub/msg/rosidl_typesupport_fastrtps_c__visibility_control.h
[2.500s] -- Up-to-date: /home/vivaan/Documents/star_project_submissions/Week_0/ros2_ws/install/part1_pubsub/include/part1_pubsub/part1_pubsub/msg/detail
[2.500s] -- Installing: /home/vivaan/Documents/star_project_submissions/Week_0/ros2_ws/install/part1_pubsub/include/part1_pubsub/part1_pubsub/msg/detail/example__rosidl_typesupport_fastrtps_c.h
[2.500s] -- Installing: /home/vivaan/Documents/star_project_submissions/Week_0/ros2_ws/install/part1_pubsub/lib/libpart1_pubsub__rosidl_typesupport_fastrtps_c.so
[2.500s] -- Set runtime path of "/home/vivaan/Documents/star_project_submissions/Week_0/ros2_ws/install/part1_pubsub/lib/libpart1_pubsub__rosidl_typesupport_fastrtps_c.so" to ""
[2.500s] -- Up-to-date: /home/vivaan/Documents/star_project_submissions/Week_0/ros2_ws/install/part1_pubsub/include/part1_pubsub/part1_pubsub
[2.500s] -- Up-to-date: /home/vivaan/Documents/star_project_submissions/Week_0/ros2_ws/install/part1_pubsub/include/part1_pubsub/part1_pubsub/msg
[2.500s] -- Installing: /home/vivaan/Documents/star_project_submissions/Week_0/ros2_ws/install/part1_pubsub/include/part1_pubsub/part1_pubsub/msg/example.hpp
[2.500s] -- Installing: /home/vivaan/Documents/star_project_submissions/Week_0/ros2_ws/install/part1_pubsub/include/part1_pubsub/part1_pubsub/msg/rosidl_generator_cpp__visibility_control.hpp
[2.501s] -- Up-to-date: /home/vivaan/Documents/star_project_submissions/Week_0/ros2_ws/install/part1_pubsub/include/part1_pubsub/part1_pubsub/msg/detail
[2.501s] -- Installing: /home/vivaan/Documents/star_project_submissions/Week_0/ros2_ws/install/part1_pubsub/include/part1_pubsub/part1_pubsub/msg/detail/example__builder.hpp
[2.501s] -- Installing: /home/vivaan/Documents/star_project_submissions/Week_0/ros2_ws/install/part1_pubsub/include/part1_pubsub/part1_pubsub/msg/detail/example__type_support.hpp
[2.501s] -- Installing: /home/vivaan/Documents/star_project_submissions/Week_0/ros2_ws/install/part1_pubsub/include/part1_pubsub/part1_pubsub/msg/detail/example__struct.hpp
[2.501s] -- Installing: /home/vivaan/Documents/star_project_submissions/Week_0/ros2_ws/install/part1_pubsub/include/part1_pubsub/part1_pubsub/msg/detail/example__traits.hpp
[2.501s] -- Up-to-date: /home/vivaan/Documents/star_project_submissions/Week_0/ros2_ws/install/part1_pubsub/include/part1_pubsub/part1_pubsub
[2.501s] -- Up-to-date: /home/vivaan/Documents/star_project_submissions/Week_0/ros2_ws/install/part1_pubsub/include/part1_pubsub/part1_pubsub/msg
[2.501s] -- Installing: /home/vivaan/Documents/star_project_submissions/Week_0/ros2_ws/install/part1_pubsub/include/part1_pubsub/part1_pubsub/msg/rosidl_typesupport_fastrtps_cpp__visibility_control.h
[2.501s] -- Up-to-date: /home/vivaan/Documents/star_project_submissions/Week_0/ros2_ws/install/part1_pubsub/include/part1_pubsub/part1_pubsub/msg/detail
[2.501s] -- Installing: /home/vivaan/Documents/star_project_submissions/Week_0/ros2_ws/install/part1_pubsub/include/part1_pubsub/part1_pubsub/msg/detail/example__rosidl_typesupport_fastrtps_cpp.hpp
[2.501s] -- Installing: /home/vivaan/Documents/star_project_submissions/Week_0/ros2_ws/install/part1_pubsub/include/part1_pubsub/part1_pubsub/msg/detail/dds_fastrtps
[2.501s] -- Installing: /home/vivaan/Documents/star_project_submissions/Week_0/ros2_ws/install/part1_pubsub/lib/libpart1_pubsub__rosidl_typesupport_fastrtps_cpp.so
[2.502s] -- Set runtime path of "/home/vivaan/Documents/star_project_submissions/Week_0/ros2_ws/install/part1_pubsub/lib/libpart1_pubsub__rosidl_typesupport_fastrtps_cpp.so" to ""
[2.502s] -- Up-to-date: /home/vivaan/Documents/star_project_submissions/Week_0/ros2_ws/install/part1_pubsub/include/part1_pubsub/part1_pubsub
[2.502s] -- Up-to-date: /home/vivaan/Documents/star_project_submissions/Week_0/ros2_ws/install/part1_pubsub/include/part1_pubsub/part1_pubsub/msg
[2.502s] -- Installing: /home/vivaan/Documents/star_project_submissions/Week_0/ros2_ws/install/part1_pubsub/include/part1_pubsub/part1_pubsub/msg/rosidl_typesupport_introspection_c__visibility_control.h
[2.502s] -- Up-to-date: /home/vivaan/Documents/star_project_submissions/Week_0/ros2_ws/install/part1_pubsub/include/part1_pubsub/part1_pubsub/msg/detail
[2.502s] -- Installing: /home/vivaan/Documents/star_project_submissions/Week_0/ros2_ws/install/part1_pubsub/include/part1_pubsub/part1_pubsub/msg/detail/example__rosidl_typesupport_introspection_c.h
[2.502s] -- Installing: /home/vivaan/Documents/star_project_submissions/Week_0/ros2_ws/install/part1_pubsub/include/part1_pubsub/part1_pubsub/msg/detail/example__type_support.c
[2.502s] -- Installing: /home/vivaan/Documents/star_project_submissions/Week_0/ros2_ws/install/part1_pubsub/lib/libpart1_pubsub__rosidl_typesupport_introspection_c.so
[2.502s] -- Set runtime path of "/home/vivaan/Documents/star_project_submissions/Week_0/ros2_ws/install/part1_pubsub/lib/libpart1_pubsub__rosidl_typesupport_introspection_c.so" to ""
[2.502s] -- Installing: /home/vivaan/Documents/star_project_submissions/Week_0/ros2_ws/install/part1_pubsub/lib/libpart1_pubsub__rosidl_typesupport_c.so
[2.502s] -- Set runtime path of "/home/vivaan/Documents/star_project_submissions/Week_0/ros2_ws/install/part1_pubsub/lib/libpart1_pubsub__rosidl_typesupport_c.so" to ""
[2.502s] -- Up-to-date: /home/vivaan/Documents/star_project_submissions/Week_0/ros2_ws/install/part1_pubsub/include/part1_pubsub/part1_pubsub
[2.502s] -- Up-to-date: /home/vivaan/Documents/star_project_submissions/Week_0/ros2_ws/install/part1_pubsub/include/part1_pubsub/part1_pubsub/msg
[2.502s] -- Up-to-date: /home/vivaan/Documents/star_project_submissions/Week_0/ros2_ws/install/part1_pubsub/include/part1_pubsub/part1_pubsub/msg/detail
[2.503s] -- Installing: /home/vivaan/Documents/star_project_submissions/Week_0/ros2_ws/install/part1_pubsub/include/part1_pubsub/part1_pubsub/msg/detail/example__type_support.cpp
[2.503s] -- Installing: /home/vivaan/Documents/star_project_submissions/Week_0/ros2_ws/install/part1_pubsub/include/part1_pubsub/part1_pubsub/msg/detail/example__rosidl_typesupport_introspection_cpp.hpp
[2.503s] -- Installing: /home/vivaan/Documents/star_project_submissions/Week_0/ros2_ws/install/part1_pubsub/lib/libpart1_pubsub__rosidl_typesupport_introspection_cpp.so
[2.503s] -- Set runtime path of "/home/vivaan/Documents/star_project_submissions/Week_0/ros2_ws/install/part1_pubsub/lib/libpart1_pubsub__rosidl_typesupport_introspection_cpp.so" to ""
[2.503s] -- Installing: /home/vivaan/Documents/star_project_submissions/Week_0/ros2_ws/install/part1_pubsub/lib/libpart1_pubsub__rosidl_typesupport_cpp.so
[2.503s] -- Set runtime path of "/home/vivaan/Documents/star_project_submissions/Week_0/ros2_ws/install/part1_pubsub/lib/libpart1_pubsub__rosidl_typesupport_cpp.so" to ""
[2.503s] -- Installing: /home/vivaan/Documents/star_project_submissions/Week_0/ros2_ws/install/part1_pubsub/local/lib/python3.10/dist-packages/part1_pubsub-0.0.0-py3.10.egg-info
[2.503s] -- Installing: /home/vivaan/Documents/star_project_submissions/Week_0/ros2_ws/install/part1_pubsub/local/lib/python3.10/dist-packages/part1_pubsub-0.0.0-py3.10.egg-info/PKG-INFO
[2.503s] -- Installing: /home/vivaan/Documents/star_project_submissions/Week_0/ros2_ws/install/part1_pubsub/local/lib/python3.10/dist-packages/part1_pubsub-0.0.0-py3.10.egg-info/top_level.txt
[2.503s] -- Installing: /home/vivaan/Documents/star_project_submissions/Week_0/ros2_ws/install/part1_pubsub/local/lib/python3.10/dist-packages/part1_pubsub-0.0.0-py3.10.egg-info/dependency_links.txt
[2.503s] -- Installing: /home/vivaan/Documents/star_project_submissions/Week_0/ros2_ws/install/part1_pubsub/local/lib/python3.10/dist-packages/part1_pubsub-0.0.0-py3.10.egg-info/SOURCES.txt
[2.503s] -- Installing: /home/vivaan/Documents/star_project_submissions/Week_0/ros2_ws/install/part1_pubsub/local/lib/python3.10/dist-packages/part1_pubsub
[2.503s] -- Installing: /home/vivaan/Documents/star_project_submissions/Week_0/ros2_ws/install/part1_pubsub/local/lib/python3.10/dist-packages/part1_pubsub/_part1_pubsub_s.ep.rosidl_typesupport_introspection_c.c
[2.503s] -- Installing: /home/vivaan/Documents/star_project_submissions/Week_0/ros2_ws/install/part1_pubsub/local/lib/python3.10/dist-packages/part1_pubsub/part1_pubsub_s__rosidl_typesupport_c.cpython-310-x86_64-linux-gnu.so
[2.503s] -- Installing: /home/vivaan/Documents/star_project_submissions/Week_0/ros2_ws/install/part1_pubsub/local/lib/python3.10/dist-packages/part1_pubsub/msg
[2.504s] -- Installing: /home/vivaan/Documents/star_project_submissions/Week_0/ros2_ws/install/part1_pubsub/local/lib/python3.10/dist-packages/part1_pubsub/msg/_example_s.c
[2.504s] -- Installing: /home/vivaan/Documents/star_project_submissions/Week_0/ros2_ws/install/part1_pubsub/local/lib/python3.10/dist-packages/part1_pubsub/msg/_example.py
[2.504s] -- Installing: /home/vivaan/Documents/star_project_submissions/Week_0/ros2_ws/install/part1_pubsub/local/lib/python3.10/dist-packages/part1_pubsub/msg/__init__.py
[2.504s] -- Installing: /home/vivaan/Documents/star_project_submissions/Week_0/ros2_ws/install/part1_pubsub/local/lib/python3.10/dist-packages/part1_pubsub/libpart1_pubsub__rosidl_generator_py.so
[2.504s] -- Installing: /home/vivaan/Documents/star_project_submissions/Week_0/ros2_ws/install/part1_pubsub/local/lib/python3.10/dist-packages/part1_pubsub/part1_pubsub_s__rosidl_typesupport_introspection_c.cpython-310-x86_64-linux-gnu.so
[2.504s] -- Installing: /home/vivaan/Documents/star_project_submissions/Week_0/ros2_ws/install/part1_pubsub/local/lib/python3.10/dist-packages/part1_pubsub/__init__.py
[2.504s] -- Installing: /home/vivaan/Documents/star_project_submissions/Week_0/ros2_ws/install/part1_pubsub/local/lib/python3.10/dist-packages/part1_pubsub/_part1_pubsub_s.ep.rosidl_typesupport_c.c
[2.504s] -- Installing: /home/vivaan/Documents/star_project_submissions/Week_0/ros2_ws/install/part1_pubsub/local/lib/python3.10/dist-packages/part1_pubsub/_part1_pubsub_s.ep.rosidl_typesupport_fastrtps_c.c
[2.504s] -- Installing: /home/vivaan/Documents/star_project_submissions/Week_0/ros2_ws/install/part1_pubsub/local/lib/python3.10/dist-packages/part1_pubsub/part1_pubsub_s__rosidl_typesupport_fastrtps_c.cpython-310-x86_64-linux-gnu.so
[2.525s] Listing '/home/vivaan/Documents/star_project_submissions/Week_0/ros2_ws/install/part1_pubsub/local/lib/python3.10/dist-packages/part1_pubsub'...
[2.525s] Compiling '/home/vivaan/Documents/star_project_submissions/Week_0/ros2_ws/install/part1_pubsub/local/lib/python3.10/dist-packages/part1_pubsub/__init__.py'...
[2.525s] Listing '/home/vivaan/Documents/star_project_submissions/Week_0/ros2_ws/install/part1_pubsub/local/lib/python3.10/dist-packages/part1_pubsub/msg'...
[2.525s] Compiling '/home/vivaan/Documents/star_project_submissions/Week_0/ros2_ws/install/part1_pubsub/local/lib/python3.10/dist-packages/part1_pubsub/msg/__init__.py'...
[2.525s] Compiling '/home/vivaan/Documents/star_project_submissions/Week_0/ros2_ws/install/part1_pubsub/local/lib/python3.10/dist-packages/part1_pubsub/msg/_example.py'...
[2.529s] -- Installing: /home/vivaan/Documents/star_project_submissions/Week_0/ros2_ws/install/part1_pubsub/local/lib/python3.10/dist-packages/part1_pubsub/part1_pubsub_s__rosidl_typesupport_fastrtps_c.cpython-310-x86_64-linux-gnu.so
[2.529s] -- Set runtime path of "/home/vivaan/Documents/star_project_submissions/Week_0/ros2_ws/install/part1_pubsub/local/lib/python3.10/dist-packages/part1_pubsub/part1_pubsub_s__rosidl_typesupport_fastrtps_c.cpython-310-x86_64-linux-gnu.so" to ""
[2.529s] -- Installing: /home/vivaan/Documents/star_project_submissions/Week_0/ros2_ws/install/part1_pubsub/local/lib/python3.10/dist-packages/part1_pubsub/part1_pubsub_s__rosidl_typesupport_introspection_c.cpython-310-x86_64-linux-gnu.so
[2.529s] -- Set runtime path of "/home/vivaan/Documents/star_project_submissions/Week_0/ros2_ws/install/part1_pubsub/local/lib/python3.10/dist-packages/part1_pubsub/part1_pubsub_s__rosidl_typesupport_introspection_c.cpython-310-x86_64-linux-gnu.so" to ""
[2.529s] -- Installing: /home/vivaan/Documents/star_project_submissions/Week_0/ros2_ws/install/part1_pubsub/local/lib/python3.10/dist-packages/part1_pubsub/part1_pubsub_s__rosidl_typesupport_c.cpython-310-x86_64-linux-gnu.so
[2.529s] -- Set runtime path of "/home/vivaan/Documents/star_project_submissions/Week_0/ros2_ws/install/part1_pubsub/local/lib/python3.10/dist-packages/part1_pubsub/part1_pubsub_s__rosidl_typesupport_c.cpython-310-x86_64-linux-gnu.so" to ""
[2.529s] -- Installing: /home/vivaan/Documents/star_project_submissions/Week_0/ros2_ws/install/part1_pubsub/lib/libpart1_pubsub__rosidl_generator_py.so
[2.529s] -- Set runtime path of "/home/vivaan/Documents/star_project_submissions/Week_0/ros2_ws/install/part1_pubsub/lib/libpart1_pubsub__rosidl_generator_py.so" to ""
[2.529s] -- Installing: /home/vivaan/Documents/star_project_submissions/Week_0/ros2_ws/install/part1_pubsub/share/ament_index/resource_index/rust_packages/part1_pubsub
[2.530s] -- Installing: /home/vivaan/Documents/star_project_submissions/Week_0/ros2_ws/install/part1_pubsub/share/part1_pubsub/rust
[2.530s] -- Installing: /home/vivaan/Documents/star_project_submissions/Week_0/ros2_ws/install/part1_pubsub/share/part1_pubsub/rust/build.rs
[2.530s] -- Installing: /home/vivaan/Documents/star_project_submissions/Week_0/ros2_ws/install/part1_pubsub/share/part1_pubsub/rust/Cargo.toml
[2.530s] -- Installing: /home/vivaan/Documents/star_project_submissions/Week_0/ros2_ws/install/part1_pubsub/share/part1_pubsub/rust/src
[2.530s] -- Installing: /home/vivaan/Documents/star_project_submissions/Week_0/ros2_ws/install/part1_pubsub/share/part1_pubsub/rust/src/msg
[2.530s] -- Installing: /home/vivaan/Documents/star_project_submissions/Week_0/ros2_ws/install/part1_pubsub/share/part1_pubsub/rust/src/msg/rmw.rs
[2.530s] -- Installing: /home/vivaan/Documents/star_project_submissions/Week_0/ros2_ws/install/part1_pubsub/share/part1_pubsub/rust/src/lib.rs
[2.530s] -- Installing: /home/vivaan/Documents/star_project_submissions/Week_0/ros2_ws/install/part1_pubsub/share/part1_pubsub/rust/src/msg.rs
[2.530s] -- Installing: /home/vivaan/Documents/star_project_submissions/Week_0/ros2_ws/install/part1_pubsub/share/part1_pubsub/msg/Example.idl
[2.530s] -- Installing: /home/vivaan/Documents/star_project_submissions/Week_0/ros2_ws/install/part1_pubsub/share/part1_pubsub/msg/Example.msg
[2.530s] -- Installing: /home/vivaan/Documents/star_project_submissions/Week_0/ros2_ws/install/part1_pubsub/share/ament_index/resource_index/package_run_dependencies/part1_pubsub
[2.530s] -- Installing: /home/vivaan/Documents/star_project_submissions/Week_0/ros2_ws/install/part1_pubsub/share/ament_index/resource_index/parent_prefix_path/part1_pubsub
[2.531s] -- Up-to-date: /home/vivaan/Documents/star_project_submissions/Week_0/ros2_ws/install/part1_pubsub/share/part1_pubsub/environment/ament_prefix_path.sh
[2.531s] -- Installing: /home/vivaan/Documents/star_project_submissions/Week_0/ros2_ws/install/part1_pubsub/share/part1_pubsub/environment/ament_prefix_path.dsv
[2.531s] -- Up-to-date: /home/vivaan/Documents/star_project_submissions/Week_0/ros2_ws/install/part1_pubsub/share/part1_pubsub/environment/path.sh
[2.531s] -- Installing: /home/vivaan/Documents/star_project_submissions/Week_0/ros2_ws/install/part1_pubsub/share/part1_pubsub/environment/path.dsv
[2.531s] -- Up-to-date: /home/vivaan/Documents/star_project_submissions/Week_0/ros2_ws/install/part1_pubsub/share/part1_pubsub/local_setup.bash
[2.531s] -- Installing: /home/vivaan/Documents/star_project_submissions/Week_0/ros2_ws/install/part1_pubsub/share/part1_pubsub/local_setup.sh
[2.531s] -- Up-to-date: /home/vivaan/Documents/star_project_submissions/Week_0/ros2_ws/install/part1_pubsub/share/part1_pubsub/local_setup.zsh
[2.531s] -- Installing: /home/vivaan/Documents/star_project_submissions/Week_0/ros2_ws/install/part1_pubsub/share/part1_pubsub/local_setup.dsv
[2.531s] -- Installing: /home/vivaan/Documents/star_project_submissions/Week_0/ros2_ws/install/part1_pubsub/share/part1_pubsub/package.dsv
[2.531s] -- Up-to-date: /home/vivaan/Documents/star_project_submissions/Week_0/ros2_ws/install/part1_pubsub/share/ament_index/resource_index/packages/part1_pubsub
[2.531s] -- Installing: /home/vivaan/Documents/star_project_submissions/Week_0/ros2_ws/install/part1_pubsub/share/part1_pubsub/cmake/export_part1_pubsub__rosidl_generator_cExport.cmake
[2.531s] -- Installing: /home/vivaan/Documents/star_project_submissions/Week_0/ros2_ws/install/part1_pubsub/share/part1_pubsub/cmake/export_part1_pubsub__rosidl_generator_cExport-noconfig.cmake
[2.532s] -- Installing: /home/vivaan/Documents/star_project_submissions/Week_0/ros2_ws/install/part1_pubsub/share/part1_pubsub/cmake/export_part1_pubsub__rosidl_typesupport_fastrtps_cExport.cmake
[2.532s] -- Installing: /home/vivaan/Documents/star_project_submissions/Week_0/ros2_ws/install/part1_pubsub/share/part1_pubsub/cmake/export_part1_pubsub__rosidl_typesupport_fastrtps_cExport-noconfig.cmake
[2.532s] -- Installing: /home/vivaan/Documents/star_project_submissions/Week_0/ros2_ws/install/part1_pubsub/share/part1_pubsub/cmake/export_part1_pubsub__rosidl_generator_cppExport.cmake
[2.532s] -- Installing: /home/vivaan/Documents/star_project_submissions/Week_0/ros2_ws/install/part1_pubsub/share/part1_pubsub/cmake/export_part1_pubsub__rosidl_typesupport_fastrtps_cppExport.cmake
[2.532s] -- Installing: /home/vivaan/Documents/star_project_submissions/Week_0/ros2_ws/install/part1_pubsub/share/part1_pubsub/cmake/export_part1_pubsub__rosidl_typesupport_fastrtps_cppExport-noconfig.cmake
[2.532s] -- Installing: /home/vivaan/Documents/star_project_submissions/Week_0/ros2_ws/install/part1_pubsub/share/part1_pubsub/cmake/part1_pubsub__rosidl_typesupport_introspection_cExport.cmake
[2.532s] -- Installing: /home/vivaan/Documents/star_project_submissions/Week_0/ros2_ws/install/part1_pubsub/share/part1_pubsub/cmake/part1_pubsub__rosidl_typesupport_introspection_cExport-noconfig.cmake
[2.532s] -- Installing: /home/vivaan/Documents/star_project_submissions/Week_0/ros2_ws/install/part1_pubsub/share/part1_pubsub/cmake/part1_pubsub__rosidl_typesupport_cExport.cmake
[2.532s] -- Installing: /home/vivaan/Documents/star_project_submissions/Week_0/ros2_ws/install/part1_pubsub/share/part1_pubsub/cmake/part1_pubsub__rosidl_typesupport_cExport-noconfig.cmake
[2.532s] -- Installing: /home/vivaan/Documents/star_project_submissions/Week_0/ros2_ws/install/part1_pubsub/share/part1_pubsub/cmake/part1_pubsub__rosidl_typesupport_introspection_cppExport.cmake
[2.532s] -- Installing: /home/vivaan/Documents/star_project_submissions/Week_0/ros2_ws/install/part1_pubsub/share/part1_pubsub/cmake/part1_pubsub__rosidl_typesupport_introspection_cppExport-noconfig.cmake
[2.532s] -- Installing: /home/vivaan/Documents/star_project_submissions/Week_0/ros2_ws/install/part1_pubsub/share/part1_pubsub/cmake/part1_pubsub__rosidl_typesupport_cppExport.cmake
[2.532s] -- Installing: /home/vivaan/Documents/star_project_submissions/Week_0/ros2_ws/install/part1_pubsub/share/part1_pubsub/cmake/part1_pubsub__rosidl_typesupport_cppExport-noconfig.cmake
[2.532s] -- Installing: /home/vivaan/Documents/star_project_submissions/Week_0/ros2_ws/install/part1_pubsub/share/part1_pubsub/cmake/export_part1_pubsub__rosidl_generator_pyExport.cmake
[2.533s] -- Installing: /home/vivaan/Documents/star_project_submissions/Week_0/ros2_ws/install/part1_pubsub/share/part1_pubsub/cmake/export_part1_pubsub__rosidl_generator_pyExport-noconfig.cmake
[2.533s] -- Installing: /home/vivaan/Documents/star_project_submissions/Week_0/ros2_ws/install/part1_pubsub/share/part1_pubsub/cmake/rosidl_cmake-extras.cmake
[2.533s] -- Installing: /home/vivaan/Documents/star_project_submissions/Week_0/ros2_ws/install/part1_pubsub/share/part1_pubsub/cmake/ament_cmake_export_include_directories-extras.cmake
[2.533s] -- Installing: /home/vivaan/Documents/star_project_submissions/Week_0/ros2_ws/install/part1_pubsub/share/part1_pubsub/cmake/ament_cmake_export_libraries-extras.cmake
[2.533s] -- Installing: /home/vivaan/Documents/star_project_submissions/Week_0/ros2_ws/install/part1_pubsub/share/part1_pubsub/cmake/ament_cmake_export_targets-extras.cmake
[2.533s] -- Installing: /home/vivaan/Documents/star_project_submissions/Week_0/ros2_ws/install/part1_pubsub/share/part1_pubsub/cmake/rosidl_cmake_export_typesupport_targets-extras.cmake
[2.533s] -- Installing: /home/vivaan/Documents/star_project_submissions/Week_0/ros2_ws/install/part1_pubsub/share/part1_pubsub/cmake/ament_cmake_export_dependencies-extras.cmake
[2.533s] -- Installing: /home/vivaan/Documents/star_project_submissions/Week_0/ros2_ws/install/part1_pubsub/share/part1_pubsub/cmake/rosidl_cmake_export_typesupport_libraries-extras.cmake
[2.533s] -- Installing: /home/vivaan/Documents/star_project_submissions/Week_0/ros2_ws/install/part1_pubsub/share/part1_pubsub/cmake/part1_pubsubConfig.cmake
[2.533s] -- Up-to-date: /home/vivaan/Documents/star_project_submissions/Week_0/ros2_ws/install/part1_pubsub/share/part1_pubsub/cmake/part1_pubsubConfig-version.cmake
[2.533s] -- Installing: /home/vivaan/Documents/star_project_submissions/Week_0/ros2_ws/install/part1_pubsub/share/part1_pubsub/package.xml
[2.535s] Invoked command in '/home/vivaan/Documents/star_project_submissions/Week_0/ros2_ws/build/part1_pubsub' returned '0': CMAKE_PREFIX_PATH=${CMAKE_PREFIX_PATH}:/opt/ros/humble /usr/bin/cmake --install /home/vivaan/Documents/star_project_submissions/Week_0/ros2_ws/build/part1_pubsub
