[0.035s] Invoking command in '/home/vivaan/Documents/star_project_submissions/Week_0/ros2_ws/build/part3_beyond_basics': CMAKE_PREFIX_PATH=${CMAKE_PREFIX_PATH}:/opt/ros/humble /usr/bin/cmake --build /home/vivaan/Documents/star_project_submissions/Week_0/ros2_ws/build/part3_beyond_basics -- -j12 -l12
[0.072s] -- Found ament_cmake: 1.3.14 (/opt/ros/humble/share/ament_cmake/cmake)
[0.251s] -- Found rclcpp: 16.0.19 (/opt/ros/humble/share/rclcpp/cmake)
[0.271s] -- Found rosidl_generator_c: 3.1.8 (/opt/ros/humble/share/rosidl_generator_c/cmake)
[0.272s] -- Found rosidl_adapter: 3.1.8 (/opt/ros/humble/share/rosidl_adapter/cmake)
[0.276s] -- Found rosidl_generator_cpp: 3.1.8 (/opt/ros/humble/share/rosidl_generator_cpp/cmake)
[0.284s] -- Using all available rosidl_typesupport_c: rosidl_typesupport_fastrtps_c;rosidl_typesupport_introspection_c
[0.292s] -- Using all available rosidl_typesupport_cpp: rosidl_typesupport_fastrtps_cpp;rosidl_typesupport_introspection_cpp
[0.315s] -- Found rmw_implementation_cmake: 6.1.2 (/opt/ros/humble/share/rmw_implementation_cmake/cmake)
[0.316s] -- Found rmw_fastrtps_cpp: 6.2.10 (/opt/ros/humble/share/rmw_fastrtps_cpp/cmake)
[0.407s] -- Using RMW implementation 'rmw_fastrtps_cpp' as default
[0.444s] -- Found rclpy: 3.3.21 (/opt/ros/humble/share/rclpy/cmake)
[0.564s] -- Configuring done
[0.568s] -- Generating done
[0.570s] -- Build files have been written to: /home/vivaan/Documents/star_project_submissions/Week_0/ros2_ws/build/part3_beyond_basics
[0.607s] Built target ament_cmake_python_copy_part3_beyond_basics_modules
[0.749s] running egg_info
[0.757s] writing part3_beyond_basics_modules.egg-info/PKG-INFO
[0.758s] writing dependency_links to part3_beyond_basics_modules.egg-info/dependency_links.txt
[0.758s] writing top-level names to part3_beyond_basics_modules.egg-info/top_level.txt
[0.784s] reading manifest file 'part3_beyond_basics_modules.egg-info/SOURCES.txt'
[0.785s] writing manifest file 'part3_beyond_basics_modules.egg-info/SOURCES.txt'
[0.810s] Built target ament_cmake_python_build_part3_beyond_basics_modules_egg
[0.821s] Invoked command in '/home/vivaan/Documents/star_project_submissions/Week_0/ros2_ws/build/part3_beyond_basics' returned '0': CMAKE_PREFIX_PATH=${CMAKE_PREFIX_PATH}:/opt/ros/humble /usr/bin/cmake --build /home/vivaan/Documents/star_project_submissions/Week_0/ros2_ws/build/part3_beyond_basics -- -j12 -l12
[0.823s] Invoking command in '/home/vivaan/Documents/star_project_submissions/Week_0/ros2_ws/build/part3_beyond_basics': CMAKE_PREFIX_PATH=${CMAKE_PREFIX_PATH}:/opt/ros/humble /usr/bin/cmake --install /home/vivaan/Documents/star_project_submissions/Week_0/ros2_ws/build/part3_beyond_basics
[0.830s] -- Install configuration: ""
[0.830s] -- Up-to-date: /home/vivaan/Documents/star_project_submissions/Week_0/ros2_ws/install/part3_beyond_basics/share/part3_beyond_basics/environment/pythonpath.sh
[0.830s] -- Installing: /home/vivaan/Documents/star_project_submissions/Week_0/ros2_ws/install/part3_beyond_basics/share/part3_beyond_basics/environment/pythonpath.dsv
[0.830s] -- Up-to-date: /home/vivaan/Documents/star_project_submissions/Week_0/ros2_ws/install/part3_beyond_basics/local/lib/python3.10/dist-packages/part3_beyond_basics_modules-0.0.0-py3.10.egg-info
[0.830s] -- Installing: /home/vivaan/Documents/star_project_submissions/Week_0/ros2_ws/install/part3_beyond_basics/local/lib/python3.10/dist-packages/part3_beyond_basics_modules-0.0.0-py3.10.egg-info/PKG-INFO
[0.830s] -- Installing: /home/vivaan/Documents/star_project_submissions/Week_0/ros2_ws/install/part3_beyond_basics/local/lib/python3.10/dist-packages/part3_beyond_basics_modules-0.0.0-py3.10.egg-info/top_level.txt
[0.831s] -- Installing: /home/vivaan/Documents/star_project_submissions/Week_0/ros2_ws/install/part3_beyond_basics/local/lib/python3.10/dist-packages/part3_beyond_basics_modules-0.0.0-py3.10.egg-info/dependency_links.txt
[0.831s] -- Installing: /home/vivaan/Documents/star_project_submissions/Week_0/ros2_ws/install/part3_beyond_basics/local/lib/python3.10/dist-packages/part3_beyond_basics_modules-0.0.0-py3.10.egg-info/SOURCES.txt
[0.831s] -- Up-to-date: /home/vivaan/Documents/star_project_submissions/Week_0/ros2_ws/install/part3_beyond_basics/local/lib/python3.10/dist-packages/part3_beyond_basics_modules
[0.831s] -- Up-to-date: /home/vivaan/Documents/star_project_submissions/Week_0/ros2_ws/install/part3_beyond_basics/local/lib/python3.10/dist-packages/part3_beyond_basics_modules/tb3_tools.py
[0.831s] -- Up-to-date: /home/vivaan/Documents/star_project_submissions/Week_0/ros2_ws/install/part3_beyond_basics/local/lib/python3.10/dist-packages/part3_beyond_basics_modules/__init__.py
[0.855s] Listing '/home/vivaan/Documents/star_project_submissions/Week_0/ros2_ws/install/part3_beyond_basics/local/lib/python3.10/dist-packages/part3_beyond_basics_modules'...
[0.858s] -- Up-to-date: /home/vivaan/Documents/star_project_submissions/Week_0/ros2_ws/install/part3_beyond_basics/lib/part3_beyond_basics/basic_velocity_control.py
[0.858s] -- Up-to-date: /home/vivaan/Documents/star_project_submissions/Week_0/ros2_ws/install/part3_beyond_basics/lib/part3_beyond_basics/stop_me.py
[0.858s] -- Installing: /home/vivaan/Documents/star_project_submissions/Week_0/ros2_ws/install/part3_beyond_basics/lib/part3_beyond_basics/param_circle.py
[0.858s] -- Up-to-date: /home/vivaan/Documents/star_project_submissions/Week_0/ros2_ws/install/part3_beyond_basics/share/part3_beyond_basics/launch
[0.858s] -- Up-to-date: /home/vivaan/Documents/star_project_submissions/Week_0/ros2_ws/install/part3_beyond_basics/share/part3_beyond_basics/launch/pubsub.launch.py
[0.859s] -- Up-to-date: /home/vivaan/Documents/star_project_submissions/Week_0/ros2_ws/install/part3_beyond_basics/share/ament_index/resource_index/package_run_dependencies/part3_beyond_basics
[0.859s] -- Installing: /home/vivaan/Documents/star_project_submissions/Week_0/ros2_ws/install/part3_beyond_basics/share/ament_index/resource_index/parent_prefix_path/part3_beyond_basics
[0.859s] -- Up-to-date: /home/vivaan/Documents/star_project_submissions/Week_0/ros2_ws/install/part3_beyond_basics/share/part3_beyond_basics/environment/ament_prefix_path.sh
[0.859s] -- Installing: /home/vivaan/Documents/star_project_submissions/Week_0/ros2_ws/install/part3_beyond_basics/share/part3_beyond_basics/environment/ament_prefix_path.dsv
[0.859s] -- Up-to-date: /home/vivaan/Documents/star_project_submissions/Week_0/ros2_ws/install/part3_beyond_basics/share/part3_beyond_basics/environment/path.sh
[0.859s] -- Installing: /home/vivaan/Documents/star_project_submissions/Week_0/ros2_ws/install/part3_beyond_basics/share/part3_beyond_basics/environment/path.dsv
[0.859s] -- Up-to-date: /home/vivaan/Documents/star_project_submissions/Week_0/ros2_ws/install/part3_beyond_basics/share/part3_beyond_basics/local_setup.bash
[0.859s] -- Up-to-date: /home/vivaan/Documents/star_project_submissions/Week_0/ros2_ws/install/part3_beyond_basics/share/part3_beyond_basics/local_setup.sh
[0.859s] -- Up-to-date: /home/vivaan/Documents/star_project_submissions/Week_0/ros2_ws/install/part3_beyond_basics/share/part3_beyond_basics/local_setup.zsh
[0.859s] -- Installing: /home/vivaan/Documents/star_project_submissions/Week_0/ros2_ws/install/part3_beyond_basics/share/part3_beyond_basics/local_setup.dsv
[0.860s] -- Installing: /home/vivaan/Documents/star_project_submissions/Week_0/ros2_ws/install/part3_beyond_basics/share/part3_beyond_basics/package.dsv
[0.860s] -- Up-to-date: /home/vivaan/Documents/star_project_submissions/Week_0/ros2_ws/install/part3_beyond_basics/share/ament_index/resource_index/packages/part3_beyond_basics
[0.860s] -- Up-to-date: /home/vivaan/Documents/star_project_submissions/Week_0/ros2_ws/install/part3_beyond_basics/share/part3_beyond_basics/cmake/part3_beyond_basicsConfig.cmake
[0.860s] -- Up-to-date: /home/vivaan/Documents/star_project_submissions/Week_0/ros2_ws/install/part3_beyond_basics/share/part3_beyond_basics/cmake/part3_beyond_basicsConfig-version.cmake
[0.860s] -- Up-to-date: /home/vivaan/Documents/star_project_submissions/Week_0/ros2_ws/install/part3_beyond_basics/share/part3_beyond_basics/package.xml
[0.861s] Invoked command in '/home/vivaan/Documents/star_project_submissions/Week_0/ros2_ws/build/part3_beyond_basics' returned '0': CMAKE_PREFIX_PATH=${CMAKE_PREFIX_PATH}:/opt/ros/humble /usr/bin/cmake --install /home/vivaan/Documents/star_project_submissions/Week_0/ros2_ws/build/part3_beyond_basics
