-- The C compiler identification is GNU 11.4.0
-- The CXX compiler identification is GNU 11.4.0
-- Detecting C compiler ABI info
-- Detecting C compiler ABI info - done
-- Check for working C compiler: /usr/bin/cc - skipped
-- Detecting C compile features
-- Detecting C compile features - done
-- Detecting CXX compiler ABI info
-- Detecting CXX compiler ABI info - done
-- Check for working CXX compiler: /usr/bin/c++ - skipped
-- Detecting CXX compile features
-- Detecting CXX compile features - done
-- Found ament_cmake: 1.3.14 (/opt/ros/humble/share/ament_cmake/cmake)
-- Found Python3: /usr/bin/python3 (found version "3.10.12") found components: Interpreter 
-- Found rclcpp: 16.0.19 (/opt/ros/humble/share/rclcpp/cmake)
-- Found rosidl_generator_c: 3.1.8 (/opt/ros/humble/share/rosidl_generator_c/cmake)
-- Found rosidl_adapter: 3.1.8 (/opt/ros/humble/share/rosidl_adapter/cmake)
-- Found rosidl_generator_cpp: 3.1.8 (/opt/ros/humble/share/rosidl_generator_cpp/cmake)
-- Using all available rosidl_typesupport_c: rosidl_typesupport_fastrtps_c;rosidl_typesupport_introspection_c
-- Using all available rosidl_typesupport_cpp: rosidl_typesupport_fastrtps_cpp;rosidl_typesupport_introspection_cpp
-- Found rmw_implementation_cmake: 6.1.2 (/opt/ros/humble/share/rmw_implementation_cmake/cmake)
-- Found rmw_fastrtps_cpp: 6.2.10 (/opt/ros/humble/share/rmw_fastrtps_cpp/cmake)
-- Found OpenSSL: /usr/lib/x86_64-linux-gnu/libcrypto.so (found version "3.0.2")  
-- Found FastRTPS: /opt/ros/humble/include  
-- Using RMW implementation 'rmw_fastrtps_cpp' as default
-- Looking for pthread.h
-- Looking for pthread.h - found
-- Performing Test CMAKE_HAVE_LIBC_PTHREAD
-- Performing Test CMAKE_HAVE_LIBC_PTHREAD - Success
-- Found Threads: TRUE  
-- Found rclpy: 3.3.21 (/opt/ros/humble/share/rclpy/cmake)
-- Configuring done
-- Generating done
-- Build files have been written to: /home/vivaan/Documents/star_project_submissions/Week_0/ros2_ws/build/tuos_examples
[ 50%] [32mBuilding CXX object CMakeFiles/cpp_executable.dir/src/minimal_node.cpp.o[0m
[ 50%] Built target ament_cmake_python_copy_tuos_examples
running egg_info
creating tuos_examples.egg-info
writing tuos_examples.egg-info/PKG-INFO
writing dependency_links to tuos_examples.egg-info/dependency_links.txt
writing top-level names to tuos_examples.egg-info/top_level.txt
writing manifest file 'tuos_examples.egg-info/SOURCES.txt'
reading manifest file 'tuos_examples.egg-info/SOURCES.txt'
writing manifest file 'tuos_examples.egg-info/SOURCES.txt'
[ 50%] Built target ament_cmake_python_build_tuos_examples_egg
[100%] [32m[1mLinking CXX executable cpp_executable[0m
[100%] Built target cpp_executable
-- Install configuration: ""
-- Installing: /home/vivaan/Documents/star_project_submissions/Week_0/ros2_ws/install/tuos_examples/lib/tuos_examples/cpp_executable
-- Set runtime path of "/home/vivaan/Documents/star_project_submissions/Week_0/ros2_ws/install/tuos_examples/lib/tuos_examples/cpp_executable" to ""
-- Installing: /home/vivaan/Documents/star_project_submissions/Week_0/ros2_ws/install/tuos_examples/share/tuos_examples/environment/pythonpath.sh
-- Installing: /home/vivaan/Documents/star_project_submissions/Week_0/ros2_ws/install/tuos_examples/share/tuos_examples/environment/pythonpath.dsv
-- Installing: /home/vivaan/Documents/star_project_submissions/Week_0/ros2_ws/install/tuos_examples/local/lib/python3.10/dist-packages/tuos_examples-0.0.0-py3.10.egg-info
-- Installing: /home/vivaan/Documents/star_project_submissions/Week_0/ros2_ws/install/tuos_examples/local/lib/python3.10/dist-packages/tuos_examples-0.0.0-py3.10.egg-info/PKG-INFO
-- Installing: /home/vivaan/Documents/star_project_submissions/Week_0/ros2_ws/install/tuos_examples/local/lib/python3.10/dist-packages/tuos_examples-0.0.0-py3.10.egg-info/top_level.txt
-- Installing: /home/vivaan/Documents/star_project_submissions/Week_0/ros2_ws/install/tuos_examples/local/lib/python3.10/dist-packages/tuos_examples-0.0.0-py3.10.egg-info/dependency_links.txt
-- Installing: /home/vivaan/Documents/star_project_submissions/Week_0/ros2_ws/install/tuos_examples/local/lib/python3.10/dist-packages/tuos_examples-0.0.0-py3.10.egg-info/SOURCES.txt
-- Installing: /home/vivaan/Documents/star_project_submissions/Week_0/ros2_ws/install/tuos_examples/local/lib/python3.10/dist-packages/tuos_examples
-- Installing: /home/vivaan/Documents/star_project_submissions/Week_0/ros2_ws/install/tuos_examples/local/lib/python3.10/dist-packages/tuos_examples/tb3_tools.py
-- Installing: /home/vivaan/Documents/star_project_submissions/Week_0/ros2_ws/install/tuos_examples/local/lib/python3.10/dist-packages/tuos_examples/__init__.py
Listing '/home/vivaan/Documents/star_project_submissions/Week_0/ros2_ws/install/tuos_examples/local/lib/python3.10/dist-packages/tuos_examples'...
Compiling '/home/vivaan/Documents/star_project_submissions/Week_0/ros2_ws/install/tuos_examples/local/lib/python3.10/dist-packages/tuos_examples/__init__.py'...
Compiling '/home/vivaan/Documents/star_project_submissions/Week_0/ros2_ws/install/tuos_examples/local/lib/python3.10/dist-packages/tuos_examples/tb3_tools.py'...
-- Installing: /home/vivaan/Documents/star_project_submissions/Week_0/ros2_ws/install/tuos_examples/lib/tuos_examples/odom_subscriber_template.py
-- Installing: /home/vivaan/Documents/star_project_submissions/Week_0/ros2_ws/install/tuos_examples/lib/tuos_examples/robot_pose.py
-- Installing: /home/vivaan/Documents/star_project_submissions/Week_0/ros2_ws/install/tuos_examples/lib/tuos_examples/camera_sweep_action_server.py
-- Installing: /home/vivaan/Documents/star_project_submissions/Week_0/ros2_ws/install/tuos_examples/lib/tuos_examples/waffle_yaw_action_server.py
-- Installing: /home/vivaan/Documents/star_project_submissions/Week_0/ros2_ws/install/tuos_examples/lib/tuos_examples/image_colours.py
-- Installing: /home/vivaan/Documents/star_project_submissions/Week_0/ros2_ws/install/tuos_examples/lib/tuos_examples/colour_search.py
-- Installing: /home/vivaan/Documents/star_project_submissions/Week_0/ros2_ws/install/tuos_examples/lib/tuos_examples/number_game.py
-- Installing: /home/vivaan/Documents/star_project_submissions/Week_0/ros2_ws/install/tuos_examples/lib/tuos_examples/param_publisher.py
-- Installing: /home/vivaan/Documents/star_project_submissions/Week_0/ros2_ws/install/tuos_examples/share/tuos_examples/launch
-- Installing: /home/vivaan/Documents/star_project_submissions/Week_0/ros2_ws/install/tuos_examples/share/tuos_examples/launch/cli_example.launch.py
-- Installing: /home/vivaan/Documents/star_project_submissions/Week_0/ros2_ws/install/tuos_examples/share/ament_index/resource_index/package_run_dependencies/tuos_examples
-- Installing: /home/vivaan/Documents/star_project_submissions/Week_0/ros2_ws/install/tuos_examples/share/ament_index/resource_index/parent_prefix_path/tuos_examples
-- Installing: /home/vivaan/Documents/star_project_submissions/Week_0/ros2_ws/install/tuos_examples/share/tuos_examples/environment/ament_prefix_path.sh
-- Installing: /home/vivaan/Documents/star_project_submissions/Week_0/ros2_ws/install/tuos_examples/share/tuos_examples/environment/ament_prefix_path.dsv
-- Installing: /home/vivaan/Documents/star_project_submissions/Week_0/ros2_ws/install/tuos_examples/share/tuos_examples/environment/path.sh
-- Installing: /home/vivaan/Documents/star_project_submissions/Week_0/ros2_ws/install/tuos_examples/share/tuos_examples/environment/path.dsv
-- Installing: /home/vivaan/Documents/star_project_submissions/Week_0/ros2_ws/install/tuos_examples/share/tuos_examples/local_setup.bash
-- Installing: /home/vivaan/Documents/star_project_submissions/Week_0/ros2_ws/install/tuos_examples/share/tuos_examples/local_setup.sh
-- Installing: /home/vivaan/Documents/star_project_submissions/Week_0/ros2_ws/install/tuos_examples/share/tuos_examples/local_setup.zsh
-- Installing: /home/vivaan/Documents/star_project_submissions/Week_0/ros2_ws/install/tuos_examples/share/tuos_examples/local_setup.dsv
-- Installing: /home/vivaan/Documents/star_project_submissions/Week_0/ros2_ws/install/tuos_examples/share/tuos_examples/package.dsv
-- Installing: /home/vivaan/Documents/star_project_submissions/Week_0/ros2_ws/install/tuos_examples/share/ament_index/resource_index/packages/tuos_examples
-- Installing: /home/vivaan/Documents/star_project_submissions/Week_0/ros2_ws/install/tuos_examples/share/tuos_examples/cmake/tuos_examplesConfig.cmake
-- Installing: /home/vivaan/Documents/star_project_submissions/Week_0/ros2_ws/install/tuos_examples/share/tuos_examples/cmake/tuos_examplesConfig-version.cmake
-- Installing: /home/vivaan/Documents/star_project_submissions/Week_0/ros2_ws/install/tuos_examples/share/tuos_examples/package.xml
