[0.011s] Invoking command in '/home/vivaan/Documents/star_project_submissions/Week_0/ros2_ws/build/tuos_examples': CMAKE_PREFIX_PATH=/opt/ros/humble /usr/bin/cmake /home/vivaan/Documents/star_project_submissions/Week_0/ros2_ws/src/tuos_ros/tuos_examples -DCMAKE_INSTALL_PREFIX=/home/vivaan/Documents/star_project_submissions/Week_0/ros2_ws/install/tuos_examples
[0.056s] -- The C compiler identification is GNU 11.4.0
[0.097s] -- The CXX compiler identification is GNU 11.4.0
[0.105s] -- Detecting C compiler ABI info
[0.153s] -- Detecting C compiler ABI info - done
[0.159s] -- Check for working C compiler: /usr/bin/cc - skipped
[0.159s] -- Detecting C compile features
[0.159s] -- Detecting C compile features - done
[0.162s] -- Detecting CXX compiler ABI info
[0.220s] -- Detecting CXX compiler ABI info - done
[0.226s] -- Check for working CXX compiler: /usr/bin/c++ - skipped
[0.226s] -- Detecting CXX compile features
[0.227s] -- Detecting CXX compile features - done
[0.229s] -- Found ament_cmake: 1.3.14 (/opt/ros/humble/share/ament_cmake/cmake)
[0.538s] -- Found Python3: /usr/bin/python3 (found version "3.10.12") found components: Interpreter 
[0.611s] -- Found rclcpp: 16.0.19 (/opt/ros/humble/share/rclcpp/cmake)
[0.654s] -- Found rosidl_generator_c: 3.1.8 (/opt/ros/humble/share/rosidl_generator_c/cmake)
[0.659s] -- Found rosidl_adapter: 3.1.8 (/opt/ros/humble/share/rosidl_adapter/cmake)
[0.667s] -- Found rosidl_generator_cpp: 3.1.8 (/opt/ros/humble/share/rosidl_generator_cpp/cmake)
[0.680s] -- Using all available rosidl_typesupport_c: rosidl_typesupport_fastrtps_c;rosidl_typesupport_introspection_c
[0.696s] -- Using all available rosidl_typesupport_cpp: rosidl_typesupport_fastrtps_cpp;rosidl_typesupport_introspection_cpp
[0.742s] -- Found rmw_implementation_cmake: 6.1.2 (/opt/ros/humble/share/rmw_implementation_cmake/cmake)
[0.745s] -- Found rmw_fastrtps_cpp: 6.2.10 (/opt/ros/humble/share/rmw_fastrtps_cpp/cmake)
[0.823s] -- Found OpenSSL: /usr/lib/x86_64-linux-gnu/libcrypto.so (found version "3.0.2")  
[0.853s] -- Found FastRTPS: /opt/ros/humble/include  
[0.889s] -- Using RMW implementation 'rmw_fastrtps_cpp' as default
[0.895s] -- Looking for pthread.h
[0.961s] -- Looking for pthread.h - found
[0.961s] -- Performing Test CMAKE_HAVE_LIBC_PTHREAD
[1.032s] -- Performing Test CMAKE_HAVE_LIBC_PTHREAD - Success
[1.033s] -- Found Threads: TRUE  
[1.068s] -- Found rclpy: 3.3.21 (/opt/ros/humble/share/rclpy/cmake)
[1.183s] -- Configuring done
[1.188s] -- Generating done
[1.192s] -- Build files have been written to: /home/vivaan/Documents/star_project_submissions/Week_0/ros2_ws/build/tuos_examples
[1.209s] Invoked command in '/home/vivaan/Documents/star_project_submissions/Week_0/ros2_ws/build/tuos_examples' returned '0': CMAKE_PREFIX_PATH=/opt/ros/humble /usr/bin/cmake /home/vivaan/Documents/star_project_submissions/Week_0/ros2_ws/src/tuos_ros/tuos_examples -DCMAKE_INSTALL_PREFIX=/home/vivaan/Documents/star_project_submissions/Week_0/ros2_ws/install/tuos_examples
[1.210s] Invoking command in '/home/vivaan/Documents/star_project_submissions/Week_0/ros2_ws/build/tuos_examples': CMAKE_PREFIX_PATH=/opt/ros/humble /usr/bin/cmake --build /home/vivaan/Documents/star_project_submissions/Week_0/ros2_ws/build/tuos_examples -- -j12 -l12
[1.251s] [ 50%] [32mBuilding CXX object CMakeFiles/cpp_executable.dir/src/minimal_node.cpp.o[0m
[1.255s] [ 50%] Built target ament_cmake_python_copy_tuos_examples
[1.520s] running egg_info
[1.542s] creating tuos_examples.egg-info
[1.542s] writing tuos_examples.egg-info/PKG-INFO
[1.542s] writing dependency_links to tuos_examples.egg-info/dependency_links.txt
[1.542s] writing top-level names to tuos_examples.egg-info/top_level.txt
[1.542s] writing manifest file 'tuos_examples.egg-info/SOURCES.txt'
[1.607s] reading manifest file 'tuos_examples.egg-info/SOURCES.txt'
[1.609s] writing manifest file 'tuos_examples.egg-info/SOURCES.txt'
[1.651s] [ 50%] Built target ament_cmake_python_build_tuos_examples_egg
[3.906s] [100%] [32m[1mLinking CXX executable cpp_executable[0m
[3.985s] [100%] Built target cpp_executable
[3.995s] Invoked command in '/home/vivaan/Documents/star_project_submissions/Week_0/ros2_ws/build/tuos_examples' returned '0': CMAKE_PREFIX_PATH=/opt/ros/humble /usr/bin/cmake --build /home/vivaan/Documents/star_project_submissions/Week_0/ros2_ws/build/tuos_examples -- -j12 -l12
[3.996s] Invoking command in '/home/vivaan/Documents/star_project_submissions/Week_0/ros2_ws/build/tuos_examples': CMAKE_PREFIX_PATH=/opt/ros/humble /usr/bin/cmake --install /home/vivaan/Documents/star_project_submissions/Week_0/ros2_ws/build/tuos_examples
[4.004s] -- Install configuration: ""
[4.004s] -- Installing: /home/vivaan/Documents/star_project_submissions/Week_0/ros2_ws/install/tuos_examples/lib/tuos_examples/cpp_executable
[4.004s] -- Set runtime path of "/home/vivaan/Documents/star_project_submissions/Week_0/ros2_ws/install/tuos_examples/lib/tuos_examples/cpp_executable" to ""
[4.004s] -- Installing: /home/vivaan/Documents/star_project_submissions/Week_0/ros2_ws/install/tuos_examples/share/tuos_examples/environment/pythonpath.sh
[4.005s] -- Installing: /home/vivaan/Documents/star_project_submissions/Week_0/ros2_ws/install/tuos_examples/share/tuos_examples/environment/pythonpath.dsv
[4.005s] -- Installing: /home/vivaan/Documents/star_project_submissions/Week_0/ros2_ws/install/tuos_examples/local/lib/python3.10/dist-packages/tuos_examples-0.0.0-py3.10.egg-info
[4.005s] -- Installing: /home/vivaan/Documents/star_project_submissions/Week_0/ros2_ws/install/tuos_examples/local/lib/python3.10/dist-packages/tuos_examples-0.0.0-py3.10.egg-info/PKG-INFO
[4.005s] -- Installing: /home/vivaan/Documents/star_project_submissions/Week_0/ros2_ws/install/tuos_examples/local/lib/python3.10/dist-packages/tuos_examples-0.0.0-py3.10.egg-info/top_level.txt
[4.005s] -- Installing: /home/vivaan/Documents/star_project_submissions/Week_0/ros2_ws/install/tuos_examples/local/lib/python3.10/dist-packages/tuos_examples-0.0.0-py3.10.egg-info/dependency_links.txt
[4.005s] -- Installing: /home/vivaan/Documents/star_project_submissions/Week_0/ros2_ws/install/tuos_examples/local/lib/python3.10/dist-packages/tuos_examples-0.0.0-py3.10.egg-info/SOURCES.txt
[4.005s] -- Installing: /home/vivaan/Documents/star_project_submissions/Week_0/ros2_ws/install/tuos_examples/local/lib/python3.10/dist-packages/tuos_examples
[4.005s] -- Installing: /home/vivaan/Documents/star_project_submissions/Week_0/ros2_ws/install/tuos_examples/local/lib/python3.10/dist-packages/tuos_examples/tb3_tools.py
[4.005s] -- Installing: /home/vivaan/Documents/star_project_submissions/Week_0/ros2_ws/install/tuos_examples/local/lib/python3.10/dist-packages/tuos_examples/__init__.py
[4.030s] Listing '/home/vivaan/Documents/star_project_submissions/Week_0/ros2_ws/install/tuos_examples/local/lib/python3.10/dist-packages/tuos_examples'...
[4.030s] Compiling '/home/vivaan/Documents/star_project_submissions/Week_0/ros2_ws/install/tuos_examples/local/lib/python3.10/dist-packages/tuos_examples/__init__.py'...
[4.030s] Compiling '/home/vivaan/Documents/star_project_submissions/Week_0/ros2_ws/install/tuos_examples/local/lib/python3.10/dist-packages/tuos_examples/tb3_tools.py'...
[4.033s] -- Installing: /home/vivaan/Documents/star_project_submissions/Week_0/ros2_ws/install/tuos_examples/lib/tuos_examples/odom_subscriber_template.py
[4.034s] -- Installing: /home/vivaan/Documents/star_project_submissions/Week_0/ros2_ws/install/tuos_examples/lib/tuos_examples/robot_pose.py
[4.034s] -- Installing: /home/vivaan/Documents/star_project_submissions/Week_0/ros2_ws/install/tuos_examples/lib/tuos_examples/camera_sweep_action_server.py
[4.034s] -- Installing: /home/vivaan/Documents/star_project_submissions/Week_0/ros2_ws/install/tuos_examples/lib/tuos_examples/waffle_yaw_action_server.py
[4.034s] -- Installing: /home/vivaan/Documents/star_project_submissions/Week_0/ros2_ws/install/tuos_examples/lib/tuos_examples/image_colours.py
[4.034s] -- Installing: /home/vivaan/Documents/star_project_submissions/Week_0/ros2_ws/install/tuos_examples/lib/tuos_examples/colour_search.py
[4.034s] -- Installing: /home/vivaan/Documents/star_project_submissions/Week_0/ros2_ws/install/tuos_examples/lib/tuos_examples/number_game.py
[4.034s] -- Installing: /home/vivaan/Documents/star_project_submissions/Week_0/ros2_ws/install/tuos_examples/lib/tuos_examples/param_publisher.py
[4.034s] -- Installing: /home/vivaan/Documents/star_project_submissions/Week_0/ros2_ws/install/tuos_examples/share/tuos_examples/launch
[4.034s] -- Installing: /home/vivaan/Documents/star_project_submissions/Week_0/ros2_ws/install/tuos_examples/share/tuos_examples/launch/cli_example.launch.py
[4.034s] -- Installing: /home/vivaan/Documents/star_project_submissions/Week_0/ros2_ws/install/tuos_examples/share/ament_index/resource_index/package_run_dependencies/tuos_examples
[4.034s] -- Installing: /home/vivaan/Documents/star_project_submissions/Week_0/ros2_ws/install/tuos_examples/share/ament_index/resource_index/parent_prefix_path/tuos_examples
[4.034s] -- Installing: /home/vivaan/Documents/star_project_submissions/Week_0/ros2_ws/install/tuos_examples/share/tuos_examples/environment/ament_prefix_path.sh
[4.034s] -- Installing: /home/vivaan/Documents/star_project_submissions/Week_0/ros2_ws/install/tuos_examples/share/tuos_examples/environment/ament_prefix_path.dsv
[4.034s] -- Installing: /home/vivaan/Documents/star_project_submissions/Week_0/ros2_ws/install/tuos_examples/share/tuos_examples/environment/path.sh
[4.035s] -- Installing: /home/vivaan/Documents/star_project_submissions/Week_0/ros2_ws/install/tuos_examples/share/tuos_examples/environment/path.dsv
[4.035s] -- Installing: /home/vivaan/Documents/star_project_submissions/Week_0/ros2_ws/install/tuos_examples/share/tuos_examples/local_setup.bash
[4.035s] -- Installing: /home/vivaan/Documents/star_project_submissions/Week_0/ros2_ws/install/tuos_examples/share/tuos_examples/local_setup.sh
[4.035s] -- Installing: /home/vivaan/Documents/star_project_submissions/Week_0/ros2_ws/install/tuos_examples/share/tuos_examples/local_setup.zsh
[4.035s] -- Installing: /home/vivaan/Documents/star_project_submissions/Week_0/ros2_ws/install/tuos_examples/share/tuos_examples/local_setup.dsv
[4.035s] -- Installing: /home/vivaan/Documents/star_project_submissions/Week_0/ros2_ws/install/tuos_examples/share/tuos_examples/package.dsv
[4.035s] -- Installing: /home/vivaan/Documents/star_project_submissions/Week_0/ros2_ws/install/tuos_examples/share/ament_index/resource_index/packages/tuos_examples
[4.035s] -- Installing: /home/vivaan/Documents/star_project_submissions/Week_0/ros2_ws/install/tuos_examples/share/tuos_examples/cmake/tuos_examplesConfig.cmake
[4.035s] -- Installing: /home/vivaan/Documents/star_project_submissions/Week_0/ros2_ws/install/tuos_examples/share/tuos_examples/cmake/tuos_examplesConfig-version.cmake
[4.035s] -- Installing: /home/vivaan/Documents/star_project_submissions/Week_0/ros2_ws/install/tuos_examples/share/tuos_examples/package.xml
[4.037s] Invoked command in '/home/vivaan/Documents/star_project_submissions/Week_0/ros2_ws/build/tuos_examples' returned '0': CMAKE_PREFIX_PATH=/opt/ros/humble /usr/bin/cmake --install /home/vivaan/Documents/star_project_submissions/Week_0/ros2_ws/build/tuos_examples
