[0.030s] Invoking command in '/home/vivaan/Documents/star_project_submissions/Week_0/ros2_ws/build/part3_beyond_basics': CMAKE_PREFIX_PATH=/opt/ros/humble /usr/bin/cmake /home/vivaan/Documents/star_project_submissions/Week_0/ros2_ws/src/part3_beyond_basics -DCMAKE_INSTALL_PREFIX=/home/vivaan/Documents/star_project_submissions/Week_0/ros2_ws/install/part3_beyond_basics
[0.235s] -- The C compiler identification is GNU 11.4.0
[0.345s] -- The CXX compiler identification is GNU 11.4.0
[0.353s] -- Detecting C compiler ABI info
[0.412s] -- Detecting C compiler ABI info - done
[0.418s] -- Check for working C compiler: /usr/bin/cc - skipped
[0.418s] -- Detecting C compile features
[0.419s] -- Detecting C compile features - done
[0.421s] -- Detecting CXX compiler ABI info
[0.496s] -- Detecting CXX compiler ABI info - done
[0.501s] -- Check for working CXX compiler: /usr/bin/c++ - skipped
[0.501s] -- Detecting CXX compile features
[0.502s] -- Detecting CXX compile features - done
[0.503s] -- Found ament_cmake: 1.3.14 (/opt/ros/humble/share/ament_cmake/cmake)
[0.767s] -- Found Python3: /usr/bin/python3 (found version "3.10.12") found components: Interpreter 
[0.832s] -- Found rclcpp: 16.0.19 (/opt/ros/humble/share/rclcpp/cmake)
[0.859s] -- Found rosidl_generator_c: 3.1.8 (/opt/ros/humble/share/rosidl_generator_c/cmake)
[0.863s] -- Found rosidl_adapter: 3.1.8 (/opt/ros/humble/share/rosidl_adapter/cmake)
[0.868s] -- Found rosidl_generator_cpp: 3.1.8 (/opt/ros/humble/share/rosidl_generator_cpp/cmake)
[0.875s] -- Using all available rosidl_typesupport_c: rosidl_typesupport_fastrtps_c;rosidl_typesupport_introspection_c
[0.885s] -- Using all available rosidl_typesupport_cpp: rosidl_typesupport_fastrtps_cpp;rosidl_typesupport_introspection_cpp
[0.912s] -- Found rmw_implementation_cmake: 6.1.2 (/opt/ros/humble/share/rmw_implementation_cmake/cmake)
[0.913s] -- Found rmw_fastrtps_cpp: 6.2.10 (/opt/ros/humble/share/rmw_fastrtps_cpp/cmake)
[0.991s] -- Found OpenSSL: /usr/lib/x86_64-linux-gnu/libcrypto.so (found version "3.0.2")  
[1.020s] -- Found FastRTPS: /opt/ros/humble/include  
[1.052s] -- Using RMW implementation 'rmw_fastrtps_cpp' as default
[1.058s] -- Looking for pthread.h
[1.150s] -- Looking for pthread.h - found
[1.150s] -- Performing Test CMAKE_HAVE_LIBC_PTHREAD
[1.239s] -- Performing Test CMAKE_HAVE_LIBC_PTHREAD - Success
[1.240s] -- Found Threads: TRUE  
[1.276s] -- Found rclpy: 3.3.21 (/opt/ros/humble/share/rclpy/cmake)
[1.385s] -- Configuring done
[1.388s] -- Generating done
[1.390s] -- Build files have been written to: /home/vivaan/Documents/star_project_submissions/Week_0/ros2_ws/build/part3_beyond_basics
[1.398s] Invoked command in '/home/vivaan/Documents/star_project_submissions/Week_0/ros2_ws/build/part3_beyond_basics' returned '0': CMAKE_PREFIX_PATH=/opt/ros/humble /usr/bin/cmake /home/vivaan/Documents/star_project_submissions/Week_0/ros2_ws/src/part3_beyond_basics -DCMAKE_INSTALL_PREFIX=/home/vivaan/Documents/star_project_submissions/Week_0/ros2_ws/install/part3_beyond_basics
[1.399s] Invoking command in '/home/vivaan/Documents/star_project_submissions/Week_0/ros2_ws/build/part3_beyond_basics': CMAKE_PREFIX_PATH=/opt/ros/humble /usr/bin/cmake --build /home/vivaan/Documents/star_project_submissions/Week_0/ros2_ws/build/part3_beyond_basics -- -j12 -l12
[1.449s] Built target ament_cmake_python_copy_part3_beyond_basics_modules
[1.589s] running egg_info
[1.597s] creating part3_beyond_basics_modules.egg-info
[1.597s] writing part3_beyond_basics_modules.egg-info/PKG-INFO
[1.597s] writing dependency_links to part3_beyond_basics_modules.egg-info/dependency_links.txt
[1.598s] writing top-level names to part3_beyond_basics_modules.egg-info/top_level.txt
[1.598s] writing manifest file 'part3_beyond_basics_modules.egg-info/SOURCES.txt'
[1.623s] reading manifest file 'part3_beyond_basics_modules.egg-info/SOURCES.txt'
[1.623s] writing manifest file 'part3_beyond_basics_modules.egg-info/SOURCES.txt'
[1.646s] Built target ament_cmake_python_build_part3_beyond_basics_modules_egg
[1.654s] Invoked command in '/home/vivaan/Documents/star_project_submissions/Week_0/ros2_ws/build/part3_beyond_basics' returned '0': CMAKE_PREFIX_PATH=/opt/ros/humble /usr/bin/cmake --build /home/vivaan/Documents/star_project_submissions/Week_0/ros2_ws/build/part3_beyond_basics -- -j12 -l12
[1.655s] Invoking command in '/home/vivaan/Documents/star_project_submissions/Week_0/ros2_ws/build/part3_beyond_basics': CMAKE_PREFIX_PATH=/opt/ros/humble /usr/bin/cmake --install /home/vivaan/Documents/star_project_submissions/Week_0/ros2_ws/build/part3_beyond_basics
[1.660s] -- Install configuration: ""
[1.660s] -- Installing: /home/vivaan/Documents/star_project_submissions/Week_0/ros2_ws/install/part3_beyond_basics/share/part3_beyond_basics/environment/pythonpath.sh
[1.660s] -- Installing: /home/vivaan/Documents/star_project_submissions/Week_0/ros2_ws/install/part3_beyond_basics/share/part3_beyond_basics/environment/pythonpath.dsv
[1.660s] -- Installing: /home/vivaan/Documents/star_project_submissions/Week_0/ros2_ws/install/part3_beyond_basics/local/lib/python3.10/dist-packages/part3_beyond_basics_modules-0.0.0-py3.10.egg-info
[1.660s] -- Installing: /home/vivaan/Documents/star_project_submissions/Week_0/ros2_ws/install/part3_beyond_basics/local/lib/python3.10/dist-packages/part3_beyond_basics_modules-0.0.0-py3.10.egg-info/PKG-INFO
[1.661s] -- Installing: /home/vivaan/Documents/star_project_submissions/Week_0/ros2_ws/install/part3_beyond_basics/local/lib/python3.10/dist-packages/part3_beyond_basics_modules-0.0.0-py3.10.egg-info/top_level.txt
[1.661s] -- Installing: /home/vivaan/Documents/star_project_submissions/Week_0/ros2_ws/install/part3_beyond_basics/local/lib/python3.10/dist-packages/part3_beyond_basics_modules-0.0.0-py3.10.egg-info/dependency_links.txt
[1.661s] -- Installing: /home/vivaan/Documents/star_project_submissions/Week_0/ros2_ws/install/part3_beyond_basics/local/lib/python3.10/dist-packages/part3_beyond_basics_modules-0.0.0-py3.10.egg-info/SOURCES.txt
[1.661s] -- Installing: /home/vivaan/Documents/star_project_submissions/Week_0/ros2_ws/install/part3_beyond_basics/local/lib/python3.10/dist-packages/part3_beyond_basics_modules
[1.661s] -- Installing: /home/vivaan/Documents/star_project_submissions/Week_0/ros2_ws/install/part3_beyond_basics/local/lib/python3.10/dist-packages/part3_beyond_basics_modules/tb3_tools.py
[1.661s] -- Installing: /home/vivaan/Documents/star_project_submissions/Week_0/ros2_ws/install/part3_beyond_basics/local/lib/python3.10/dist-packages/part3_beyond_basics_modules/__init__.py
[1.684s] Listing '/home/vivaan/Documents/star_project_submissions/Week_0/ros2_ws/install/part3_beyond_basics/local/lib/python3.10/dist-packages/part3_beyond_basics_modules'...
[1.684s] Compiling '/home/vivaan/Documents/star_project_submissions/Week_0/ros2_ws/install/part3_beyond_basics/local/lib/python3.10/dist-packages/part3_beyond_basics_modules/__init__.py'...
[1.684s] Compiling '/home/vivaan/Documents/star_project_submissions/Week_0/ros2_ws/install/part3_beyond_basics/local/lib/python3.10/dist-packages/part3_beyond_basics_modules/tb3_tools.py'...
[1.687s] -- Installing: /home/vivaan/Documents/star_project_submissions/Week_0/ros2_ws/install/part3_beyond_basics/lib/part3_beyond_basics/basic_velocity_control.py
[1.687s] -- Installing: /home/vivaan/Documents/star_project_submissions/Week_0/ros2_ws/install/part3_beyond_basics/lib/part3_beyond_basics/stop_me.py
[1.687s] -- Installing: /home/vivaan/Documents/star_project_submissions/Week_0/ros2_ws/install/part3_beyond_basics/share/part3_beyond_basics/launch
[1.687s] -- Installing: /home/vivaan/Documents/star_project_submissions/Week_0/ros2_ws/install/part3_beyond_basics/share/part3_beyond_basics/launch/pubsub.launch.py
[1.688s] -- Installing: /home/vivaan/Documents/star_project_submissions/Week_0/ros2_ws/install/part3_beyond_basics/share/ament_index/resource_index/package_run_dependencies/part3_beyond_basics
[1.688s] -- Installing: /home/vivaan/Documents/star_project_submissions/Week_0/ros2_ws/install/part3_beyond_basics/share/ament_index/resource_index/parent_prefix_path/part3_beyond_basics
[1.688s] -- Installing: /home/vivaan/Documents/star_project_submissions/Week_0/ros2_ws/install/part3_beyond_basics/share/part3_beyond_basics/environment/ament_prefix_path.sh
[1.688s] -- Installing: /home/vivaan/Documents/star_project_submissions/Week_0/ros2_ws/install/part3_beyond_basics/share/part3_beyond_basics/environment/ament_prefix_path.dsv
[1.688s] -- Installing: /home/vivaan/Documents/star_project_submissions/Week_0/ros2_ws/install/part3_beyond_basics/share/part3_beyond_basics/environment/path.sh
[1.688s] -- Installing: /home/vivaan/Documents/star_project_submissions/Week_0/ros2_ws/install/part3_beyond_basics/share/part3_beyond_basics/environment/path.dsv
[1.688s] -- Installing: /home/vivaan/Documents/star_project_submissions/Week_0/ros2_ws/install/part3_beyond_basics/share/part3_beyond_basics/local_setup.bash
[1.688s] -- Installing: /home/vivaan/Documents/star_project_submissions/Week_0/ros2_ws/install/part3_beyond_basics/share/part3_beyond_basics/local_setup.sh
[1.688s] -- Installing: /home/vivaan/Documents/star_project_submissions/Week_0/ros2_ws/install/part3_beyond_basics/share/part3_beyond_basics/local_setup.zsh
[1.688s] -- Installing: /home/vivaan/Documents/star_project_submissions/Week_0/ros2_ws/install/part3_beyond_basics/share/part3_beyond_basics/local_setup.dsv
[1.688s] -- Installing: /home/vivaan/Documents/star_project_submissions/Week_0/ros2_ws/install/part3_beyond_basics/share/part3_beyond_basics/package.dsv
[1.688s] -- Installing: /home/vivaan/Documents/star_project_submissions/Week_0/ros2_ws/install/part3_beyond_basics/share/ament_index/resource_index/packages/part3_beyond_basics
[1.688s] -- Installing: /home/vivaan/Documents/star_project_submissions/Week_0/ros2_ws/install/part3_beyond_basics/share/part3_beyond_basics/cmake/part3_beyond_basicsConfig.cmake
[1.688s] -- Installing: /home/vivaan/Documents/star_project_submissions/Week_0/ros2_ws/install/part3_beyond_basics/share/part3_beyond_basics/cmake/part3_beyond_basicsConfig-version.cmake
[1.688s] -- Installing: /home/vivaan/Documents/star_project_submissions/Week_0/ros2_ws/install/part3_beyond_basics/share/part3_beyond_basics/package.xml
[1.690s] Invoked command in '/home/vivaan/Documents/star_project_submissions/Week_0/ros2_ws/build/part3_beyond_basics' returned '0': CMAKE_PREFIX_PATH=/opt/ros/humble /usr/bin/cmake --install /home/vivaan/Documents/star_project_submissions/Week_0/ros2_ws/build/part3_beyond_basics
