[35m[1mConsolidate compiler generated dependencies of target cpp_executable[0m
[100%] Built target cpp_executable
[100%] Built target ament_cmake_python_copy_tuos_examples
running egg_info
writing tuos_examples.egg-info/PKG-INFO
writing dependency_links to tuos_examples.egg-info/dependency_links.txt
writing top-level names to tuos_examples.egg-info/top_level.txt
reading manifest file 'tuos_examples.egg-info/SOURCES.txt'
writing manifest file 'tuos_examples.egg-info/SOURCES.txt'
[100%] Built target ament_cmake_python_build_tuos_examples_egg
-- Install configuration: ""
-- Up-to-date: /home/vivaan/Documents/star_project_submissions/Week_0/ros2_ws/install/tuos_examples/lib/tuos_examples/cpp_executable
-- Up-to-date: /home/vivaan/Documents/star_project_submissions/Week_0/ros2_ws/install/tuos_examples/share/tuos_examples/environment/pythonpath.sh
-- Up-to-date: /home/vivaan/Documents/star_project_submissions/Week_0/ros2_ws/install/tuos_examples/share/tuos_examples/environment/pythonpath.dsv
-- Up-to-date: /home/vivaan/Documents/star_project_submissions/Week_0/ros2_ws/install/tuos_examples/local/lib/python3.10/dist-packages/tuos_examples-0.0.0-py3.10.egg-info
-- Installing: /home/vivaan/Documents/star_project_submissions/Week_0/ros2_ws/install/tuos_examples/local/lib/python3.10/dist-packages/tuos_examples-0.0.0-py3.10.egg-info/PKG-INFO
-- Installing: /home/vivaan/Documents/star_project_submissions/Week_0/ros2_ws/install/tuos_examples/local/lib/python3.10/dist-packages/tuos_examples-0.0.0-py3.10.egg-info/top_level.txt
-- Installing: /home/vivaan/Documents/star_project_submissions/Week_0/ros2_ws/install/tuos_examples/local/lib/python3.10/dist-packages/tuos_examples-0.0.0-py3.10.egg-info/dependency_links.txt
-- Installing: /home/vivaan/Documents/star_project_submissions/Week_0/ros2_ws/install/tuos_examples/local/lib/python3.10/dist-packages/tuos_examples-0.0.0-py3.10.egg-info/SOURCES.txt
-- Up-to-date: /home/vivaan/Documents/star_project_submissions/Week_0/ros2_ws/install/tuos_examples/local/lib/python3.10/dist-packages/tuos_examples
-- Up-to-date: /home/vivaan/Documents/star_project_submissions/Week_0/ros2_ws/install/tuos_examples/local/lib/python3.10/dist-packages/tuos_examples/tb3_tools.py
-- Up-to-date: /home/vivaan/Documents/star_project_submissions/Week_0/ros2_ws/install/tuos_examples/local/lib/python3.10/dist-packages/tuos_examples/__init__.py
Listing '/home/vivaan/Documents/star_project_submissions/Week_0/ros2_ws/install/tuos_examples/local/lib/python3.10/dist-packages/tuos_examples'...
-- Up-to-date: /home/vivaan/Documents/star_project_submissions/Week_0/ros2_ws/install/tuos_examples/lib/tuos_examples/odom_subscriber_template.py
-- Up-to-date: /home/vivaan/Documents/star_project_submissions/Week_0/ros2_ws/install/tuos_examples/lib/tuos_examples/robot_pose.py
-- Up-to-date: /home/vivaan/Documents/star_project_submissions/Week_0/ros2_ws/install/tuos_examples/lib/tuos_examples/camera_sweep_action_server.py
-- Up-to-date: /home/vivaan/Documents/star_project_submissions/Week_0/ros2_ws/install/tuos_examples/lib/tuos_examples/waffle_yaw_action_server.py
-- Up-to-date: /home/vivaan/Documents/star_project_submissions/Week_0/ros2_ws/install/tuos_examples/lib/tuos_examples/image_colours.py
-- Up-to-date: /home/vivaan/Documents/star_project_submissions/Week_0/ros2_ws/install/tuos_examples/lib/tuos_examples/colour_search.py
-- Up-to-date: /home/vivaan/Documents/star_project_submissions/Week_0/ros2_ws/install/tuos_examples/lib/tuos_examples/number_game.py
-- Up-to-date: /home/vivaan/Documents/star_project_submissions/Week_0/ros2_ws/install/tuos_examples/lib/tuos_examples/param_publisher.py
-- Up-to-date: /home/vivaan/Documents/star_project_submissions/Week_0/ros2_ws/install/tuos_examples/share/tuos_examples/launch
-- Up-to-date: /home/vivaan/Documents/star_project_submissions/Week_0/ros2_ws/install/tuos_examples/share/tuos_examples/launch/cli_example.launch.py
-- Up-to-date: /home/vivaan/Documents/star_project_submissions/Week_0/ros2_ws/install/tuos_examples/share/ament_index/resource_index/package_run_dependencies/tuos_examples
-- Up-to-date: /home/vivaan/Documents/star_project_submissions/Week_0/ros2_ws/install/tuos_examples/share/ament_index/resource_index/parent_prefix_path/tuos_examples
-- Up-to-date: /home/vivaan/Documents/star_project_submissions/Week_0/ros2_ws/install/tuos_examples/share/tuos_examples/environment/ament_prefix_path.sh
-- Up-to-date: /home/vivaan/Documents/star_project_submissions/Week_0/ros2_ws/install/tuos_examples/share/tuos_examples/environment/ament_prefix_path.dsv
-- Up-to-date: /home/vivaan/Documents/star_project_submissions/Week_0/ros2_ws/install/tuos_examples/share/tuos_examples/environment/path.sh
-- Up-to-date: /home/vivaan/Documents/star_project_submissions/Week_0/ros2_ws/install/tuos_examples/share/tuos_examples/environment/path.dsv
-- Up-to-date: /home/vivaan/Documents/star_project_submissions/Week_0/ros2_ws/install/tuos_examples/share/tuos_examples/local_setup.bash
-- Up-to-date: /home/vivaan/Documents/star_project_submissions/Week_0/ros2_ws/install/tuos_examples/share/tuos_examples/local_setup.sh
-- Up-to-date: /home/vivaan/Documents/star_project_submissions/Week_0/ros2_ws/install/tuos_examples/share/tuos_examples/local_setup.zsh
-- Up-to-date: /home/vivaan/Documents/star_project_submissions/Week_0/ros2_ws/install/tuos_examples/share/tuos_examples/local_setup.dsv
-- Installing: /home/vivaan/Documents/star_project_submissions/Week_0/ros2_ws/install/tuos_examples/share/tuos_examples/package.dsv
-- Up-to-date: /home/vivaan/Documents/star_project_submissions/Week_0/ros2_ws/install/tuos_examples/share/ament_index/resource_index/packages/tuos_examples
-- Up-to-date: /home/vivaan/Documents/star_project_submissions/Week_0/ros2_ws/install/tuos_examples/share/tuos_examples/cmake/tuos_examplesConfig.cmake
-- Up-to-date: /home/vivaan/Documents/star_project_submissions/Week_0/ros2_ws/install/tuos_examples/share/tuos_examples/cmake/tuos_examplesConfig-version.cmake
-- Up-to-date: /home/vivaan/Documents/star_project_submissions/Week_0/ros2_ws/install/tuos_examples/share/tuos_examples/package.xml
