[0.011s] Invoking command in '/home/vivaan/Documents/star_project_submissions/Week_0/ros2_ws/build/tuos_interfaces': CMAKE_PREFIX_PATH=/opt/ros/humble /usr/bin/cmake /home/vivaan/Documents/star_project_submissions/Week_0/ros2_ws/src/tuos_ros/tuos_interfaces -DCMAKE_INSTALL_PREFIX=/home/vivaan/Documents/star_project_submissions/Week_0/ros2_ws/install/tuos_interfaces
[0.048s] -- The C compiler identification is GNU 11.4.0
[0.093s] -- The CXX compiler identification is GNU 11.4.0
[0.099s] -- Detecting C compiler ABI info
[0.148s] -- Detecting C compiler ABI info - done
[0.153s] -- Check for working C compiler: /usr/bin/cc - skipped
[0.153s] -- Detecting C compile features
[0.153s] -- Detecting C compile features - done
[0.155s] -- Detecting CXX compiler ABI info
[0.226s] -- Detecting CXX compiler ABI info - done
[0.234s] -- Check for working CXX compiler: /usr/bin/c++ - skipped
[0.234s] -- Detecting CXX compile features
[0.235s] -- Detecting CXX compile features - done
[0.237s] -- Found ament_cmake: 1.3.14 (/opt/ros/humble/share/ament_cmake/cmake)
[0.515s] -- Found Python3: /usr/bin/python3 (found version "3.10.12") found components: Interpreter 
[0.588s] -- Found ament_lint_auto: 0.12.15 (/opt/ros/humble/share/ament_lint_auto/cmake)
[0.644s] -- Found geometry_msgs: 4.9.1 (/opt/ros/humble/share/geometry_msgs/cmake)
[0.674s] -- Found rosidl_generator_c: 3.1.8 (/opt/ros/humble/share/rosidl_generator_c/cmake)
[0.678s] -- Found rosidl_adapter: 3.1.8 (/opt/ros/humble/share/rosidl_adapter/cmake)
[0.686s] -- Found rosidl_generator_cpp: 3.1.8 (/opt/ros/humble/share/rosidl_generator_cpp/cmake)
[0.696s] -- Using all available rosidl_typesupport_c: rosidl_typesupport_fastrtps_c;rosidl_typesupport_introspection_c
[0.710s] -- Using all available rosidl_typesupport_cpp: rosidl_typesupport_fastrtps_cpp;rosidl_typesupport_introspection_cpp
[0.746s] -- Found rosidl_default_generators: 1.2.1 (/opt/ros/humble/share/rosidl_default_generators/cmake)
[0.942s] -- Found ament_cmake_ros: 0.10.0 (/opt/ros/humble/share/ament_cmake_ros/cmake)
[1.190s] -- Using all available rosidl_typesupport_c: rosidl_typesupport_fastrtps_c;rosidl_typesupport_introspection_c
[1.289s] -- Using all available rosidl_typesupport_cpp: rosidl_typesupport_fastrtps_cpp;rosidl_typesupport_introspection_cpp
[1.316s] -- Found PythonInterp: /usr/bin/python3 (found suitable version "3.10.12", minimum required is "3.6") 
[1.318s] -- Found python_cmake_module: 0.10.0 (/opt/ros/humble/share/python_cmake_module/cmake)
[1.339s] -- Found PythonLibs: /usr/lib/x86_64-linux-gnu/libpython3.10.so (found suitable version "3.10.12", minimum required is "3.5") 
[1.339s] -- Using PYTHON_EXECUTABLE: /usr/bin/python3
[1.339s] -- Using PYTHON_INCLUDE_DIRS: /usr/include/python3.10
[1.339s] -- Using PYTHON_LIBRARIES: /usr/lib/x86_64-linux-gnu/libpython3.10.so
[1.356s] -- Found PythonExtra: .so  
[1.434s] -- Added test 'copyright' to check source files copyright and LICENSE
[1.435s] -- Added test 'lint_cmake' to check CMake code style
[1.436s] -- Added test 'xmllint' to check XML markup files
[1.439s] -- Configuring done
[1.465s] -- Generating done
[1.474s] -- Build files have been written to: /home/vivaan/Documents/star_project_submissions/Week_0/ros2_ws/build/tuos_interfaces
[1.483s] Invoked command in '/home/vivaan/Documents/star_project_submissions/Week_0/ros2_ws/build/tuos_interfaces' returned '0': CMAKE_PREFIX_PATH=/opt/ros/humble /usr/bin/cmake /home/vivaan/Documents/star_project_submissions/Week_0/ros2_ws/src/tuos_ros/tuos_interfaces -DCMAKE_INSTALL_PREFIX=/home/vivaan/Documents/star_project_submissions/Week_0/ros2_ws/install/tuos_interfaces
[1.484s] Invoking command in '/home/vivaan/Documents/star_project_submissions/Week_0/ros2_ws/build/tuos_interfaces': CMAKE_PREFIX_PATH=/opt/ros/humble /usr/bin/cmake --build /home/vivaan/Documents/star_project_submissions/Week_0/ros2_ws/build/tuos_interfaces -- -j12 -l12
[1.513s] [  2%] [34m[1mGenerating C code for ROS interfaces[0m
[1.521s] [  4%] [34m[1mGenerating C++ code for ROS interfaces[0m
[1.522s] [  6%] [34m[1mGenerating Rust code for ROS interfaces[0m
[1.526s] [  6%] Built target ament_cmake_python_copy_tuos_interfaces
[1.757s] running egg_info
[1.768s] creating tuos_interfaces.egg-info
[1.768s] writing tuos_interfaces.egg-info/PKG-INFO
[1.768s] writing dependency_links to tuos_interfaces.egg-info/dependency_links.txt
[1.768s] writing top-level names to tuos_interfaces.egg-info/top_level.txt
[1.769s] writing manifest file 'tuos_interfaces.egg-info/SOURCES.txt'
[1.798s] reading manifest file 'tuos_interfaces.egg-info/SOURCES.txt'
[1.799s] writing manifest file 'tuos_interfaces.egg-info/SOURCES.txt'
[1.822s] [  6%] Built target tuos_interfaces__rs
[1.829s] [  6%] Built target ament_cmake_python_build_tuos_interfaces_egg
[1.956s] [  6%] Built target tuos_interfaces__cpp
[1.967s] [  8%] [34m[1mGenerating C++ introspection for ROS interfaces[0m
[1.967s] [ 12%] [34m[1mGenerating C++ type support dispatch for ROS interfaces[0m
[1.967s] [ 12%] [34m[1mGenerating C++ type support for eProsima Fast-RTPS[0m
[2.184s] [ 16%] [32mBuilding C object CMakeFiles/tuos_interfaces__rosidl_generator_c.dir/rosidl_generator_c/tuos_interfaces/srv/detail/number_game__functions.c.o[0m
[2.184s] [ 16%] [32mBuilding C object CMakeFiles/tuos_interfaces__rosidl_generator_c.dir/rosidl_generator_c/tuos_interfaces/action/detail/camera_sweep__functions.c.o[0m
[2.185s] [ 18%] [32mBuilding C object CMakeFiles/tuos_interfaces__rosidl_generator_c.dir/rosidl_generator_c/tuos_interfaces/msg/detail/num__functions.c.o[0m
[2.340s] [ 25%] [32mBuilding CXX object CMakeFiles/tuos_interfaces__rosidl_typesupport_introspection_cpp.dir/rosidl_typesupport_introspection_cpp/tuos_interfaces/action/detail/camera_sweep__type_support.cpp.o[0m
[2.340s] [ 25%] [32mBuilding CXX object CMakeFiles/tuos_interfaces__rosidl_typesupport_introspection_cpp.dir/rosidl_typesupport_introspection_cpp/tuos_interfaces/msg/detail/num__type_support.cpp.o[0m
[2.340s] [ 25%] [32mBuilding CXX object CMakeFiles/tuos_interfaces__rosidl_typesupport_introspection_cpp.dir/rosidl_typesupport_introspection_cpp/tuos_interfaces/srv/detail/number_game__type_support.cpp.o[0m
[2.374s] [ 27%] [32m[1mLinking C shared library libtuos_interfaces__rosidl_generator_c.so[0m
[2.408s] [ 27%] Built target tuos_interfaces__rosidl_generator_c
[2.420s] [ 29%] [34m[1mGenerating C type support dispatch for ROS interfaces[0m
[2.420s] [ 31%] [32mBuilding CXX object CMakeFiles/tuos_interfaces__rosidl_typesupport_cpp.dir/rosidl_typesupport_cpp/tuos_interfaces/msg/num__type_support.cpp.o[0m
[2.421s] [ 35%] [34m[1mGenerating C introspection for ROS interfaces[0m
[2.421s] [ 35%] [32mBuilding CXX object CMakeFiles/tuos_interfaces__rosidl_typesupport_cpp.dir/rosidl_typesupport_cpp/tuos_interfaces/action/camera_sweep__type_support.cpp.o[0m
[2.422s] [ 37%] [34m[1mGenerating C type support for eProsima Fast-RTPS[0m
[2.426s] [ 39%] [32mBuilding CXX object CMakeFiles/tuos_interfaces__rosidl_typesupport_cpp.dir/rosidl_typesupport_cpp/tuos_interfaces/srv/number_game__type_support.cpp.o[0m
[2.474s] [ 41%] [32mBuilding CXX object CMakeFiles/tuos_interfaces__rosidl_typesupport_fastrtps_cpp.dir/rosidl_typesupport_fastrtps_cpp/tuos_interfaces/msg/detail/dds_fastrtps/num__type_support.cpp.o[0m
[2.490s] [ 43%] [32mBuilding CXX object CMakeFiles/tuos_interfaces__rosidl_typesupport_fastrtps_cpp.dir/rosidl_typesupport_fastrtps_cpp/tuos_interfaces/srv/detail/dds_fastrtps/number_game__type_support.cpp.o[0m
[2.490s] [ 45%] [32mBuilding CXX object CMakeFiles/tuos_interfaces__rosidl_typesupport_fastrtps_cpp.dir/rosidl_typesupport_fastrtps_cpp/tuos_interfaces/action/detail/dds_fastrtps/camera_sweep__type_support.cpp.o[0m
[2.993s] [ 47%] [32mBuilding CXX object CMakeFiles/tuos_interfaces__rosidl_typesupport_c.dir/rosidl_typesupport_c/tuos_interfaces/srv/number_game__type_support.cpp.o[0m
[2.999s] [ 50%] [32mBuilding CXX object CMakeFiles/tuos_interfaces__rosidl_typesupport_c.dir/rosidl_typesupport_c/tuos_interfaces/msg/num__type_support.cpp.o[0m
[3.000s] [ 52%] [32mBuilding CXX object CMakeFiles/tuos_interfaces__rosidl_typesupport_c.dir/rosidl_typesupport_c/tuos_interfaces/action/camera_sweep__type_support.cpp.o[0m
[3.047s] [ 56%] [32mBuilding CXX object CMakeFiles/tuos_interfaces__rosidl_typesupport_fastrtps_c.dir/rosidl_typesupport_fastrtps_c/tuos_interfaces/srv/detail/number_game__type_support_c.cpp.o[0m
[3.047s] [ 56%] [32mBuilding CXX object CMakeFiles/tuos_interfaces__rosidl_typesupport_fastrtps_c.dir/rosidl_typesupport_fastrtps_c/tuos_interfaces/action/detail/camera_sweep__type_support_c.cpp.o[0m
[3.047s] [ 58%] [32mBuilding CXX object CMakeFiles/tuos_interfaces__rosidl_typesupport_fastrtps_c.dir/rosidl_typesupport_fastrtps_c/tuos_interfaces/msg/detail/num__type_support_c.cpp.o[0m
[3.062s] [ 60%] [32m[1mLinking CXX shared library libtuos_interfaces__rosidl_typesupport_c.so[0m
[3.090s] [ 62%] [32mBuilding C object CMakeFiles/tuos_interfaces__rosidl_typesupport_introspection_c.dir/rosidl_typesupport_introspection_c/tuos_interfaces/msg/detail/num__type_support.c.o[0m
[3.090s] [ 64%] [32mBuilding C object CMakeFiles/tuos_interfaces__rosidl_typesupport_introspection_c.dir/rosidl_typesupport_introspection_c/tuos_interfaces/action/detail/camera_sweep__type_support.c.o[0m
[3.099s] [ 66%] [32mBuilding C object CMakeFiles/tuos_interfaces__rosidl_typesupport_introspection_c.dir/rosidl_typesupport_introspection_c/tuos_interfaces/srv/detail/number_game__type_support.c.o[0m
[3.103s] [ 68%] [32m[1mLinking CXX shared library libtuos_interfaces__rosidl_typesupport_introspection_cpp.so[0m
[3.103s] [ 70%] [32m[1mLinking CXX shared library libtuos_interfaces__rosidl_typesupport_cpp.so[0m
[3.103s] [ 70%] Built target tuos_interfaces__rosidl_typesupport_c
[3.144s] [ 72%] [32m[1mLinking C shared library libtuos_interfaces__rosidl_typesupport_introspection_c.so[0m
[3.146s] [ 72%] Built target tuos_interfaces__rosidl_typesupport_cpp
[3.180s] [ 72%] Built target tuos_interfaces__rosidl_typesupport_introspection_c
[3.199s] [ 75%] [32m[1mLinking CXX shared library libtuos_interfaces__rosidl_typesupport_fastrtps_cpp.so[0m
[3.223s] [ 75%] Built target tuos_interfaces__rosidl_typesupport_introspection_cpp
[3.340s] [ 75%] Built target tuos_interfaces__rosidl_typesupport_fastrtps_cpp
[3.385s] [ 77%] [32m[1mLinking CXX shared library libtuos_interfaces__rosidl_typesupport_fastrtps_c.so[0m
[3.442s] [ 77%] Built target tuos_interfaces__rosidl_typesupport_fastrtps_c
[3.458s] [ 77%] Built target tuos_interfaces
[3.478s] [ 79%] [34m[1mGenerating Python code for ROS interfaces[0m
[4.118s] [ 79%] Built target tuos_interfaces__py
[4.133s] [ 83%] [32mBuilding C object CMakeFiles/tuos_interfaces__rosidl_generator_py.dir/rosidl_generator_py/tuos_interfaces/srv/_number_game_s.c.o[0m
[4.133s] [ 83%] [32mBuilding C object CMakeFiles/tuos_interfaces__rosidl_generator_py.dir/rosidl_generator_py/tuos_interfaces/msg/_num_s.c.o[0m
[4.135s] [ 85%] [32mBuilding C object CMakeFiles/tuos_interfaces__rosidl_generator_py.dir/rosidl_generator_py/tuos_interfaces/action/_camera_sweep_s.c.o[0m
[4.231s] [ 87%] [32m[1mLinking C shared library rosidl_generator_py/tuos_interfaces/libtuos_interfaces__rosidl_generator_py.so[0m
[4.276s] [ 87%] Built target tuos_interfaces__rosidl_generator_py
[4.296s] [ 89%] [32mBuilding C object CMakeFiles/tuos_interfaces__rosidl_typesupport_fastrtps_c__pyext.dir/rosidl_generator_py/tuos_interfaces/_tuos_interfaces_s.ep.rosidl_typesupport_fastrtps_c.c.o[0m
[4.296s] [ 91%] [32mBuilding C object CMakeFiles/tuos_interfaces__rosidl_typesupport_introspection_c__pyext.dir/rosidl_generator_py/tuos_interfaces/_tuos_interfaces_s.ep.rosidl_typesupport_introspection_c.c.o[0m
[4.300s] [ 93%] [32mBuilding C object CMakeFiles/tuos_interfaces__rosidl_typesupport_c__pyext.dir/rosidl_generator_py/tuos_interfaces/_tuos_interfaces_s.ep.rosidl_typesupport_c.c.o[0m
[4.380s] [ 95%] [32m[1mLinking C shared library rosidl_generator_py/tuos_interfaces/tuos_interfaces_s__rosidl_typesupport_c.cpython-310-x86_64-linux-gnu.so[0m
[4.380s] [100%] [32m[1mLinking C shared library rosidl_generator_py/tuos_interfaces/tuos_interfaces_s__rosidl_typesupport_introspection_c.cpython-310-x86_64-linux-gnu.so[0m
[4.380s] [100%] [32m[1mLinking C shared library rosidl_generator_py/tuos_interfaces/tuos_interfaces_s__rosidl_typesupport_fastrtps_c.cpython-310-x86_64-linux-gnu.so[0m
[4.408s] [100%] Built target tuos_interfaces__rosidl_typesupport_c__pyext
[4.413s] [100%] Built target tuos_interfaces__rosidl_typesupport_introspection_c__pyext
[4.413s] [100%] Built target tuos_interfaces__rosidl_typesupport_fastrtps_c__pyext
[4.423s] Invoked command in '/home/vivaan/Documents/star_project_submissions/Week_0/ros2_ws/build/tuos_interfaces' returned '0': CMAKE_PREFIX_PATH=/opt/ros/humble /usr/bin/cmake --build /home/vivaan/Documents/star_project_submissions/Week_0/ros2_ws/build/tuos_interfaces -- -j12 -l12
[4.424s] Invoking command in '/home/vivaan/Documents/star_project_submissions/Week_0/ros2_ws/build/tuos_interfaces': CMAKE_PREFIX_PATH=/opt/ros/humble /usr/bin/cmake --install /home/vivaan/Documents/star_project_submissions/Week_0/ros2_ws/build/tuos_interfaces
[4.430s] -- Install configuration: ""
[4.430s] -- Installing: /home/vivaan/Documents/star_project_submissions/Week_0/ros2_ws/install/tuos_interfaces/share/ament_index/resource_index/rosidl_interfaces/tuos_interfaces
[4.430s] -- Installing: /home/vivaan/Documents/star_project_submissions/Week_0/ros2_ws/install/tuos_interfaces/include/tuos_interfaces/tuos_interfaces
[4.430s] -- Installing: /home/vivaan/Documents/star_project_submissions/Week_0/ros2_ws/install/tuos_interfaces/include/tuos_interfaces/tuos_interfaces/srv
[4.430s] -- Installing: /home/vivaan/Documents/star_project_submissions/Week_0/ros2_ws/install/tuos_interfaces/include/tuos_interfaces/tuos_interfaces/srv/detail
[4.430s] -- Installing: /home/vivaan/Documents/star_project_submissions/Week_0/ros2_ws/install/tuos_interfaces/include/tuos_interfaces/tuos_interfaces/srv/detail/number_game__struct.h
[4.430s] -- Installing: /home/vivaan/Documents/star_project_submissions/Week_0/ros2_ws/install/tuos_interfaces/include/tuos_interfaces/tuos_interfaces/srv/detail/number_game__functions.h
[4.430s] -- Installing: /home/vivaan/Documents/star_project_submissions/Week_0/ros2_ws/install/tuos_interfaces/include/tuos_interfaces/tuos_interfaces/srv/detail/number_game__type_support.h
[4.430s] -- Installing: /home/vivaan/Documents/star_project_submissions/Week_0/ros2_ws/install/tuos_interfaces/include/tuos_interfaces/tuos_interfaces/srv/detail/number_game__functions.c
[4.430s] -- Installing: /home/vivaan/Documents/star_project_submissions/Week_0/ros2_ws/install/tuos_interfaces/include/tuos_interfaces/tuos_interfaces/srv/number_game.h
[4.431s] -- Installing: /home/vivaan/Documents/star_project_submissions/Week_0/ros2_ws/install/tuos_interfaces/include/tuos_interfaces/tuos_interfaces/msg
[4.431s] -- Installing: /home/vivaan/Documents/star_project_submissions/Week_0/ros2_ws/install/tuos_interfaces/include/tuos_interfaces/tuos_interfaces/msg/num.h
[4.431s] -- Installing: /home/vivaan/Documents/star_project_submissions/Week_0/ros2_ws/install/tuos_interfaces/include/tuos_interfaces/tuos_interfaces/msg/rosidl_generator_c__visibility_control.h
[4.431s] -- Installing: /home/vivaan/Documents/star_project_submissions/Week_0/ros2_ws/install/tuos_interfaces/include/tuos_interfaces/tuos_interfaces/msg/detail
[4.431s] -- Installing: /home/vivaan/Documents/star_project_submissions/Week_0/ros2_ws/install/tuos_interfaces/include/tuos_interfaces/tuos_interfaces/msg/detail/num__functions.c
[4.431s] -- Installing: /home/vivaan/Documents/star_project_submissions/Week_0/ros2_ws/install/tuos_interfaces/include/tuos_interfaces/tuos_interfaces/msg/detail/num__struct.h
[4.431s] -- Installing: /home/vivaan/Documents/star_project_submissions/Week_0/ros2_ws/install/tuos_interfaces/include/tuos_interfaces/tuos_interfaces/msg/detail/num__functions.h
[4.431s] -- Installing: /home/vivaan/Documents/star_project_submissions/Week_0/ros2_ws/install/tuos_interfaces/include/tuos_interfaces/tuos_interfaces/msg/detail/num__type_support.h
[4.431s] -- Installing: /home/vivaan/Documents/star_project_submissions/Week_0/ros2_ws/install/tuos_interfaces/include/tuos_interfaces/tuos_interfaces/action
[4.431s] -- Installing: /home/vivaan/Documents/star_project_submissions/Week_0/ros2_ws/install/tuos_interfaces/include/tuos_interfaces/tuos_interfaces/action/detail
[4.431s] -- Installing: /home/vivaan/Documents/star_project_submissions/Week_0/ros2_ws/install/tuos_interfaces/include/tuos_interfaces/tuos_interfaces/action/detail/camera_sweep__functions.h
[4.431s] -- Installing: /home/vivaan/Documents/star_project_submissions/Week_0/ros2_ws/install/tuos_interfaces/include/tuos_interfaces/tuos_interfaces/action/detail/camera_sweep__functions.c
[4.431s] -- Installing: /home/vivaan/Documents/star_project_submissions/Week_0/ros2_ws/install/tuos_interfaces/include/tuos_interfaces/tuos_interfaces/action/detail/camera_sweep__type_support.h
[4.431s] -- Installing: /home/vivaan/Documents/star_project_submissions/Week_0/ros2_ws/install/tuos_interfaces/include/tuos_interfaces/tuos_interfaces/action/detail/camera_sweep__struct.h
[4.431s] -- Installing: /home/vivaan/Documents/star_project_submissions/Week_0/ros2_ws/install/tuos_interfaces/include/tuos_interfaces/tuos_interfaces/action/camera_sweep.h
[4.431s] -- Installing: /home/vivaan/Documents/star_project_submissions/Week_0/ros2_ws/install/tuos_interfaces/share/tuos_interfaces/environment/library_path.sh
[4.431s] -- Installing: /home/vivaan/Documents/star_project_submissions/Week_0/ros2_ws/install/tuos_interfaces/share/tuos_interfaces/environment/library_path.dsv
[4.431s] -- Installing: /home/vivaan/Documents/star_project_submissions/Week_0/ros2_ws/install/tuos_interfaces/lib/libtuos_interfaces__rosidl_generator_c.so
[4.431s] -- Set runtime path of "/home/vivaan/Documents/star_project_submissions/Week_0/ros2_ws/install/tuos_interfaces/lib/libtuos_interfaces__rosidl_generator_c.so" to ""
[4.431s] -- Up-to-date: /home/vivaan/Documents/star_project_submissions/Week_0/ros2_ws/install/tuos_interfaces/include/tuos_interfaces/tuos_interfaces
[4.432s] -- Up-to-date: /home/vivaan/Documents/star_project_submissions/Week_0/ros2_ws/install/tuos_interfaces/include/tuos_interfaces/tuos_interfaces/srv
[4.432s] -- Up-to-date: /home/vivaan/Documents/star_project_submissions/Week_0/ros2_ws/install/tuos_interfaces/include/tuos_interfaces/tuos_interfaces/srv/detail
[4.432s] -- Installing: /home/vivaan/Documents/star_project_submissions/Week_0/ros2_ws/install/tuos_interfaces/include/tuos_interfaces/tuos_interfaces/srv/detail/number_game__rosidl_typesupport_fastrtps_c.h
[4.432s] -- Up-to-date: /home/vivaan/Documents/star_project_submissions/Week_0/ros2_ws/install/tuos_interfaces/include/tuos_interfaces/tuos_interfaces/msg
[4.432s] -- Installing: /home/vivaan/Documents/star_project_submissions/Week_0/ros2_ws/install/tuos_interfaces/include/tuos_interfaces/tuos_interfaces/msg/rosidl_typesupport_fastrtps_c__visibility_control.h
[4.432s] -- Up-to-date: /home/vivaan/Documents/star_project_submissions/Week_0/ros2_ws/install/tuos_interfaces/include/tuos_interfaces/tuos_interfaces/msg/detail
[4.432s] -- Installing: /home/vivaan/Documents/star_project_submissions/Week_0/ros2_ws/install/tuos_interfaces/include/tuos_interfaces/tuos_interfaces/msg/detail/num__rosidl_typesupport_fastrtps_c.h
[4.432s] -- Up-to-date: /home/vivaan/Documents/star_project_submissions/Week_0/ros2_ws/install/tuos_interfaces/include/tuos_interfaces/tuos_interfaces/action
[4.432s] -- Up-to-date: /home/vivaan/Documents/star_project_submissions/Week_0/ros2_ws/install/tuos_interfaces/include/tuos_interfaces/tuos_interfaces/action/detail
[4.432s] -- Installing: /home/vivaan/Documents/star_project_submissions/Week_0/ros2_ws/install/tuos_interfaces/include/tuos_interfaces/tuos_interfaces/action/detail/camera_sweep__rosidl_typesupport_fastrtps_c.h
[4.432s] -- Installing: /home/vivaan/Documents/star_project_submissions/Week_0/ros2_ws/install/tuos_interfaces/lib/libtuos_interfaces__rosidl_typesupport_fastrtps_c.so
[4.432s] -- Set runtime path of "/home/vivaan/Documents/star_project_submissions/Week_0/ros2_ws/install/tuos_interfaces/lib/libtuos_interfaces__rosidl_typesupport_fastrtps_c.so" to ""
[4.432s] -- Up-to-date: /home/vivaan/Documents/star_project_submissions/Week_0/ros2_ws/install/tuos_interfaces/include/tuos_interfaces/tuos_interfaces
[4.432s] -- Up-to-date: /home/vivaan/Documents/star_project_submissions/Week_0/ros2_ws/install/tuos_interfaces/include/tuos_interfaces/tuos_interfaces/srv
[4.432s] -- Installing: /home/vivaan/Documents/star_project_submissions/Week_0/ros2_ws/install/tuos_interfaces/include/tuos_interfaces/tuos_interfaces/srv/number_game.hpp
[4.432s] -- Up-to-date: /home/vivaan/Documents/star_project_submissions/Week_0/ros2_ws/install/tuos_interfaces/include/tuos_interfaces/tuos_interfaces/srv/detail
[4.432s] -- Installing: /home/vivaan/Documents/star_project_submissions/Week_0/ros2_ws/install/tuos_interfaces/include/tuos_interfaces/tuos_interfaces/srv/detail/number_game__builder.hpp
[4.432s] -- Installing: /home/vivaan/Documents/star_project_submissions/Week_0/ros2_ws/install/tuos_interfaces/include/tuos_interfaces/tuos_interfaces/srv/detail/number_game__traits.hpp
[4.432s] -- Installing: /home/vivaan/Documents/star_project_submissions/Week_0/ros2_ws/install/tuos_interfaces/include/tuos_interfaces/tuos_interfaces/srv/detail/number_game__struct.hpp
[4.432s] -- Installing: /home/vivaan/Documents/star_project_submissions/Week_0/ros2_ws/install/tuos_interfaces/include/tuos_interfaces/tuos_interfaces/srv/detail/number_game__type_support.hpp
[4.432s] -- Up-to-date: /home/vivaan/Documents/star_project_submissions/Week_0/ros2_ws/install/tuos_interfaces/include/tuos_interfaces/tuos_interfaces/msg
[4.432s] -- Installing: /home/vivaan/Documents/star_project_submissions/Week_0/ros2_ws/install/tuos_interfaces/include/tuos_interfaces/tuos_interfaces/msg/rosidl_generator_cpp__visibility_control.hpp
[4.432s] -- Installing: /home/vivaan/Documents/star_project_submissions/Week_0/ros2_ws/install/tuos_interfaces/include/tuos_interfaces/tuos_interfaces/msg/num.hpp
[4.432s] -- Up-to-date: /home/vivaan/Documents/star_project_submissions/Week_0/ros2_ws/install/tuos_interfaces/include/tuos_interfaces/tuos_interfaces/msg/detail
[4.432s] -- Installing: /home/vivaan/Documents/star_project_submissions/Week_0/ros2_ws/install/tuos_interfaces/include/tuos_interfaces/tuos_interfaces/msg/detail/num__type_support.hpp
[4.433s] -- Installing: /home/vivaan/Documents/star_project_submissions/Week_0/ros2_ws/install/tuos_interfaces/include/tuos_interfaces/tuos_interfaces/msg/detail/num__builder.hpp
[4.433s] -- Installing: /home/vivaan/Documents/star_project_submissions/Week_0/ros2_ws/install/tuos_interfaces/include/tuos_interfaces/tuos_interfaces/msg/detail/num__struct.hpp
[4.433s] -- Installing: /home/vivaan/Documents/star_project_submissions/Week_0/ros2_ws/install/tuos_interfaces/include/tuos_interfaces/tuos_interfaces/msg/detail/num__traits.hpp
[4.433s] -- Up-to-date: /home/vivaan/Documents/star_project_submissions/Week_0/ros2_ws/install/tuos_interfaces/include/tuos_interfaces/tuos_interfaces/action
[4.433s] -- Installing: /home/vivaan/Documents/star_project_submissions/Week_0/ros2_ws/install/tuos_interfaces/include/tuos_interfaces/tuos_interfaces/action/camera_sweep.hpp
[4.433s] -- Up-to-date: /home/vivaan/Documents/star_project_submissions/Week_0/ros2_ws/install/tuos_interfaces/include/tuos_interfaces/tuos_interfaces/action/detail
[4.433s] -- Installing: /home/vivaan/Documents/star_project_submissions/Week_0/ros2_ws/install/tuos_interfaces/include/tuos_interfaces/tuos_interfaces/action/detail/camera_sweep__struct.hpp
[4.433s] -- Installing: /home/vivaan/Documents/star_project_submissions/Week_0/ros2_ws/install/tuos_interfaces/include/tuos_interfaces/tuos_interfaces/action/detail/camera_sweep__builder.hpp
[4.433s] -- Installing: /home/vivaan/Documents/star_project_submissions/Week_0/ros2_ws/install/tuos_interfaces/include/tuos_interfaces/tuos_interfaces/action/detail/camera_sweep__type_support.hpp
[4.433s] -- Installing: /home/vivaan/Documents/star_project_submissions/Week_0/ros2_ws/install/tuos_interfaces/include/tuos_interfaces/tuos_interfaces/action/detail/camera_sweep__traits.hpp
[4.433s] -- Up-to-date: /home/vivaan/Documents/star_project_submissions/Week_0/ros2_ws/install/tuos_interfaces/include/tuos_interfaces/tuos_interfaces
[4.433s] -- Up-to-date: /home/vivaan/Documents/star_project_submissions/Week_0/ros2_ws/install/tuos_interfaces/include/tuos_interfaces/tuos_interfaces/srv
[4.433s] -- Up-to-date: /home/vivaan/Documents/star_project_submissions/Week_0/ros2_ws/install/tuos_interfaces/include/tuos_interfaces/tuos_interfaces/srv/detail
[4.433s] -- Installing: /home/vivaan/Documents/star_project_submissions/Week_0/ros2_ws/install/tuos_interfaces/include/tuos_interfaces/tuos_interfaces/srv/detail/dds_fastrtps
[4.433s] -- Installing: /home/vivaan/Documents/star_project_submissions/Week_0/ros2_ws/install/tuos_interfaces/include/tuos_interfaces/tuos_interfaces/srv/detail/number_game__rosidl_typesupport_fastrtps_cpp.hpp
[4.433s] -- Up-to-date: /home/vivaan/Documents/star_project_submissions/Week_0/ros2_ws/install/tuos_interfaces/include/tuos_interfaces/tuos_interfaces/msg
[4.433s] -- Installing: /home/vivaan/Documents/star_project_submissions/Week_0/ros2_ws/install/tuos_interfaces/include/tuos_interfaces/tuos_interfaces/msg/rosidl_typesupport_fastrtps_cpp__visibility_control.h
[4.433s] -- Up-to-date: /home/vivaan/Documents/star_project_submissions/Week_0/ros2_ws/install/tuos_interfaces/include/tuos_interfaces/tuos_interfaces/msg/detail
[4.433s] -- Installing: /home/vivaan/Documents/star_project_submissions/Week_0/ros2_ws/install/tuos_interfaces/include/tuos_interfaces/tuos_interfaces/msg/detail/num__rosidl_typesupport_fastrtps_cpp.hpp
[4.433s] -- Installing: /home/vivaan/Documents/star_project_submissions/Week_0/ros2_ws/install/tuos_interfaces/include/tuos_interfaces/tuos_interfaces/msg/detail/dds_fastrtps
[4.433s] -- Up-to-date: /home/vivaan/Documents/star_project_submissions/Week_0/ros2_ws/install/tuos_interfaces/include/tuos_interfaces/tuos_interfaces/action
[4.433s] -- Up-to-date: /home/vivaan/Documents/star_project_submissions/Week_0/ros2_ws/install/tuos_interfaces/include/tuos_interfaces/tuos_interfaces/action/detail
[4.433s] -- Installing: /home/vivaan/Documents/star_project_submissions/Week_0/ros2_ws/install/tuos_interfaces/include/tuos_interfaces/tuos_interfaces/action/detail/dds_fastrtps
[4.433s] -- Installing: /home/vivaan/Documents/star_project_submissions/Week_0/ros2_ws/install/tuos_interfaces/include/tuos_interfaces/tuos_interfaces/action/detail/camera_sweep__rosidl_typesupport_fastrtps_cpp.hpp
[4.433s] -- Installing: /home/vivaan/Documents/star_project_submissions/Week_0/ros2_ws/install/tuos_interfaces/lib/libtuos_interfaces__rosidl_typesupport_fastrtps_cpp.so
[4.434s] -- Set runtime path of "/home/vivaan/Documents/star_project_submissions/Week_0/ros2_ws/install/tuos_interfaces/lib/libtuos_interfaces__rosidl_typesupport_fastrtps_cpp.so" to ""
[4.434s] -- Up-to-date: /home/vivaan/Documents/star_project_submissions/Week_0/ros2_ws/install/tuos_interfaces/include/tuos_interfaces/tuos_interfaces
[4.434s] -- Up-to-date: /home/vivaan/Documents/star_project_submissions/Week_0/ros2_ws/install/tuos_interfaces/include/tuos_interfaces/tuos_interfaces/srv
[4.434s] -- Up-to-date: /home/vivaan/Documents/star_project_submissions/Week_0/ros2_ws/install/tuos_interfaces/include/tuos_interfaces/tuos_interfaces/srv/detail
[4.434s] -- Installing: /home/vivaan/Documents/star_project_submissions/Week_0/ros2_ws/install/tuos_interfaces/include/tuos_interfaces/tuos_interfaces/srv/detail/number_game__type_support.c
[4.434s] -- Installing: /home/vivaan/Documents/star_project_submissions/Week_0/ros2_ws/install/tuos_interfaces/include/tuos_interfaces/tuos_interfaces/srv/detail/number_game__rosidl_typesupport_introspection_c.h
[4.434s] -- Up-to-date: /home/vivaan/Documents/star_project_submissions/Week_0/ros2_ws/install/tuos_interfaces/include/tuos_interfaces/tuos_interfaces/msg
[4.434s] -- Installing: /home/vivaan/Documents/star_project_submissions/Week_0/ros2_ws/install/tuos_interfaces/include/tuos_interfaces/tuos_interfaces/msg/rosidl_typesupport_introspection_c__visibility_control.h
[4.434s] -- Up-to-date: /home/vivaan/Documents/star_project_submissions/Week_0/ros2_ws/install/tuos_interfaces/include/tuos_interfaces/tuos_interfaces/msg/detail
[4.434s] -- Installing: /home/vivaan/Documents/star_project_submissions/Week_0/ros2_ws/install/tuos_interfaces/include/tuos_interfaces/tuos_interfaces/msg/detail/num__rosidl_typesupport_introspection_c.h
[4.434s] -- Installing: /home/vivaan/Documents/star_project_submissions/Week_0/ros2_ws/install/tuos_interfaces/include/tuos_interfaces/tuos_interfaces/msg/detail/num__type_support.c
[4.434s] -- Up-to-date: /home/vivaan/Documents/star_project_submissions/Week_0/ros2_ws/install/tuos_interfaces/include/tuos_interfaces/tuos_interfaces/action
[4.434s] -- Up-to-date: /home/vivaan/Documents/star_project_submissions/Week_0/ros2_ws/install/tuos_interfaces/include/tuos_interfaces/tuos_interfaces/action/detail
[4.434s] -- Installing: /home/vivaan/Documents/star_project_submissions/Week_0/ros2_ws/install/tuos_interfaces/include/tuos_interfaces/tuos_interfaces/action/detail/camera_sweep__type_support.c
[4.434s] -- Installing: /home/vivaan/Documents/star_project_submissions/Week_0/ros2_ws/install/tuos_interfaces/include/tuos_interfaces/tuos_interfaces/action/detail/camera_sweep__rosidl_typesupport_introspection_c.h
[4.434s] -- Installing: /home/vivaan/Documents/star_project_submissions/Week_0/ros2_ws/install/tuos_interfaces/lib/libtuos_interfaces__rosidl_typesupport_introspection_c.so
[4.434s] -- Set runtime path of "/home/vivaan/Documents/star_project_submissions/Week_0/ros2_ws/install/tuos_interfaces/lib/libtuos_interfaces__rosidl_typesupport_introspection_c.so" to ""
[4.434s] -- Installing: /home/vivaan/Documents/star_project_submissions/Week_0/ros2_ws/install/tuos_interfaces/lib/libtuos_interfaces__rosidl_typesupport_c.so
[4.434s] -- Set runtime path of "/home/vivaan/Documents/star_project_submissions/Week_0/ros2_ws/install/tuos_interfaces/lib/libtuos_interfaces__rosidl_typesupport_c.so" to ""
[4.434s] -- Up-to-date: /home/vivaan/Documents/star_project_submissions/Week_0/ros2_ws/install/tuos_interfaces/include/tuos_interfaces/tuos_interfaces
[4.434s] -- Up-to-date: /home/vivaan/Documents/star_project_submissions/Week_0/ros2_ws/install/tuos_interfaces/include/tuos_interfaces/tuos_interfaces/srv
[4.434s] -- Up-to-date: /home/vivaan/Documents/star_project_submissions/Week_0/ros2_ws/install/tuos_interfaces/include/tuos_interfaces/tuos_interfaces/srv/detail
[4.434s] -- Installing: /home/vivaan/Documents/star_project_submissions/Week_0/ros2_ws/install/tuos_interfaces/include/tuos_interfaces/tuos_interfaces/srv/detail/number_game__type_support.cpp
[4.434s] -- Installing: /home/vivaan/Documents/star_project_submissions/Week_0/ros2_ws/install/tuos_interfaces/include/tuos_interfaces/tuos_interfaces/srv/detail/number_game__rosidl_typesupport_introspection_cpp.hpp
[4.434s] -- Up-to-date: /home/vivaan/Documents/star_project_submissions/Week_0/ros2_ws/install/tuos_interfaces/include/tuos_interfaces/tuos_interfaces/msg
[4.435s] -- Up-to-date: /home/vivaan/Documents/star_project_submissions/Week_0/ros2_ws/install/tuos_interfaces/include/tuos_interfaces/tuos_interfaces/msg/detail
[4.435s] -- Installing: /home/vivaan/Documents/star_project_submissions/Week_0/ros2_ws/install/tuos_interfaces/include/tuos_interfaces/tuos_interfaces/msg/detail/num__rosidl_typesupport_introspection_cpp.hpp
[4.435s] -- Installing: /home/vivaan/Documents/star_project_submissions/Week_0/ros2_ws/install/tuos_interfaces/include/tuos_interfaces/tuos_interfaces/msg/detail/num__type_support.cpp
[4.435s] -- Up-to-date: /home/vivaan/Documents/star_project_submissions/Week_0/ros2_ws/install/tuos_interfaces/include/tuos_interfaces/tuos_interfaces/action
[4.435s] -- Up-to-date: /home/vivaan/Documents/star_project_submissions/Week_0/ros2_ws/install/tuos_interfaces/include/tuos_interfaces/tuos_interfaces/action/detail
[4.435s] -- Installing: /home/vivaan/Documents/star_project_submissions/Week_0/ros2_ws/install/tuos_interfaces/include/tuos_interfaces/tuos_interfaces/action/detail/camera_sweep__rosidl_typesupport_introspection_cpp.hpp
[4.435s] -- Installing: /home/vivaan/Documents/star_project_submissions/Week_0/ros2_ws/install/tuos_interfaces/include/tuos_interfaces/tuos_interfaces/action/detail/camera_sweep__type_support.cpp
[4.435s] -- Installing: /home/vivaan/Documents/star_project_submissions/Week_0/ros2_ws/install/tuos_interfaces/lib/libtuos_interfaces__rosidl_typesupport_introspection_cpp.so
[4.435s] -- Set runtime path of "/home/vivaan/Documents/star_project_submissions/Week_0/ros2_ws/install/tuos_interfaces/lib/libtuos_interfaces__rosidl_typesupport_introspection_cpp.so" to ""
[4.435s] -- Installing: /home/vivaan/Documents/star_project_submissions/Week_0/ros2_ws/install/tuos_interfaces/lib/libtuos_interfaces__rosidl_typesupport_cpp.so
[4.435s] -- Set runtime path of "/home/vivaan/Documents/star_project_submissions/Week_0/ros2_ws/install/tuos_interfaces/lib/libtuos_interfaces__rosidl_typesupport_cpp.so" to ""
[4.435s] -- Installing: /home/vivaan/Documents/star_project_submissions/Week_0/ros2_ws/install/tuos_interfaces/share/tuos_interfaces/environment/pythonpath.sh
[4.435s] -- Installing: /home/vivaan/Documents/star_project_submissions/Week_0/ros2_ws/install/tuos_interfaces/share/tuos_interfaces/environment/pythonpath.dsv
[4.435s] -- Installing: /home/vivaan/Documents/star_project_submissions/Week_0/ros2_ws/install/tuos_interfaces/local/lib/python3.10/dist-packages/tuos_interfaces-0.0.0-py3.10.egg-info
[4.435s] -- Installing: /home/vivaan/Documents/star_project_submissions/Week_0/ros2_ws/install/tuos_interfaces/local/lib/python3.10/dist-packages/tuos_interfaces-0.0.0-py3.10.egg-info/PKG-INFO
[4.435s] -- Installing: /home/vivaan/Documents/star_project_submissions/Week_0/ros2_ws/install/tuos_interfaces/local/lib/python3.10/dist-packages/tuos_interfaces-0.0.0-py3.10.egg-info/top_level.txt
[4.435s] -- Installing: /home/vivaan/Documents/star_project_submissions/Week_0/ros2_ws/install/tuos_interfaces/local/lib/python3.10/dist-packages/tuos_interfaces-0.0.0-py3.10.egg-info/dependency_links.txt
[4.435s] -- Installing: /home/vivaan/Documents/star_project_submissions/Week_0/ros2_ws/install/tuos_interfaces/local/lib/python3.10/dist-packages/tuos_interfaces-0.0.0-py3.10.egg-info/SOURCES.txt
[4.435s] -- Installing: /home/vivaan/Documents/star_project_submissions/Week_0/ros2_ws/install/tuos_interfaces/local/lib/python3.10/dist-packages/tuos_interfaces
[4.435s] -- Installing: /home/vivaan/Documents/star_project_submissions/Week_0/ros2_ws/install/tuos_interfaces/local/lib/python3.10/dist-packages/tuos_interfaces/_tuos_interfaces_s.ep.rosidl_typesupport_fastrtps_c.c
[4.435s] -- Installing: /home/vivaan/Documents/star_project_submissions/Week_0/ros2_ws/install/tuos_interfaces/local/lib/python3.10/dist-packages/tuos_interfaces/_tuos_interfaces_s.ep.rosidl_typesupport_c.c
[4.436s] -- Installing: /home/vivaan/Documents/star_project_submissions/Week_0/ros2_ws/install/tuos_interfaces/local/lib/python3.10/dist-packages/tuos_interfaces/srv
[4.436s] -- Installing: /home/vivaan/Documents/star_project_submissions/Week_0/ros2_ws/install/tuos_interfaces/local/lib/python3.10/dist-packages/tuos_interfaces/srv/_number_game.py
[4.436s] -- Installing: /home/vivaan/Documents/star_project_submissions/Week_0/ros2_ws/install/tuos_interfaces/local/lib/python3.10/dist-packages/tuos_interfaces/srv/__init__.py
[4.436s] -- Installing: /home/vivaan/Documents/star_project_submissions/Week_0/ros2_ws/install/tuos_interfaces/local/lib/python3.10/dist-packages/tuos_interfaces/srv/_number_game_s.c
[4.436s] -- Installing: /home/vivaan/Documents/star_project_submissions/Week_0/ros2_ws/install/tuos_interfaces/local/lib/python3.10/dist-packages/tuos_interfaces/tuos_interfaces_s__rosidl_typesupport_introspection_c.cpython-310-x86_64-linux-gnu.so
[4.436s] -- Installing: /home/vivaan/Documents/star_project_submissions/Week_0/ros2_ws/install/tuos_interfaces/local/lib/python3.10/dist-packages/tuos_interfaces/libtuos_interfaces__rosidl_generator_py.so
[4.436s] -- Installing: /home/vivaan/Documents/star_project_submissions/Week_0/ros2_ws/install/tuos_interfaces/local/lib/python3.10/dist-packages/tuos_interfaces/msg
[4.436s] -- Installing: /home/vivaan/Documents/star_project_submissions/Week_0/ros2_ws/install/tuos_interfaces/local/lib/python3.10/dist-packages/tuos_interfaces/msg/_num_s.c
[4.436s] -- Installing: /home/vivaan/Documents/star_project_submissions/Week_0/ros2_ws/install/tuos_interfaces/local/lib/python3.10/dist-packages/tuos_interfaces/msg/_num.py
[4.436s] -- Installing: /home/vivaan/Documents/star_project_submissions/Week_0/ros2_ws/install/tuos_interfaces/local/lib/python3.10/dist-packages/tuos_interfaces/msg/__init__.py
[4.436s] -- Installing: /home/vivaan/Documents/star_project_submissions/Week_0/ros2_ws/install/tuos_interfaces/local/lib/python3.10/dist-packages/tuos_interfaces/tuos_interfaces_s__rosidl_typesupport_c.cpython-310-x86_64-linux-gnu.so
[4.436s] -- Installing: /home/vivaan/Documents/star_project_submissions/Week_0/ros2_ws/install/tuos_interfaces/local/lib/python3.10/dist-packages/tuos_interfaces/action
[4.436s] -- Installing: /home/vivaan/Documents/star_project_submissions/Week_0/ros2_ws/install/tuos_interfaces/local/lib/python3.10/dist-packages/tuos_interfaces/action/_camera_sweep_s.c
[4.436s] -- Installing: /home/vivaan/Documents/star_project_submissions/Week_0/ros2_ws/install/tuos_interfaces/local/lib/python3.10/dist-packages/tuos_interfaces/action/_camera_sweep.py
[4.436s] -- Installing: /home/vivaan/Documents/star_project_submissions/Week_0/ros2_ws/install/tuos_interfaces/local/lib/python3.10/dist-packages/tuos_interfaces/action/__init__.py
[4.436s] -- Installing: /home/vivaan/Documents/star_project_submissions/Week_0/ros2_ws/install/tuos_interfaces/local/lib/python3.10/dist-packages/tuos_interfaces/tuos_interfaces_s__rosidl_typesupport_fastrtps_c.cpython-310-x86_64-linux-gnu.so
[4.436s] -- Installing: /home/vivaan/Documents/star_project_submissions/Week_0/ros2_ws/install/tuos_interfaces/local/lib/python3.10/dist-packages/tuos_interfaces/__init__.py
[4.436s] -- Installing: /home/vivaan/Documents/star_project_submissions/Week_0/ros2_ws/install/tuos_interfaces/local/lib/python3.10/dist-packages/tuos_interfaces/_tuos_interfaces_s.ep.rosidl_typesupport_introspection_c.c
[4.471s] Listing '/home/vivaan/Documents/star_project_submissions/Week_0/ros2_ws/install/tuos_interfaces/local/lib/python3.10/dist-packages/tuos_interfaces'...
[4.471s] Compiling '/home/vivaan/Documents/star_project_submissions/Week_0/ros2_ws/install/tuos_interfaces/local/lib/python3.10/dist-packages/tuos_interfaces/__init__.py'...
[4.471s] Listing '/home/vivaan/Documents/star_project_submissions/Week_0/ros2_ws/install/tuos_interfaces/local/lib/python3.10/dist-packages/tuos_interfaces/action'...
[4.471s] Compiling '/home/vivaan/Documents/star_project_submissions/Week_0/ros2_ws/install/tuos_interfaces/local/lib/python3.10/dist-packages/tuos_interfaces/action/__init__.py'...
[4.471s] Compiling '/home/vivaan/Documents/star_project_submissions/Week_0/ros2_ws/install/tuos_interfaces/local/lib/python3.10/dist-packages/tuos_interfaces/action/_camera_sweep.py'...
[4.471s] Listing '/home/vivaan/Documents/star_project_submissions/Week_0/ros2_ws/install/tuos_interfaces/local/lib/python3.10/dist-packages/tuos_interfaces/msg'...
[4.471s] Compiling '/home/vivaan/Documents/star_project_submissions/Week_0/ros2_ws/install/tuos_interfaces/local/lib/python3.10/dist-packages/tuos_interfaces/msg/__init__.py'...
[4.471s] Compiling '/home/vivaan/Documents/star_project_submissions/Week_0/ros2_ws/install/tuos_interfaces/local/lib/python3.10/dist-packages/tuos_interfaces/msg/_num.py'...
[4.471s] Listing '/home/vivaan/Documents/star_project_submissions/Week_0/ros2_ws/install/tuos_interfaces/local/lib/python3.10/dist-packages/tuos_interfaces/srv'...
[4.471s] Compiling '/home/vivaan/Documents/star_project_submissions/Week_0/ros2_ws/install/tuos_interfaces/local/lib/python3.10/dist-packages/tuos_interfaces/srv/__init__.py'...
[4.471s] Compiling '/home/vivaan/Documents/star_project_submissions/Week_0/ros2_ws/install/tuos_interfaces/local/lib/python3.10/dist-packages/tuos_interfaces/srv/_number_game.py'...
[4.474s] -- Installing: /home/vivaan/Documents/star_project_submissions/Week_0/ros2_ws/install/tuos_interfaces/local/lib/python3.10/dist-packages/tuos_interfaces/tuos_interfaces_s__rosidl_typesupport_fastrtps_c.cpython-310-x86_64-linux-gnu.so
[4.474s] -- Set runtime path of "/home/vivaan/Documents/star_project_submissions/Week_0/ros2_ws/install/tuos_interfaces/local/lib/python3.10/dist-packages/tuos_interfaces/tuos_interfaces_s__rosidl_typesupport_fastrtps_c.cpython-310-x86_64-linux-gnu.so" to ""
[4.474s] -- Installing: /home/vivaan/Documents/star_project_submissions/Week_0/ros2_ws/install/tuos_interfaces/local/lib/python3.10/dist-packages/tuos_interfaces/tuos_interfaces_s__rosidl_typesupport_introspection_c.cpython-310-x86_64-linux-gnu.so
[4.474s] -- Set runtime path of "/home/vivaan/Documents/star_project_submissions/Week_0/ros2_ws/install/tuos_interfaces/local/lib/python3.10/dist-packages/tuos_interfaces/tuos_interfaces_s__rosidl_typesupport_introspection_c.cpython-310-x86_64-linux-gnu.so" to ""
[4.474s] -- Installing: /home/vivaan/Documents/star_project_submissions/Week_0/ros2_ws/install/tuos_interfaces/local/lib/python3.10/dist-packages/tuos_interfaces/tuos_interfaces_s__rosidl_typesupport_c.cpython-310-x86_64-linux-gnu.so
[4.475s] -- Set runtime path of "/home/vivaan/Documents/star_project_submissions/Week_0/ros2_ws/install/tuos_interfaces/local/lib/python3.10/dist-packages/tuos_interfaces/tuos_interfaces_s__rosidl_typesupport_c.cpython-310-x86_64-linux-gnu.so" to ""
[4.475s] -- Installing: /home/vivaan/Documents/star_project_submissions/Week_0/ros2_ws/install/tuos_interfaces/lib/libtuos_interfaces__rosidl_generator_py.so
[4.475s] -- Set runtime path of "/home/vivaan/Documents/star_project_submissions/Week_0/ros2_ws/install/tuos_interfaces/lib/libtuos_interfaces__rosidl_generator_py.so" to ""
[4.475s] -- Installing: /home/vivaan/Documents/star_project_submissions/Week_0/ros2_ws/install/tuos_interfaces/share/ament_index/resource_index/rust_packages/tuos_interfaces
[4.475s] -- Installing: /home/vivaan/Documents/star_project_submissions/Week_0/ros2_ws/install/tuos_interfaces/share/tuos_interfaces/rust
[4.475s] -- Installing: /home/vivaan/Documents/star_project_submissions/Week_0/ros2_ws/install/tuos_interfaces/share/tuos_interfaces/rust/build.rs
[4.475s] -- Installing: /home/vivaan/Documents/star_project_submissions/Week_0/ros2_ws/install/tuos_interfaces/share/tuos_interfaces/rust/Cargo.toml
[4.475s] -- Installing: /home/vivaan/Documents/star_project_submissions/Week_0/ros2_ws/install/tuos_interfaces/share/tuos_interfaces/rust/src
[4.475s] -- Installing: /home/vivaan/Documents/star_project_submissions/Week_0/ros2_ws/install/tuos_interfaces/share/tuos_interfaces/rust/src/srv.rs
[4.475s] -- Installing: /home/vivaan/Documents/star_project_submissions/Week_0/ros2_ws/install/tuos_interfaces/share/tuos_interfaces/rust/src/srv
[4.475s] -- Installing: /home/vivaan/Documents/star_project_submissions/Week_0/ros2_ws/install/tuos_interfaces/share/tuos_interfaces/rust/src/srv/rmw.rs
[4.475s] -- Installing: /home/vivaan/Documents/star_project_submissions/Week_0/ros2_ws/install/tuos_interfaces/share/tuos_interfaces/rust/src/msg
[4.475s] -- Installing: /home/vivaan/Documents/star_project_submissions/Week_0/ros2_ws/install/tuos_interfaces/share/tuos_interfaces/rust/src/msg/rmw.rs
[4.475s] -- Installing: /home/vivaan/Documents/star_project_submissions/Week_0/ros2_ws/install/tuos_interfaces/share/tuos_interfaces/rust/src/lib.rs
[4.475s] -- Installing: /home/vivaan/Documents/star_project_submissions/Week_0/ros2_ws/install/tuos_interfaces/share/tuos_interfaces/rust/src/action
[4.475s] -- Installing: /home/vivaan/Documents/star_project_submissions/Week_0/ros2_ws/install/tuos_interfaces/share/tuos_interfaces/rust/src/action/rmw.rs
[4.475s] -- Installing: /home/vivaan/Documents/star_project_submissions/Week_0/ros2_ws/install/tuos_interfaces/share/tuos_interfaces/rust/src/msg.rs
[4.475s] -- Installing: /home/vivaan/Documents/star_project_submissions/Week_0/ros2_ws/install/tuos_interfaces/share/tuos_interfaces/rust/src/action.rs
[4.475s] -- Installing: /home/vivaan/Documents/star_project_submissions/Week_0/ros2_ws/install/tuos_interfaces/share/tuos_interfaces/msg/Num.idl
[4.476s] -- Installing: /home/vivaan/Documents/star_project_submissions/Week_0/ros2_ws/install/tuos_interfaces/share/tuos_interfaces/action/CameraSweep.idl
[4.476s] -- Installing: /home/vivaan/Documents/star_project_submissions/Week_0/ros2_ws/install/tuos_interfaces/share/tuos_interfaces/srv/NumberGame.idl
[4.476s] -- Installing: /home/vivaan/Documents/star_project_submissions/Week_0/ros2_ws/install/tuos_interfaces/share/tuos_interfaces/msg/Num.msg
[4.476s] -- Installing: /home/vivaan/Documents/star_project_submissions/Week_0/ros2_ws/install/tuos_interfaces/share/tuos_interfaces/action/CameraSweep.action
[4.476s] -- Installing: /home/vivaan/Documents/star_project_submissions/Week_0/ros2_ws/install/tuos_interfaces/share/tuos_interfaces/srv/NumberGame.srv
[4.476s] -- Installing: /home/vivaan/Documents/star_project_submissions/Week_0/ros2_ws/install/tuos_interfaces/share/tuos_interfaces/srv/NumberGame_Request.msg
[4.476s] -- Installing: /home/vivaan/Documents/star_project_submissions/Week_0/ros2_ws/install/tuos_interfaces/share/tuos_interfaces/srv/NumberGame_Response.msg
[4.476s] -- Installing: /home/vivaan/Documents/star_project_submissions/Week_0/ros2_ws/install/tuos_interfaces/share/ament_index/resource_index/package_run_dependencies/tuos_interfaces
[4.476s] -- Installing: /home/vivaan/Documents/star_project_submissions/Week_0/ros2_ws/install/tuos_interfaces/share/ament_index/resource_index/parent_prefix_path/tuos_interfaces
[4.476s] -- Installing: /home/vivaan/Documents/star_project_submissions/Week_0/ros2_ws/install/tuos_interfaces/share/tuos_interfaces/environment/ament_prefix_path.sh
[4.476s] -- Installing: /home/vivaan/Documents/star_project_submissions/Week_0/ros2_ws/install/tuos_interfaces/share/tuos_interfaces/environment/ament_prefix_path.dsv
[4.476s] -- Installing: /home/vivaan/Documents/star_project_submissions/Week_0/ros2_ws/install/tuos_interfaces/share/tuos_interfaces/environment/path.sh
[4.476s] -- Installing: /home/vivaan/Documents/star_project_submissions/Week_0/ros2_ws/install/tuos_interfaces/share/tuos_interfaces/environment/path.dsv
[4.476s] -- Installing: /home/vivaan/Documents/star_project_submissions/Week_0/ros2_ws/install/tuos_interfaces/share/tuos_interfaces/local_setup.bash
[4.476s] -- Installing: /home/vivaan/Documents/star_project_submissions/Week_0/ros2_ws/install/tuos_interfaces/share/tuos_interfaces/local_setup.sh
[4.476s] -- Installing: /home/vivaan/Documents/star_project_submissions/Week_0/ros2_ws/install/tuos_interfaces/share/tuos_interfaces/local_setup.zsh
[4.476s] -- Installing: /home/vivaan/Documents/star_project_submissions/Week_0/ros2_ws/install/tuos_interfaces/share/tuos_interfaces/local_setup.dsv
[4.476s] -- Installing: /home/vivaan/Documents/star_project_submissions/Week_0/ros2_ws/install/tuos_interfaces/share/tuos_interfaces/package.dsv
[4.476s] -- Installing: /home/vivaan/Documents/star_project_submissions/Week_0/ros2_ws/install/tuos_interfaces/share/ament_index/resource_index/packages/tuos_interfaces
[4.476s] -- Installing: /home/vivaan/Documents/star_project_submissions/Week_0/ros2_ws/install/tuos_interfaces/share/tuos_interfaces/cmake/export_tuos_interfaces__rosidl_generator_cExport.cmake
[4.476s] -- Installing: /home/vivaan/Documents/star_project_submissions/Week_0/ros2_ws/install/tuos_interfaces/share/tuos_interfaces/cmake/export_tuos_interfaces__rosidl_generator_cExport-noconfig.cmake
[4.477s] -- Installing: /home/vivaan/Documents/star_project_submissions/Week_0/ros2_ws/install/tuos_interfaces/share/tuos_interfaces/cmake/export_tuos_interfaces__rosidl_typesupport_fastrtps_cExport.cmake
[4.477s] -- Installing: /home/vivaan/Documents/star_project_submissions/Week_0/ros2_ws/install/tuos_interfaces/share/tuos_interfaces/cmake/export_tuos_interfaces__rosidl_typesupport_fastrtps_cExport-noconfig.cmake
[4.477s] -- Installing: /home/vivaan/Documents/star_project_submissions/Week_0/ros2_ws/install/tuos_interfaces/share/tuos_interfaces/cmake/export_tuos_interfaces__rosidl_generator_cppExport.cmake
[4.477s] -- Installing: /home/vivaan/Documents/star_project_submissions/Week_0/ros2_ws/install/tuos_interfaces/share/tuos_interfaces/cmake/export_tuos_interfaces__rosidl_typesupport_fastrtps_cppExport.cmake
[4.477s] -- Installing: /home/vivaan/Documents/star_project_submissions/Week_0/ros2_ws/install/tuos_interfaces/share/tuos_interfaces/cmake/export_tuos_interfaces__rosidl_typesupport_fastrtps_cppExport-noconfig.cmake
[4.477s] -- Installing: /home/vivaan/Documents/star_project_submissions/Week_0/ros2_ws/install/tuos_interfaces/share/tuos_interfaces/cmake/tuos_interfaces__rosidl_typesupport_introspection_cExport.cmake
[4.477s] -- Installing: /home/vivaan/Documents/star_project_submissions/Week_0/ros2_ws/install/tuos_interfaces/share/tuos_interfaces/cmake/tuos_interfaces__rosidl_typesupport_introspection_cExport-noconfig.cmake
[4.477s] -- Installing: /home/vivaan/Documents/star_project_submissions/Week_0/ros2_ws/install/tuos_interfaces/share/tuos_interfaces/cmake/tuos_interfaces__rosidl_typesupport_cExport.cmake
[4.477s] -- Installing: /home/vivaan/Documents/star_project_submissions/Week_0/ros2_ws/install/tuos_interfaces/share/tuos_interfaces/cmake/tuos_interfaces__rosidl_typesupport_cExport-noconfig.cmake
[4.477s] -- Installing: /home/vivaan/Documents/star_project_submissions/Week_0/ros2_ws/install/tuos_interfaces/share/tuos_interfaces/cmake/tuos_interfaces__rosidl_typesupport_introspection_cppExport.cmake
[4.477s] -- Installing: /home/vivaan/Documents/star_project_submissions/Week_0/ros2_ws/install/tuos_interfaces/share/tuos_interfaces/cmake/tuos_interfaces__rosidl_typesupport_introspection_cppExport-noconfig.cmake
[4.477s] -- Installing: /home/vivaan/Documents/star_project_submissions/Week_0/ros2_ws/install/tuos_interfaces/share/tuos_interfaces/cmake/tuos_interfaces__rosidl_typesupport_cppExport.cmake
[4.477s] -- Installing: /home/vivaan/Documents/star_project_submissions/Week_0/ros2_ws/install/tuos_interfaces/share/tuos_interfaces/cmake/tuos_interfaces__rosidl_typesupport_cppExport-noconfig.cmake
[4.477s] -- Installing: /home/vivaan/Documents/star_project_submissions/Week_0/ros2_ws/install/tuos_interfaces/share/tuos_interfaces/cmake/export_tuos_interfaces__rosidl_generator_pyExport.cmake
[4.477s] -- Installing: /home/vivaan/Documents/star_project_submissions/Week_0/ros2_ws/install/tuos_interfaces/share/tuos_interfaces/cmake/export_tuos_interfaces__rosidl_generator_pyExport-noconfig.cmake
[4.477s] -- Installing: /home/vivaan/Documents/star_project_submissions/Week_0/ros2_ws/install/tuos_interfaces/share/tuos_interfaces/cmake/rosidl_cmake-extras.cmake
[4.477s] -- Installing: /home/vivaan/Documents/star_project_submissions/Week_0/ros2_ws/install/tuos_interfaces/share/tuos_interfaces/cmake/ament_cmake_export_dependencies-extras.cmake
[4.478s] -- Installing: /home/vivaan/Documents/star_project_submissions/Week_0/ros2_ws/install/tuos_interfaces/share/tuos_interfaces/cmake/ament_cmake_export_include_directories-extras.cmake
[4.478s] -- Installing: /home/vivaan/Documents/star_project_submissions/Week_0/ros2_ws/install/tuos_interfaces/share/tuos_interfaces/cmake/ament_cmake_export_libraries-extras.cmake
[4.478s] -- Installing: /home/vivaan/Documents/star_project_submissions/Week_0/ros2_ws/install/tuos_interfaces/share/tuos_interfaces/cmake/ament_cmake_export_targets-extras.cmake
[4.478s] -- Installing: /home/vivaan/Documents/star_project_submissions/Week_0/ros2_ws/install/tuos_interfaces/share/tuos_interfaces/cmake/rosidl_cmake_export_typesupport_targets-extras.cmake
[4.478s] -- Installing: /home/vivaan/Documents/star_project_submissions/Week_0/ros2_ws/install/tuos_interfaces/share/tuos_interfaces/cmake/rosidl_cmake_export_typesupport_libraries-extras.cmake
[4.478s] -- Installing: /home/vivaan/Documents/star_project_submissions/Week_0/ros2_ws/install/tuos_interfaces/share/tuos_interfaces/cmake/tuos_interfacesConfig.cmake
[4.478s] -- Installing: /home/vivaan/Documents/star_project_submissions/Week_0/ros2_ws/install/tuos_interfaces/share/tuos_interfaces/cmake/tuos_interfacesConfig-version.cmake
[4.478s] -- Installing: /home/vivaan/Documents/star_project_submissions/Week_0/ros2_ws/install/tuos_interfaces/share/tuos_interfaces/package.xml
[4.480s] Invoked command in '/home/vivaan/Documents/star_project_submissions/Week_0/ros2_ws/build/tuos_interfaces' returned '0': CMAKE_PREFIX_PATH=/opt/ros/humble /usr/bin/cmake --install /home/vivaan/Documents/star_project_submissions/Week_0/ros2_ws/build/tuos_interfaces
