-- The C compiler identification is GNU 11.4.0
-- The CXX compiler identification is GNU 11.4.0
-- Detecting C compiler ABI info
-- Detecting C compiler ABI info - done
-- Check for working C compiler: /usr/bin/cc - skipped
-- Detecting C compile features
-- Detecting C compile features - done
-- Detecting CXX compiler ABI info
-- Detecting CXX compiler ABI info - done
-- Check for working CXX compiler: /usr/bin/c++ - skipped
-- Detecting CXX compile features
-- Detecting CXX compile features - done
-- Found ament_cmake: 1.3.14 (/opt/ros/humble/share/ament_cmake/cmake)
-- Found Python3: /usr/bin/python3 (found version "3.10.12") found components: Interpreter 
-- Configuring done
-- Generating done
-- Build files have been written to: /home/vivaan/Documents/star_project_submissions/Week_0/ros2_ws/build/tuos_ros
-- Install configuration: ""
-- Installing: /home/vivaan/Documents/star_project_submissions/Week_0/ros2_ws/install/tuos_ros/share/ament_index/resource_index/package_run_dependencies/tuos_ros
-- Installing: /home/vivaan/Documents/star_project_submissions/Week_0/ros2_ws/install/tuos_ros/share/ament_index/resource_index/parent_prefix_path/tuos_ros
-- Installing: /home/vivaan/Documents/star_project_submissions/Week_0/ros2_ws/install/tuos_ros/share/tuos_ros/environment/ament_prefix_path.sh
-- Installing: /home/vivaan/Documents/star_project_submissions/Week_0/ros2_ws/install/tuos_ros/share/tuos_ros/environment/ament_prefix_path.dsv
-- Installing: /home/vivaan/Documents/star_project_submissions/Week_0/ros2_ws/install/tuos_ros/share/tuos_ros/environment/path.sh
-- Installing: /home/vivaan/Documents/star_project_submissions/Week_0/ros2_ws/install/tuos_ros/share/tuos_ros/environment/path.dsv
-- Installing: /home/vivaan/Documents/star_project_submissions/Week_0/ros2_ws/install/tuos_ros/share/tuos_ros/local_setup.bash
-- Installing: /home/vivaan/Documents/star_project_submissions/Week_0/ros2_ws/install/tuos_ros/share/tuos_ros/local_setup.sh
-- Installing: /home/vivaan/Documents/star_project_submissions/Week_0/ros2_ws/install/tuos_ros/share/tuos_ros/local_setup.zsh
-- Installing: /home/vivaan/Documents/star_project_submissions/Week_0/ros2_ws/install/tuos_ros/share/tuos_ros/local_setup.dsv
-- Installing: /home/vivaan/Documents/star_project_submissions/Week_0/ros2_ws/install/tuos_ros/share/tuos_ros/package.dsv
-- Installing: /home/vivaan/Documents/star_project_submissions/Week_0/ros2_ws/install/tuos_ros/share/ament_index/resource_index/packages/tuos_ros
-- Installing: /home/vivaan/Documents/star_project_submissions/Week_0/ros2_ws/install/tuos_ros/share/tuos_ros/cmake/tuos_rosConfig.cmake
-- Installing: /home/vivaan/Documents/star_project_submissions/Week_0/ros2_ws/install/tuos_ros/share/tuos_ros/cmake/tuos_rosConfig-version.cmake
-- Installing: /home/vivaan/Documents/star_project_submissions/Week_0/ros2_ws/install/tuos_ros/share/tuos_ros/package.xml
