[0.025s] Invoking command in '/home/vivaan/Documents/star_project_submissions/Week_0/ros2_ws/build/part1_pubsub': CMAKE_PREFIX_PATH=${CMAKE_PREFIX_PATH}:/opt/ros/humble /usr/bin/cmake --build /home/vivaan/Documents/star_project_submissions/Week_0/ros2_ws/build/part1_pubsub -- -j12 -l12
[0.097s] Built target ament_cmake_python_copy_part1_pubsub_modules
[0.243s] running egg_info
[0.252s] writing part1_pubsub_modules.egg-info/PKG-INFO
[0.252s] writing dependency_links to part1_pubsub_modules.egg-info/dependency_links.txt
[0.252s] writing top-level names to part1_pubsub_modules.egg-info/top_level.txt
[0.278s] reading manifest file 'part1_pubsub_modules.egg-info/SOURCES.txt'
[0.279s] writing manifest file 'part1_pubsub_modules.egg-info/SOURCES.txt'
[0.302s] Built target ament_cmake_python_build_part1_pubsub_modules_egg
[0.311s] Invoked command in '/home/vivaan/Documents/star_project_submissions/Week_0/ros2_ws/build/part1_pubsub' returned '0': CMAKE_PREFIX_PATH=${CMAKE_PREFIX_PATH}:/opt/ros/humble /usr/bin/cmake --build /home/vivaan/Documents/star_project_submissions/Week_0/ros2_ws/build/part1_pubsub -- -j12 -l12
[0.312s] Invoking command in '/home/vivaan/Documents/star_project_submissions/Week_0/ros2_ws/build/part1_pubsub': CMAKE_PREFIX_PATH=${CMAKE_PREFIX_PATH}:/opt/ros/humble /usr/bin/cmake --install /home/vivaan/Documents/star_project_submissions/Week_0/ros2_ws/build/part1_pubsub
[0.320s] -- Install configuration: ""
[0.320s] -- Up-to-date: /home/vivaan/Documents/star_project_submissions/Week_0/ros2_ws/install/part1_pubsub/share/part1_pubsub/environment/pythonpath.sh
[0.321s] -- Up-to-date: /home/vivaan/Documents/star_project_submissions/Week_0/ros2_ws/install/part1_pubsub/share/part1_pubsub/environment/pythonpath.dsv
[0.321s] -- Up-to-date: /home/vivaan/Documents/star_project_submissions/Week_0/ros2_ws/install/part1_pubsub/local/lib/python3.10/dist-packages/part1_pubsub_modules-0.0.0-py3.10.egg-info
[0.321s] -- Installing: /home/vivaan/Documents/star_project_submissions/Week_0/ros2_ws/install/part1_pubsub/local/lib/python3.10/dist-packages/part1_pubsub_modules-0.0.0-py3.10.egg-info/PKG-INFO
[0.321s] -- Installing: /home/vivaan/Documents/star_project_submissions/Week_0/ros2_ws/install/part1_pubsub/local/lib/python3.10/dist-packages/part1_pubsub_modules-0.0.0-py3.10.egg-info/top_level.txt
[0.321s] -- Installing: /home/vivaan/Documents/star_project_submissions/Week_0/ros2_ws/install/part1_pubsub/local/lib/python3.10/dist-packages/part1_pubsub_modules-0.0.0-py3.10.egg-info/dependency_links.txt
[0.321s] -- Installing: /home/vivaan/Documents/star_project_submissions/Week_0/ros2_ws/install/part1_pubsub/local/lib/python3.10/dist-packages/part1_pubsub_modules-0.0.0-py3.10.egg-info/SOURCES.txt
[0.321s] -- Up-to-date: /home/vivaan/Documents/star_project_submissions/Week_0/ros2_ws/install/part1_pubsub/local/lib/python3.10/dist-packages/part1_pubsub_modules
[0.321s] -- Up-to-date: /home/vivaan/Documents/star_project_submissions/Week_0/ros2_ws/install/part1_pubsub/local/lib/python3.10/dist-packages/part1_pubsub_modules/tb3_tools.py
[0.321s] -- Up-to-date: /home/vivaan/Documents/star_project_submissions/Week_0/ros2_ws/install/part1_pubsub/local/lib/python3.10/dist-packages/part1_pubsub_modules/__init__.py
[0.344s] Listing '/home/vivaan/Documents/star_project_submissions/Week_0/ros2_ws/install/part1_pubsub/local/lib/python3.10/dist-packages/part1_pubsub_modules'...
[0.348s] -- Up-to-date: /home/vivaan/Documents/star_project_submissions/Week_0/ros2_ws/install/part1_pubsub/lib/part1_pubsub/basic_velocity_control.py
[0.348s] -- Up-to-date: /home/vivaan/Documents/star_project_submissions/Week_0/ros2_ws/install/part1_pubsub/lib/part1_pubsub/stop_me.py
[0.348s] -- Installing: /home/vivaan/Documents/star_project_submissions/Week_0/ros2_ws/install/part1_pubsub/lib/part1_pubsub/publisher.py
[0.348s] -- Up-to-date: /home/vivaan/Documents/star_project_submissions/Week_0/ros2_ws/install/part1_pubsub/lib/part1_pubsub/subscriber.py
[0.348s] -- Up-to-date: /home/vivaan/Documents/star_project_submissions/Week_0/ros2_ws/install/part1_pubsub/share/ament_index/resource_index/package_run_dependencies/part1_pubsub
[0.348s] -- Up-to-date: /home/vivaan/Documents/star_project_submissions/Week_0/ros2_ws/install/part1_pubsub/share/ament_index/resource_index/parent_prefix_path/part1_pubsub
[0.348s] -- Up-to-date: /home/vivaan/Documents/star_project_submissions/Week_0/ros2_ws/install/part1_pubsub/share/part1_pubsub/environment/ament_prefix_path.sh
[0.348s] -- Up-to-date: /home/vivaan/Documents/star_project_submissions/Week_0/ros2_ws/install/part1_pubsub/share/part1_pubsub/environment/ament_prefix_path.dsv
[0.348s] -- Up-to-date: /home/vivaan/Documents/star_project_submissions/Week_0/ros2_ws/install/part1_pubsub/share/part1_pubsub/environment/path.sh
[0.348s] -- Up-to-date: /home/vivaan/Documents/star_project_submissions/Week_0/ros2_ws/install/part1_pubsub/share/part1_pubsub/environment/path.dsv
[0.348s] -- Up-to-date: /home/vivaan/Documents/star_project_submissions/Week_0/ros2_ws/install/part1_pubsub/share/part1_pubsub/local_setup.bash
[0.348s] -- Up-to-date: /home/vivaan/Documents/star_project_submissions/Week_0/ros2_ws/install/part1_pubsub/share/part1_pubsub/local_setup.sh
[0.348s] -- Up-to-date: /home/vivaan/Documents/star_project_submissions/Week_0/ros2_ws/install/part1_pubsub/share/part1_pubsub/local_setup.zsh
[0.348s] -- Up-to-date: /home/vivaan/Documents/star_project_submissions/Week_0/ros2_ws/install/part1_pubsub/share/part1_pubsub/local_setup.dsv
[0.348s] -- Up-to-date: /home/vivaan/Documents/star_project_submissions/Week_0/ros2_ws/install/part1_pubsub/share/part1_pubsub/package.dsv
[0.349s] -- Up-to-date: /home/vivaan/Documents/star_project_submissions/Week_0/ros2_ws/install/part1_pubsub/share/ament_index/resource_index/packages/part1_pubsub
[0.349s] -- Up-to-date: /home/vivaan/Documents/star_project_submissions/Week_0/ros2_ws/install/part1_pubsub/share/part1_pubsub/cmake/part1_pubsubConfig.cmake
[0.349s] -- Up-to-date: /home/vivaan/Documents/star_project_submissions/Week_0/ros2_ws/install/part1_pubsub/share/part1_pubsub/cmake/part1_pubsubConfig-version.cmake
[0.349s] -- Up-to-date: /home/vivaan/Documents/star_project_submissions/Week_0/ros2_ws/install/part1_pubsub/share/part1_pubsub/package.xml
[0.350s] Invoked command in '/home/vivaan/Documents/star_project_submissions/Week_0/ros2_ws/build/part1_pubsub' returned '0': CMAKE_PREFIX_PATH=${CMAKE_PREFIX_PATH}:/opt/ros/humble /usr/bin/cmake --install /home/vivaan/Documents/star_project_submissions/Week_0/ros2_ws/build/part1_pubsub
