[0.026s] Invoking command in '/home/vivaan/Documents/star_project_submissions/Week_0/ros2_ws/build/part2_navigation': CMAKE_PREFIX_PATH=/opt/ros/humble /usr/bin/cmake --build /home/vivaan/Documents/star_project_submissions/Week_0/ros2_ws/build/part2_navigation -- -j12 -l12
[0.071s] -- Found ament_cmake: 1.3.14 (/opt/ros/humble/share/ament_cmake/cmake)
[0.282s] -- Found rclcpp: 16.0.19 (/opt/ros/humble/share/rclcpp/cmake)
[0.325s] -- Found rosidl_generator_c: 3.1.8 (/opt/ros/humble/share/rosidl_generator_c/cmake)
[0.329s] -- Found rosidl_adapter: 3.1.8 (/opt/ros/humble/share/rosidl_adapter/cmake)
[0.337s] -- Found rosidl_generator_cpp: 3.1.8 (/opt/ros/humble/share/rosidl_generator_cpp/cmake)
[0.348s] -- Using all available rosidl_typesupport_c: rosidl_typesupport_fastrtps_c;rosidl_typesupport_introspection_c
[0.369s] -- Using all available rosidl_typesupport_cpp: rosidl_typesupport_fastrtps_cpp;rosidl_typesupport_introspection_cpp
[0.410s] -- Found rmw_implementation_cmake: 6.1.2 (/opt/ros/humble/share/rmw_implementation_cmake/cmake)
[0.412s] -- Found rmw_fastrtps_cpp: 6.2.10 (/opt/ros/humble/share/rmw_fastrtps_cpp/cmake)
[0.512s] -- Using RMW implementation 'rmw_fastrtps_cpp' as default
[0.560s] -- Found rclpy: 3.3.21 (/opt/ros/humble/share/rclpy/cmake)
[0.611s] -- Configuring done
[0.615s] -- Generating done
[0.617s] -- Build files have been written to: /home/vivaan/Documents/star_project_submissions/Week_0/ros2_ws/build/part2_navigation
[0.638s] Invoked command in '/home/vivaan/Documents/star_project_submissions/Week_0/ros2_ws/build/part2_navigation' returned '0': CMAKE_PREFIX_PATH=/opt/ros/humble /usr/bin/cmake --build /home/vivaan/Documents/star_project_submissions/Week_0/ros2_ws/build/part2_navigation -- -j12 -l12
[0.639s] Invoking command in '/home/vivaan/Documents/star_project_submissions/Week_0/ros2_ws/build/part2_navigation': CMAKE_PREFIX_PATH=/opt/ros/humble /usr/bin/cmake --install /home/vivaan/Documents/star_project_submissions/Week_0/ros2_ws/build/part2_navigation
[0.645s] -- Install configuration: ""
[0.645s] -- Up-to-date: /home/vivaan/Documents/star_project_submissions/Week_0/ros2_ws/install/part2_navigation/lib/part2_navigation/basic_velocity_control.py
[0.645s] -- Up-to-date: /home/vivaan/Documents/star_project_submissions/Week_0/ros2_ws/install/part2_navigation/lib/part2_navigation/stop_me.py
[0.645s] -- Up-to-date: /home/vivaan/Documents/star_project_submissions/Week_0/ros2_ws/install/part2_navigation/lib/part2_navigation/odom_subscriber.py
[0.645s] -- Installing: /home/vivaan/Documents/star_project_submissions/Week_0/ros2_ws/install/part2_navigation/lib/part2_navigation/move_circle.py
[0.645s] -- Installing: /home/vivaan/Documents/star_project_submissions/Week_0/ros2_ws/install/part2_navigation/lib/part2_navigation/move_square.py
[0.645s] -- Up-to-date: /home/vivaan/Documents/star_project_submissions/Week_0/ros2_ws/install/part2_navigation/lib/part2_navigation/basic_velocity_control.py
[0.645s] -- Up-to-date: /home/vivaan/Documents/star_project_submissions/Week_0/ros2_ws/install/part2_navigation/lib/part2_navigation/stop_me.py
[0.645s] -- Up-to-date: /home/vivaan/Documents/star_project_submissions/Week_0/ros2_ws/install/part2_navigation/share/ament_index/resource_index/package_run_dependencies/part2_navigation
[0.645s] -- Up-to-date: /home/vivaan/Documents/star_project_submissions/Week_0/ros2_ws/install/part2_navigation/share/ament_index/resource_index/parent_prefix_path/part2_navigation
[0.645s] -- Up-to-date: /home/vivaan/Documents/star_project_submissions/Week_0/ros2_ws/install/part2_navigation/share/part2_navigation/environment/ament_prefix_path.sh
[0.645s] -- Installing: /home/vivaan/Documents/star_project_submissions/Week_0/ros2_ws/install/part2_navigation/share/part2_navigation/environment/ament_prefix_path.dsv
[0.645s] -- Up-to-date: /home/vivaan/Documents/star_project_submissions/Week_0/ros2_ws/install/part2_navigation/share/part2_navigation/environment/path.sh
[0.645s] -- Installing: /home/vivaan/Documents/star_project_submissions/Week_0/ros2_ws/install/part2_navigation/share/part2_navigation/environment/path.dsv
[0.645s] -- Up-to-date: /home/vivaan/Documents/star_project_submissions/Week_0/ros2_ws/install/part2_navigation/share/part2_navigation/local_setup.bash
[0.646s] -- Up-to-date: /home/vivaan/Documents/star_project_submissions/Week_0/ros2_ws/install/part2_navigation/share/part2_navigation/local_setup.sh
[0.646s] -- Up-to-date: /home/vivaan/Documents/star_project_submissions/Week_0/ros2_ws/install/part2_navigation/share/part2_navigation/local_setup.zsh
[0.646s] -- Installing: /home/vivaan/Documents/star_project_submissions/Week_0/ros2_ws/install/part2_navigation/share/part2_navigation/local_setup.dsv
[0.646s] -- Installing: /home/vivaan/Documents/star_project_submissions/Week_0/ros2_ws/install/part2_navigation/share/part2_navigation/package.dsv
[0.646s] -- Up-to-date: /home/vivaan/Documents/star_project_submissions/Week_0/ros2_ws/install/part2_navigation/share/ament_index/resource_index/packages/part2_navigation
[0.646s] -- Up-to-date: /home/vivaan/Documents/star_project_submissions/Week_0/ros2_ws/install/part2_navigation/share/part2_navigation/cmake/part2_navigationConfig.cmake
[0.646s] -- Up-to-date: /home/vivaan/Documents/star_project_submissions/Week_0/ros2_ws/install/part2_navigation/share/part2_navigation/cmake/part2_navigationConfig-version.cmake
[0.646s] -- Up-to-date: /home/vivaan/Documents/star_project_submissions/Week_0/ros2_ws/install/part2_navigation/share/part2_navigation/package.xml
[0.647s] Invoked command in '/home/vivaan/Documents/star_project_submissions/Week_0/ros2_ws/build/part2_navigation' returned '0': CMAKE_PREFIX_PATH=/opt/ros/humble /usr/bin/cmake --install /home/vivaan/Documents/star_project_submissions/Week_0/ros2_ws/build/part2_navigation
